<!doctype html public "-//w3c//dtd html 4.0 transitional//en">
<html><head>
<title>Static Call Graph - [..\Output\project.axf]</title></head>
<body><HR>
<H1>Static Call Graph for image ..\Output\project.axf</H1><HR>
<BR><P>#&#060CALLGRAPH&#062# ARM Linker, 5050169: Last Updated: Fri Oct 16 09:50:08 2020
<BR><P>
<H3>Maximum Stack Usage =        640 bytes + Unknown(Cycles, Untraceable Function Pointers)</H3><H3>
Call chain for Maximum Stack Depth:</H3>
main &rArr; flow_read &rArr; FlowRec &rArr; comMemCpy
<P>
<H3>
Mutually Recursive functions
</H3> <LI><a href="#[1c]">ADC1_IRQHandler</a>&nbsp;&nbsp;&nbsp;&rArr;&nbsp;&nbsp;&nbsp;<a href="#[1c]">ADC1_IRQHandler</a><BR>
</UL>
<P>
<H3>
Function Pointers
</H3><UL>
 <LI><a href="#[1c]">ADC1_IRQHandler</a> from startup_stm32l1xx_mdp.o(.text) referenced from startup_stm32l1xx_mdp.o(RESET)
 <LI><a href="#[3e]">AES_IRQHandler</a> from startup_stm32l1xx_mdp.o(.text) referenced from startup_stm32l1xx_mdp.o(RESET)
 <LI><a href="#[4]">BusFault_Handler</a> from stm32l1xx_it.o(.text) referenced from startup_stm32l1xx_mdp.o(RESET)
 <LI><a href="#[3f]">COMP_ACQ_IRQHandler</a> from startup_stm32l1xx_mdp.o(.text) referenced from startup_stm32l1xx_mdp.o(RESET)
 <LI><a href="#[20]">COMP_IRQHandler</a> from startup_stm32l1xx_mdp.o(.text) referenced from startup_stm32l1xx_mdp.o(RESET)
 <LI><a href="#[1f]">DAC_IRQHandler</a> from startup_stm32l1xx_mdp.o(.text) referenced from startup_stm32l1xx_mdp.o(RESET)
 <LI><a href="#[15]">DMA1_Channel1_IRQHandler</a> from startup_stm32l1xx_mdp.o(.text) referenced from startup_stm32l1xx_mdp.o(RESET)
 <LI><a href="#[16]">DMA1_Channel2_IRQHandler</a> from startup_stm32l1xx_mdp.o(.text) referenced from startup_stm32l1xx_mdp.o(RESET)
 <LI><a href="#[17]">DMA1_Channel3_IRQHandler</a> from startup_stm32l1xx_mdp.o(.text) referenced from startup_stm32l1xx_mdp.o(RESET)
 <LI><a href="#[18]">DMA1_Channel4_IRQHandler</a> from startup_stm32l1xx_mdp.o(.text) referenced from startup_stm32l1xx_mdp.o(RESET)
 <LI><a href="#[19]">DMA1_Channel5_IRQHandler</a> from startup_stm32l1xx_mdp.o(.text) referenced from startup_stm32l1xx_mdp.o(RESET)
 <LI><a href="#[1a]">DMA1_Channel6_IRQHandler</a> from startup_stm32l1xx_mdp.o(.text) referenced from startup_stm32l1xx_mdp.o(RESET)
 <LI><a href="#[1b]">DMA1_Channel7_IRQHandler</a> from startup_stm32l1xx_mdp.o(.text) referenced from startup_stm32l1xx_mdp.o(RESET)
 <LI><a href="#[39]">DMA2_Channel1_IRQHandler</a> from startup_stm32l1xx_mdp.o(.text) referenced from startup_stm32l1xx_mdp.o(RESET)
 <LI><a href="#[3a]">DMA2_Channel2_IRQHandler</a> from startup_stm32l1xx_mdp.o(.text) referenced from startup_stm32l1xx_mdp.o(RESET)
 <LI><a href="#[3b]">DMA2_Channel3_IRQHandler</a> from startup_stm32l1xx_mdp.o(.text) referenced from startup_stm32l1xx_mdp.o(RESET)
 <LI><a href="#[3c]">DMA2_Channel4_IRQHandler</a> from startup_stm32l1xx_mdp.o(.text) referenced from startup_stm32l1xx_mdp.o(RESET)
 <LI><a href="#[3d]">DMA2_Channel5_IRQHandler</a> from startup_stm32l1xx_mdp.o(.text) referenced from startup_stm32l1xx_mdp.o(RESET)
 <LI><a href="#[7]">DebugMon_Handler</a> from stm32l1xx_it.o(.text) referenced from startup_stm32l1xx_mdp.o(RESET)
 <LI><a href="#[10]">EXTI0_IRQHandler</a> from main.o(.text) referenced from startup_stm32l1xx_mdp.o(RESET)
 <LI><a href="#[32]">EXTI15_10_IRQHandler</a> from main.o(.text) referenced from startup_stm32l1xx_mdp.o(RESET)
 <LI><a href="#[11]">EXTI1_IRQHandler</a> from startup_stm32l1xx_mdp.o(.text) referenced from startup_stm32l1xx_mdp.o(RESET)
 <LI><a href="#[12]">EXTI2_IRQHandler</a> from startup_stm32l1xx_mdp.o(.text) referenced from startup_stm32l1xx_mdp.o(RESET)
 <LI><a href="#[13]">EXTI3_IRQHandler</a> from startup_stm32l1xx_mdp.o(.text) referenced from startup_stm32l1xx_mdp.o(RESET)
 <LI><a href="#[14]">EXTI4_IRQHandler</a> from startup_stm32l1xx_mdp.o(.text) referenced from startup_stm32l1xx_mdp.o(RESET)
 <LI><a href="#[21]">EXTI9_5_IRQHandler</a> from main.o(.text) referenced from startup_stm32l1xx_mdp.o(RESET)
 <LI><a href="#[e]">FLASH_IRQHandler</a> from startup_stm32l1xx_mdp.o(.text) referenced from startup_stm32l1xx_mdp.o(RESET)
 <LI><a href="#[2]">HardFault_Handler</a> from stm32l1xx_it.o(.text) referenced from startup_stm32l1xx_mdp.o(RESET)
 <LI><a href="#[2a]">I2C1_ER_IRQHandler</a> from startup_stm32l1xx_mdp.o(.text) referenced from startup_stm32l1xx_mdp.o(RESET)
 <LI><a href="#[29]">I2C1_EV_IRQHandler</a> from startup_stm32l1xx_mdp.o(.text) referenced from startup_stm32l1xx_mdp.o(RESET)
 <LI><a href="#[2c]">I2C2_ER_IRQHandler</a> from startup_stm32l1xx_mdp.o(.text) referenced from startup_stm32l1xx_mdp.o(RESET)
 <LI><a href="#[2b]">I2C2_EV_IRQHandler</a> from startup_stm32l1xx_mdp.o(.text) referenced from startup_stm32l1xx_mdp.o(RESET)
 <LI><a href="#[22]">LCD_IRQHandler</a> from startup_stm32l1xx_mdp.o(.text) referenced from startup_stm32l1xx_mdp.o(RESET)
 <LI><a href="#[3]">MemManage_Handler</a> from stm32l1xx_it.o(.text) referenced from startup_stm32l1xx_mdp.o(RESET)
 <LI><a href="#[1]">NMI_Handler</a> from stm32l1xx_it.o(.text) referenced from startup_stm32l1xx_mdp.o(RESET)
 <LI><a href="#[b]">PVD_IRQHandler</a> from startup_stm32l1xx_mdp.o(.text) referenced from startup_stm32l1xx_mdp.o(RESET)
 <LI><a href="#[8]">PendSV_Handler</a> from stm32l1xx_it.o(.text) referenced from startup_stm32l1xx_mdp.o(RESET)
 <LI><a href="#[f]">RCC_IRQHandler</a> from startup_stm32l1xx_mdp.o(.text) referenced from startup_stm32l1xx_mdp.o(RESET)
 <LI><a href="#[33]">RTC_Alarm_IRQHandler</a> from rtc.o(.text) referenced from startup_stm32l1xx_mdp.o(RESET)
 <LI><a href="#[d]">RTC_WKUP_IRQHandler</a> from rtc.o(.text) referenced from startup_stm32l1xx_mdp.o(RESET)
 <LI><a href="#[0]">Reset_Handler</a> from startup_stm32l1xx_mdp.o(.text) referenced from startup_stm32l1xx_mdp.o(RESET)
 <LI><a href="#[2d]">SPI1_IRQHandler</a> from startup_stm32l1xx_mdp.o(.text) referenced from startup_stm32l1xx_mdp.o(RESET)
 <LI><a href="#[2e]">SPI2_IRQHandler</a> from startup_stm32l1xx_mdp.o(.text) referenced from startup_stm32l1xx_mdp.o(RESET)
 <LI><a href="#[38]">SPI3_IRQHandler</a> from startup_stm32l1xx_mdp.o(.text) referenced from startup_stm32l1xx_mdp.o(RESET)
 <LI><a href="#[6]">SVC_Handler</a> from stm32l1xx_it.o(.text) referenced from startup_stm32l1xx_mdp.o(RESET)
 <LI><a href="#[9]">SysTick_Handler</a> from stm32l1xx_it.o(.text) referenced from startup_stm32l1xx_mdp.o(RESET)
 <LI><a href="#[41]">SystemInit</a> from system_stm32l1xx.o(.text) referenced from startup_stm32l1xx_mdp.o(.text)
 <LI><a href="#[c]">TAMPER_STAMP_IRQHandler</a> from startup_stm32l1xx_mdp.o(.text) referenced from startup_stm32l1xx_mdp.o(RESET)
 <LI><a href="#[24]">TIM10_IRQHandler</a> from startup_stm32l1xx_mdp.o(.text) referenced from startup_stm32l1xx_mdp.o(RESET)
 <LI><a href="#[25]">TIM11_IRQHandler</a> from startup_stm32l1xx_mdp.o(.text) referenced from startup_stm32l1xx_mdp.o(RESET)
 <LI><a href="#[26]">TIM2_IRQHandler</a> from tim.o(.text) referenced from startup_stm32l1xx_mdp.o(RESET)
 <LI><a href="#[27]">TIM3_IRQHandler</a> from startup_stm32l1xx_mdp.o(.text) referenced from startup_stm32l1xx_mdp.o(RESET)
 <LI><a href="#[28]">TIM4_IRQHandler</a> from startup_stm32l1xx_mdp.o(.text) referenced from startup_stm32l1xx_mdp.o(RESET)
 <LI><a href="#[37]">TIM5_IRQHandler</a> from startup_stm32l1xx_mdp.o(.text) referenced from startup_stm32l1xx_mdp.o(RESET)
 <LI><a href="#[35]">TIM6_IRQHandler</a> from startup_stm32l1xx_mdp.o(.text) referenced from startup_stm32l1xx_mdp.o(RESET)
 <LI><a href="#[36]">TIM7_IRQHandler</a> from startup_stm32l1xx_mdp.o(.text) referenced from startup_stm32l1xx_mdp.o(RESET)
 <LI><a href="#[23]">TIM9_IRQHandler</a> from startup_stm32l1xx_mdp.o(.text) referenced from startup_stm32l1xx_mdp.o(RESET)
 <LI><a href="#[2f]">USART1_IRQHandler</a> from bsp_uart_fifo.o(.text) referenced from startup_stm32l1xx_mdp.o(RESET)
 <LI><a href="#[30]">USART2_IRQHandler</a> from bsp_uart_fifo.o(.text) referenced from startup_stm32l1xx_mdp.o(RESET)
 <LI><a href="#[31]">USART3_IRQHandler</a> from bsp_uart_fifo.o(.text) referenced from startup_stm32l1xx_mdp.o(RESET)
 <LI><a href="#[34]">USB_FS_WKUP_IRQHandler</a> from startup_stm32l1xx_mdp.o(.text) referenced from startup_stm32l1xx_mdp.o(RESET)
 <LI><a href="#[1d]">USB_HP_IRQHandler</a> from startup_stm32l1xx_mdp.o(.text) referenced from startup_stm32l1xx_mdp.o(RESET)
 <LI><a href="#[1e]">USB_LP_IRQHandler</a> from startup_stm32l1xx_mdp.o(.text) referenced from startup_stm32l1xx_mdp.o(RESET)
 <LI><a href="#[5]">UsageFault_Handler</a> from stm32l1xx_it.o(.text) referenced from startup_stm32l1xx_mdp.o(RESET)
 <LI><a href="#[a]">WWDG_IRQHandler</a> from startup_stm32l1xx_mdp.o(.text) referenced from startup_stm32l1xx_mdp.o(RESET)
 <LI><a href="#[42]">__main</a> from entry.o(.ARM.Collect$$$$00000000) referenced from startup_stm32l1xx_mdp.o(.text)
 <LI><a href="#[44]">_sputc</a> from printf5.o(i._sputc) referenced from printf5.o(i.__0sprintf$5)
 <LI><a href="#[43]">fputc</a> from bsp_uart_fifo.o(.text) referenced from printf5.o(i.__0printf$5)
 <LI><a href="#[40]">main</a> from main.o(.text) referenced from entry9a.o(.ARM.Collect$$$$0000000B)
</UL>
<P>
<H3>
Global Symbols
</H3>
<P><STRONG><a name="[42]"></a>__main</STRONG> (Thumb, 0 bytes, Stack size unknown bytes, entry.o(.ARM.Collect$$$$00000000))
<BR>[Address Reference Count : 1]<UL><LI> startup_stm32l1xx_mdp.o(.text)
</UL>
<P><STRONG><a name="[14c]"></a>_main_stk</STRONG> (Thumb, 0 bytes, Stack size unknown bytes, entry2.o(.ARM.Collect$$$$00000001))

<P><STRONG><a name="[45]"></a>_main_scatterload</STRONG> (Thumb, 0 bytes, Stack size unknown bytes, entry5.o(.ARM.Collect$$$$00000004))
<BR><BR>[Calls]<UL><LI><a href="#[46]">&gt;&gt;</a>&nbsp;&nbsp;&nbsp;__scatterload
</UL>

<P><STRONG><a name="[148]"></a>__main_after_scatterload</STRONG> (Thumb, 0 bytes, Stack size unknown bytes, entry5.o(.ARM.Collect$$$$00000004))
<BR><BR>[Called By]<UL><LI><a href="#[46]">&gt;&gt;</a>&nbsp;&nbsp;&nbsp;__scatterload
</UL>

<P><STRONG><a name="[14d]"></a>_main_clock</STRONG> (Thumb, 0 bytes, Stack size unknown bytes, entry7b.o(.ARM.Collect$$$$00000008))

<P><STRONG><a name="[14e]"></a>_main_cpp_init</STRONG> (Thumb, 0 bytes, Stack size unknown bytes, entry8b.o(.ARM.Collect$$$$0000000A))

<P><STRONG><a name="[14f]"></a>_main_init</STRONG> (Thumb, 0 bytes, Stack size unknown bytes, entry9a.o(.ARM.Collect$$$$0000000B))

<P><STRONG><a name="[150]"></a>__rt_final_cpp</STRONG> (Thumb, 0 bytes, Stack size unknown bytes, entry10a.o(.ARM.Collect$$$$0000000D))

<P><STRONG><a name="[151]"></a>__rt_final_exit</STRONG> (Thumb, 0 bytes, Stack size unknown bytes, entry11a.o(.ARM.Collect$$$$0000000F))

<P><STRONG><a name="[10]"></a>EXTI0_IRQHandler</STRONG> (Thumb, 30 bytes, Stack size 8 bytes, main.o(.text))
<BR><BR>[Stack]<UL><LI>Max Depth = 32<LI>Call Chain = EXTI0_IRQHandler &rArr; __2printf
</UL>
<BR>[Calls]<UL><LI><a href="#[47]">&gt;&gt;</a>&nbsp;&nbsp;&nbsp;EXTI_GetITStatus
<LI><a href="#[49]">&gt;&gt;</a>&nbsp;&nbsp;&nbsp;EXTI_ClearITPendingBit
<LI><a href="#[48]">&gt;&gt;</a>&nbsp;&nbsp;&nbsp;EXTI_ClearFlag
<LI><a href="#[4a]">&gt;&gt;</a>&nbsp;&nbsp;&nbsp;__2printf
</UL>
<BR>[Address Reference Count : 1]<UL><LI> startup_stm32l1xx_mdp.o(RESET)
</UL>
<P><STRONG><a name="[32]"></a>EXTI15_10_IRQHandler</STRONG> (Thumb, 72 bytes, Stack size 8 bytes, main.o(.text))
<BR><BR>[Stack]<UL><LI>Max Depth = 8<LI>Call Chain = EXTI15_10_IRQHandler
</UL>
<BR>[Calls]<UL><LI><a href="#[4b]">&gt;&gt;</a>&nbsp;&nbsp;&nbsp;GPIO_ReadInputDataBit
<LI><a href="#[47]">&gt;&gt;</a>&nbsp;&nbsp;&nbsp;EXTI_GetITStatus
<LI><a href="#[49]">&gt;&gt;</a>&nbsp;&nbsp;&nbsp;EXTI_ClearITPendingBit
<LI><a href="#[48]">&gt;&gt;</a>&nbsp;&nbsp;&nbsp;EXTI_ClearFlag
</UL>
<BR>[Address Reference Count : 1]<UL><LI> startup_stm32l1xx_mdp.o(RESET)
</UL>
<P><STRONG><a name="[21]"></a>EXTI9_5_IRQHandler</STRONG> (Thumb, 90 bytes, Stack size 8 bytes, main.o(.text))
<BR><BR>[Stack]<UL><LI>Max Depth = 8<LI>Call Chain = EXTI9_5_IRQHandler
</UL>
<BR>[Calls]<UL><LI><a href="#[4b]">&gt;&gt;</a>&nbsp;&nbsp;&nbsp;GPIO_ReadInputDataBit
<LI><a href="#[47]">&gt;&gt;</a>&nbsp;&nbsp;&nbsp;EXTI_GetITStatus
<LI><a href="#[49]">&gt;&gt;</a>&nbsp;&nbsp;&nbsp;EXTI_ClearITPendingBit
<LI><a href="#[48]">&gt;&gt;</a>&nbsp;&nbsp;&nbsp;EXTI_ClearFlag
</UL>
<BR>[Address Reference Count : 1]<UL><LI> startup_stm32l1xx_mdp.o(RESET)
</UL>
<P><STRONG><a name="[4d]"></a>SleepTime</STRONG> (Thumb, 94 bytes, Stack size 16 bytes, main.o(.text))
<BR><BR>[Stack]<UL><LI>Max Depth = 16<LI>Call Chain = SleepTime
</UL>
<BR>[Calls]<UL><LI><a href="#[4e]">&gt;&gt;</a>&nbsp;&nbsp;&nbsp;srand
<LI><a href="#[4f]">&gt;&gt;</a>&nbsp;&nbsp;&nbsp;rand
</UL>
<BR>[Called By]<UL><LI><a href="#[40]">&gt;&gt;</a>&nbsp;&nbsp;&nbsp;main
</UL>

<P><STRONG><a name="[40]"></a>main</STRONG> (Thumb, 720 bytes, Stack size 0 bytes, main.o(.text))
<BR><BR>[Stack]<UL><LI>Max Depth = 640<LI>Call Chain = main &rArr; flow_read &rArr; FlowRec &rArr; comMemCpy
</UL>
<BR>[Calls]<UL><LI><a href="#[5a]">&gt;&gt;</a>&nbsp;&nbsp;&nbsp;mbus_shutdown
<LI><a href="#[59]">&gt;&gt;</a>&nbsp;&nbsp;&nbsp;flow_read
<LI><a href="#[53]">&gt;&gt;</a>&nbsp;&nbsp;&nbsp;bsp_Init
<LI><a href="#[57]">&gt;&gt;</a>&nbsp;&nbsp;&nbsp;To_Enter_Stop
<LI><a href="#[51]">&gt;&gt;</a>&nbsp;&nbsp;&nbsp;SystemCoreClockUpdate
<LI><a href="#[50]">&gt;&gt;</a>&nbsp;&nbsp;&nbsp;RCC_MSIRangeConfig
<LI><a href="#[5b]">&gt;&gt;</a>&nbsp;&nbsp;&nbsp;ProcNbComRec
<LI><a href="#[58]">&gt;&gt;</a>&nbsp;&nbsp;&nbsp;ProcBlueData
<LI><a href="#[5d]">&gt;&gt;</a>&nbsp;&nbsp;&nbsp;NB_DataUpload
<LI><a href="#[5c]">&gt;&gt;</a>&nbsp;&nbsp;&nbsp;NB_Connect
<LI><a href="#[56]">&gt;&gt;</a>&nbsp;&nbsp;&nbsp;NB_Close
<LI><a href="#[54]">&gt;&gt;</a>&nbsp;&nbsp;&nbsp;InitUserConfig
<LI><a href="#[55]">&gt;&gt;</a>&nbsp;&nbsp;&nbsp;GPIO_WriteBit
<LI><a href="#[4b]">&gt;&gt;</a>&nbsp;&nbsp;&nbsp;GPIO_ReadInputDataBit
<LI><a href="#[52]">&gt;&gt;</a>&nbsp;&nbsp;&nbsp;Delay_ms
<LI><a href="#[4d]">&gt;&gt;</a>&nbsp;&nbsp;&nbsp;SleepTime
<LI><a href="#[4c]">&gt;&gt;</a>&nbsp;&nbsp;&nbsp;CheckBlueSta
<LI><a href="#[4a]">&gt;&gt;</a>&nbsp;&nbsp;&nbsp;__2printf
</UL>
<BR>[Address Reference Count : 1]<UL><LI> entry9a.o(.ARM.Collect$$$$0000000B)
</UL>
<P><STRONG><a name="[1]"></a>NMI_Handler</STRONG> (Thumb, 2 bytes, Stack size 0 bytes, stm32l1xx_it.o(.text))
<BR>[Address Reference Count : 1]<UL><LI> startup_stm32l1xx_mdp.o(RESET)
</UL>
<P><STRONG><a name="[2]"></a>HardFault_Handler</STRONG> (Thumb, 4 bytes, Stack size 0 bytes, stm32l1xx_it.o(.text))
<BR>[Address Reference Count : 1]<UL><LI> startup_stm32l1xx_mdp.o(RESET)
</UL>
<P><STRONG><a name="[3]"></a>MemManage_Handler</STRONG> (Thumb, 4 bytes, Stack size 0 bytes, stm32l1xx_it.o(.text))
<BR>[Address Reference Count : 1]<UL><LI> startup_stm32l1xx_mdp.o(RESET)
</UL>
<P><STRONG><a name="[4]"></a>BusFault_Handler</STRONG> (Thumb, 4 bytes, Stack size 0 bytes, stm32l1xx_it.o(.text))
<BR>[Address Reference Count : 1]<UL><LI> startup_stm32l1xx_mdp.o(RESET)
</UL>
<P><STRONG><a name="[5]"></a>UsageFault_Handler</STRONG> (Thumb, 4 bytes, Stack size 0 bytes, stm32l1xx_it.o(.text))
<BR>[Address Reference Count : 1]<UL><LI> startup_stm32l1xx_mdp.o(RESET)
</UL>
<P><STRONG><a name="[6]"></a>SVC_Handler</STRONG> (Thumb, 2 bytes, Stack size 0 bytes, stm32l1xx_it.o(.text))
<BR>[Address Reference Count : 1]<UL><LI> startup_stm32l1xx_mdp.o(RESET)
</UL>
<P><STRONG><a name="[7]"></a>DebugMon_Handler</STRONG> (Thumb, 2 bytes, Stack size 0 bytes, stm32l1xx_it.o(.text))
<BR>[Address Reference Count : 1]<UL><LI> startup_stm32l1xx_mdp.o(RESET)
</UL>
<P><STRONG><a name="[8]"></a>PendSV_Handler</STRONG> (Thumb, 2 bytes, Stack size 0 bytes, stm32l1xx_it.o(.text))
<BR>[Address Reference Count : 1]<UL><LI> startup_stm32l1xx_mdp.o(RESET)
</UL>
<P><STRONG><a name="[9]"></a>SysTick_Handler</STRONG> (Thumb, 2 bytes, Stack size 0 bytes, stm32l1xx_it.o(.text))
<BR>[Address Reference Count : 1]<UL><LI> startup_stm32l1xx_mdp.o(RESET)
</UL>
<P><STRONG><a name="[0]"></a>Reset_Handler</STRONG> (Thumb, 8 bytes, Stack size 0 bytes, startup_stm32l1xx_mdp.o(.text))
<BR>[Address Reference Count : 1]<UL><LI> startup_stm32l1xx_mdp.o(RESET)
</UL>
<P><STRONG><a name="[1c]"></a>ADC1_IRQHandler</STRONG> (Thumb, 0 bytes, Stack size 0 bytes, startup_stm32l1xx_mdp.o(.text))
<BR><BR>[Calls]<UL><LI><a href="#[1c]">&gt;&gt;</a>&nbsp;&nbsp;&nbsp;ADC1_IRQHandler
</UL>
<BR>[Called By]<UL><LI><a href="#[1c]">&gt;&gt;</a>&nbsp;&nbsp;&nbsp;ADC1_IRQHandler
</UL>
<BR>[Address Reference Count : 1]<UL><LI> startup_stm32l1xx_mdp.o(RESET)
</UL>
<P><STRONG><a name="[3e]"></a>AES_IRQHandler</STRONG> (Thumb, 0 bytes, Stack size 0 bytes, startup_stm32l1xx_mdp.o(.text))
<BR>[Address Reference Count : 1]<UL><LI> startup_stm32l1xx_mdp.o(RESET)
</UL>
<P><STRONG><a name="[3f]"></a>COMP_ACQ_IRQHandler</STRONG> (Thumb, 0 bytes, Stack size 0 bytes, startup_stm32l1xx_mdp.o(.text))
<BR>[Address Reference Count : 1]<UL><LI> startup_stm32l1xx_mdp.o(RESET)
</UL>
<P><STRONG><a name="[20]"></a>COMP_IRQHandler</STRONG> (Thumb, 0 bytes, Stack size 0 bytes, startup_stm32l1xx_mdp.o(.text))
<BR>[Address Reference Count : 1]<UL><LI> startup_stm32l1xx_mdp.o(RESET)
</UL>
<P><STRONG><a name="[1f]"></a>DAC_IRQHandler</STRONG> (Thumb, 0 bytes, Stack size 0 bytes, startup_stm32l1xx_mdp.o(.text))
<BR>[Address Reference Count : 1]<UL><LI> startup_stm32l1xx_mdp.o(RESET)
</UL>
<P><STRONG><a name="[15]"></a>DMA1_Channel1_IRQHandler</STRONG> (Thumb, 0 bytes, Stack size 0 bytes, startup_stm32l1xx_mdp.o(.text))
<BR>[Address Reference Count : 1]<UL><LI> startup_stm32l1xx_mdp.o(RESET)
</UL>
<P><STRONG><a name="[16]"></a>DMA1_Channel2_IRQHandler</STRONG> (Thumb, 0 bytes, Stack size 0 bytes, startup_stm32l1xx_mdp.o(.text))
<BR>[Address Reference Count : 1]<UL><LI> startup_stm32l1xx_mdp.o(RESET)
</UL>
<P><STRONG><a name="[17]"></a>DMA1_Channel3_IRQHandler</STRONG> (Thumb, 0 bytes, Stack size 0 bytes, startup_stm32l1xx_mdp.o(.text))
<BR>[Address Reference Count : 1]<UL><LI> startup_stm32l1xx_mdp.o(RESET)
</UL>
<P><STRONG><a name="[18]"></a>DMA1_Channel4_IRQHandler</STRONG> (Thumb, 0 bytes, Stack size 0 bytes, startup_stm32l1xx_mdp.o(.text))
<BR>[Address Reference Count : 1]<UL><LI> startup_stm32l1xx_mdp.o(RESET)
</UL>
<P><STRONG><a name="[19]"></a>DMA1_Channel5_IRQHandler</STRONG> (Thumb, 0 bytes, Stack size 0 bytes, startup_stm32l1xx_mdp.o(.text))
<BR>[Address Reference Count : 1]<UL><LI> startup_stm32l1xx_mdp.o(RESET)
</UL>
<P><STRONG><a name="[1a]"></a>DMA1_Channel6_IRQHandler</STRONG> (Thumb, 0 bytes, Stack size 0 bytes, startup_stm32l1xx_mdp.o(.text))
<BR>[Address Reference Count : 1]<UL><LI> startup_stm32l1xx_mdp.o(RESET)
</UL>
<P><STRONG><a name="[1b]"></a>DMA1_Channel7_IRQHandler</STRONG> (Thumb, 0 bytes, Stack size 0 bytes, startup_stm32l1xx_mdp.o(.text))
<BR>[Address Reference Count : 1]<UL><LI> startup_stm32l1xx_mdp.o(RESET)
</UL>
<P><STRONG><a name="[39]"></a>DMA2_Channel1_IRQHandler</STRONG> (Thumb, 0 bytes, Stack size 0 bytes, startup_stm32l1xx_mdp.o(.text))
<BR>[Address Reference Count : 1]<UL><LI> startup_stm32l1xx_mdp.o(RESET)
</UL>
<P><STRONG><a name="[3a]"></a>DMA2_Channel2_IRQHandler</STRONG> (Thumb, 0 bytes, Stack size 0 bytes, startup_stm32l1xx_mdp.o(.text))
<BR>[Address Reference Count : 1]<UL><LI> startup_stm32l1xx_mdp.o(RESET)
</UL>
<P><STRONG><a name="[3b]"></a>DMA2_Channel3_IRQHandler</STRONG> (Thumb, 0 bytes, Stack size 0 bytes, startup_stm32l1xx_mdp.o(.text))
<BR>[Address Reference Count : 1]<UL><LI> startup_stm32l1xx_mdp.o(RESET)
</UL>
<P><STRONG><a name="[3c]"></a>DMA2_Channel4_IRQHandler</STRONG> (Thumb, 0 bytes, Stack size 0 bytes, startup_stm32l1xx_mdp.o(.text))
<BR>[Address Reference Count : 1]<UL><LI> startup_stm32l1xx_mdp.o(RESET)
</UL>
<P><STRONG><a name="[3d]"></a>DMA2_Channel5_IRQHandler</STRONG> (Thumb, 0 bytes, Stack size 0 bytes, startup_stm32l1xx_mdp.o(.text))
<BR>[Address Reference Count : 1]<UL><LI> startup_stm32l1xx_mdp.o(RESET)
</UL>
<P><STRONG><a name="[11]"></a>EXTI1_IRQHandler</STRONG> (Thumb, 0 bytes, Stack size 0 bytes, startup_stm32l1xx_mdp.o(.text))
<BR>[Address Reference Count : 1]<UL><LI> startup_stm32l1xx_mdp.o(RESET)
</UL>
<P><STRONG><a name="[12]"></a>EXTI2_IRQHandler</STRONG> (Thumb, 0 bytes, Stack size 0 bytes, startup_stm32l1xx_mdp.o(.text))
<BR>[Address Reference Count : 1]<UL><LI> startup_stm32l1xx_mdp.o(RESET)
</UL>
<P><STRONG><a name="[13]"></a>EXTI3_IRQHandler</STRONG> (Thumb, 0 bytes, Stack size 0 bytes, startup_stm32l1xx_mdp.o(.text))
<BR>[Address Reference Count : 1]<UL><LI> startup_stm32l1xx_mdp.o(RESET)
</UL>
<P><STRONG><a name="[14]"></a>EXTI4_IRQHandler</STRONG> (Thumb, 0 bytes, Stack size 0 bytes, startup_stm32l1xx_mdp.o(.text))
<BR>[Address Reference Count : 1]<UL><LI> startup_stm32l1xx_mdp.o(RESET)
</UL>
<P><STRONG><a name="[e]"></a>FLASH_IRQHandler</STRONG> (Thumb, 0 bytes, Stack size 0 bytes, startup_stm32l1xx_mdp.o(.text))
<BR>[Address Reference Count : 1]<UL><LI> startup_stm32l1xx_mdp.o(RESET)
</UL>
<P><STRONG><a name="[2a]"></a>I2C1_ER_IRQHandler</STRONG> (Thumb, 0 bytes, Stack size 0 bytes, startup_stm32l1xx_mdp.o(.text))
<BR>[Address Reference Count : 1]<UL><LI> startup_stm32l1xx_mdp.o(RESET)
</UL>
<P><STRONG><a name="[29]"></a>I2C1_EV_IRQHandler</STRONG> (Thumb, 0 bytes, Stack size 0 bytes, startup_stm32l1xx_mdp.o(.text))
<BR>[Address Reference Count : 1]<UL><LI> startup_stm32l1xx_mdp.o(RESET)
</UL>
<P><STRONG><a name="[2c]"></a>I2C2_ER_IRQHandler</STRONG> (Thumb, 0 bytes, Stack size 0 bytes, startup_stm32l1xx_mdp.o(.text))
<BR>[Address Reference Count : 1]<UL><LI> startup_stm32l1xx_mdp.o(RESET)
</UL>
<P><STRONG><a name="[2b]"></a>I2C2_EV_IRQHandler</STRONG> (Thumb, 0 bytes, Stack size 0 bytes, startup_stm32l1xx_mdp.o(.text))
<BR>[Address Reference Count : 1]<UL><LI> startup_stm32l1xx_mdp.o(RESET)
</UL>
<P><STRONG><a name="[22]"></a>LCD_IRQHandler</STRONG> (Thumb, 0 bytes, Stack size 0 bytes, startup_stm32l1xx_mdp.o(.text))
<BR>[Address Reference Count : 1]<UL><LI> startup_stm32l1xx_mdp.o(RESET)
</UL>
<P><STRONG><a name="[b]"></a>PVD_IRQHandler</STRONG> (Thumb, 0 bytes, Stack size 0 bytes, startup_stm32l1xx_mdp.o(.text))
<BR>[Address Reference Count : 1]<UL><LI> startup_stm32l1xx_mdp.o(RESET)
</UL>
<P><STRONG><a name="[f]"></a>RCC_IRQHandler</STRONG> (Thumb, 0 bytes, Stack size 0 bytes, startup_stm32l1xx_mdp.o(.text))
<BR>[Address Reference Count : 1]<UL><LI> startup_stm32l1xx_mdp.o(RESET)
</UL>
<P><STRONG><a name="[2d]"></a>SPI1_IRQHandler</STRONG> (Thumb, 0 bytes, Stack size 0 bytes, startup_stm32l1xx_mdp.o(.text))
<BR>[Address Reference Count : 1]<UL><LI> startup_stm32l1xx_mdp.o(RESET)
</UL>
<P><STRONG><a name="[2e]"></a>SPI2_IRQHandler</STRONG> (Thumb, 0 bytes, Stack size 0 bytes, startup_stm32l1xx_mdp.o(.text))
<BR>[Address Reference Count : 1]<UL><LI> startup_stm32l1xx_mdp.o(RESET)
</UL>
<P><STRONG><a name="[38]"></a>SPI3_IRQHandler</STRONG> (Thumb, 0 bytes, Stack size 0 bytes, startup_stm32l1xx_mdp.o(.text))
<BR>[Address Reference Count : 1]<UL><LI> startup_stm32l1xx_mdp.o(RESET)
</UL>
<P><STRONG><a name="[c]"></a>TAMPER_STAMP_IRQHandler</STRONG> (Thumb, 0 bytes, Stack size 0 bytes, startup_stm32l1xx_mdp.o(.text))
<BR>[Address Reference Count : 1]<UL><LI> startup_stm32l1xx_mdp.o(RESET)
</UL>
<P><STRONG><a name="[24]"></a>TIM10_IRQHandler</STRONG> (Thumb, 0 bytes, Stack size 0 bytes, startup_stm32l1xx_mdp.o(.text))
<BR>[Address Reference Count : 1]<UL><LI> startup_stm32l1xx_mdp.o(RESET)
</UL>
<P><STRONG><a name="[25]"></a>TIM11_IRQHandler</STRONG> (Thumb, 0 bytes, Stack size 0 bytes, startup_stm32l1xx_mdp.o(.text))
<BR>[Address Reference Count : 1]<UL><LI> startup_stm32l1xx_mdp.o(RESET)
</UL>
<P><STRONG><a name="[27]"></a>TIM3_IRQHandler</STRONG> (Thumb, 0 bytes, Stack size 0 bytes, startup_stm32l1xx_mdp.o(.text))
<BR>[Address Reference Count : 1]<UL><LI> startup_stm32l1xx_mdp.o(RESET)
</UL>
<P><STRONG><a name="[28]"></a>TIM4_IRQHandler</STRONG> (Thumb, 0 bytes, Stack size 0 bytes, startup_stm32l1xx_mdp.o(.text))
<BR>[Address Reference Count : 1]<UL><LI> startup_stm32l1xx_mdp.o(RESET)
</UL>
<P><STRONG><a name="[37]"></a>TIM5_IRQHandler</STRONG> (Thumb, 0 bytes, Stack size 0 bytes, startup_stm32l1xx_mdp.o(.text))
<BR>[Address Reference Count : 1]<UL><LI> startup_stm32l1xx_mdp.o(RESET)
</UL>
<P><STRONG><a name="[35]"></a>TIM6_IRQHandler</STRONG> (Thumb, 0 bytes, Stack size 0 bytes, startup_stm32l1xx_mdp.o(.text))
<BR>[Address Reference Count : 1]<UL><LI> startup_stm32l1xx_mdp.o(RESET)
</UL>
<P><STRONG><a name="[36]"></a>TIM7_IRQHandler</STRONG> (Thumb, 0 bytes, Stack size 0 bytes, startup_stm32l1xx_mdp.o(.text))
<BR>[Address Reference Count : 1]<UL><LI> startup_stm32l1xx_mdp.o(RESET)
</UL>
<P><STRONG><a name="[23]"></a>TIM9_IRQHandler</STRONG> (Thumb, 0 bytes, Stack size 0 bytes, startup_stm32l1xx_mdp.o(.text))
<BR>[Address Reference Count : 1]<UL><LI> startup_stm32l1xx_mdp.o(RESET)
</UL>
<P><STRONG><a name="[34]"></a>USB_FS_WKUP_IRQHandler</STRONG> (Thumb, 0 bytes, Stack size 0 bytes, startup_stm32l1xx_mdp.o(.text))
<BR>[Address Reference Count : 1]<UL><LI> startup_stm32l1xx_mdp.o(RESET)
</UL>
<P><STRONG><a name="[1d]"></a>USB_HP_IRQHandler</STRONG> (Thumb, 0 bytes, Stack size 0 bytes, startup_stm32l1xx_mdp.o(.text))
<BR>[Address Reference Count : 1]<UL><LI> startup_stm32l1xx_mdp.o(RESET)
</UL>
<P><STRONG><a name="[1e]"></a>USB_LP_IRQHandler</STRONG> (Thumb, 0 bytes, Stack size 0 bytes, startup_stm32l1xx_mdp.o(.text))
<BR>[Address Reference Count : 1]<UL><LI> startup_stm32l1xx_mdp.o(RESET)
</UL>
<P><STRONG><a name="[a]"></a>WWDG_IRQHandler</STRONG> (Thumb, 0 bytes, Stack size 0 bytes, startup_stm32l1xx_mdp.o(.text))
<BR>[Address Reference Count : 1]<UL><LI> startup_stm32l1xx_mdp.o(RESET)
</UL>
<P><STRONG><a name="[a2]"></a>NVIC_PriorityGroupConfig</STRONG> (Thumb, 10 bytes, Stack size 0 bytes, misc.o(.text))
<BR><BR>[Called By]<UL><LI><a href="#[53]">&gt;&gt;</a>&nbsp;&nbsp;&nbsp;bsp_Init
</UL>

<P><STRONG><a name="[9e]"></a>NVIC_Init</STRONG> (Thumb, 106 bytes, Stack size 16 bytes, misc.o(.text))
<BR><BR>[Stack]<UL><LI>Max Depth = 16<LI>Call Chain = NVIC_Init
</UL>
<BR>[Called By]<UL><LI><a href="#[c1]">&gt;&gt;</a>&nbsp;&nbsp;&nbsp;ConfigUartNVIC
<LI><a href="#[a4]">&gt;&gt;</a>&nbsp;&nbsp;&nbsp;TIM_Config
<LI><a href="#[9f]">&gt;&gt;</a>&nbsp;&nbsp;&nbsp;EXTI_Cfg
<LI><a href="#[9c]">&gt;&gt;</a>&nbsp;&nbsp;&nbsp;RTC_EXIT
</UL>

<P><STRONG><a name="[152]"></a>NVIC_SetVectorTable</STRONG> (Thumb, 14 bytes, Stack size 0 bytes, misc.o(.text), UNUSED)

<P><STRONG><a name="[153]"></a>NVIC_SystemLPConfig</STRONG> (Thumb, 34 bytes, Stack size 0 bytes, misc.o(.text), UNUSED)

<P><STRONG><a name="[154]"></a>SysTick_CLKSourceConfig</STRONG> (Thumb, 40 bytes, Stack size 0 bytes, misc.o(.text), UNUSED)

<P><STRONG><a name="[5e]"></a>ADC_DeInit</STRONG> (Thumb, 28 bytes, Stack size 8 bytes, stm32l1xx_adc.o(.text))
<BR><BR>[Stack]<UL><LI>Max Depth = 8<LI>Call Chain = ADC_DeInit
</UL>
<BR>[Calls]<UL><LI><a href="#[5f]">&gt;&gt;</a>&nbsp;&nbsp;&nbsp;RCC_APB2PeriphResetCmd
</UL>
<BR>[Called By]<UL><LI><a href="#[a5]">&gt;&gt;</a>&nbsp;&nbsp;&nbsp;bsp_Adc_Init
</UL>

<P><STRONG><a name="[af]"></a>ADC_Init</STRONG> (Thumb, 74 bytes, Stack size 12 bytes, stm32l1xx_adc.o(.text))
<BR><BR>[Stack]<UL><LI>Max Depth = 12<LI>Call Chain = ADC_Init
</UL>
<BR>[Called By]<UL><LI><a href="#[a5]">&gt;&gt;</a>&nbsp;&nbsp;&nbsp;bsp_Adc_Init
</UL>

<P><STRONG><a name="[ae]"></a>ADC_StructInit</STRONG> (Thumb, 26 bytes, Stack size 0 bytes, stm32l1xx_adc.o(.text))
<BR><BR>[Called By]<UL><LI><a href="#[a5]">&gt;&gt;</a>&nbsp;&nbsp;&nbsp;bsp_Adc_Init
</UL>

<P><STRONG><a name="[ad]"></a>ADC_CommonInit</STRONG> (Thumb, 22 bytes, Stack size 0 bytes, stm32l1xx_adc.o(.text))
<BR><BR>[Called By]<UL><LI><a href="#[a5]">&gt;&gt;</a>&nbsp;&nbsp;&nbsp;bsp_Adc_Init
</UL>

<P><STRONG><a name="[155]"></a>ADC_CommonStructInit</STRONG> (Thumb, 6 bytes, Stack size 0 bytes, stm32l1xx_adc.o(.text), UNUSED)

<P><STRONG><a name="[b3]"></a>ADC_Cmd</STRONG> (Thumb, 22 bytes, Stack size 0 bytes, stm32l1xx_adc.o(.text))
<BR><BR>[Called By]<UL><LI><a href="#[a5]">&gt;&gt;</a>&nbsp;&nbsp;&nbsp;bsp_Adc_Init
</UL>

<P><STRONG><a name="[156]"></a>ADC_BankSelection</STRONG> (Thumb, 22 bytes, Stack size 0 bytes, stm32l1xx_adc.o(.text), UNUSED)

<P><STRONG><a name="[b1]"></a>ADC_PowerDownCmd</STRONG> (Thumb, 18 bytes, Stack size 0 bytes, stm32l1xx_adc.o(.text))
<BR><BR>[Called By]<UL><LI><a href="#[a5]">&gt;&gt;</a>&nbsp;&nbsp;&nbsp;bsp_Adc_Init
</UL>

<P><STRONG><a name="[b2]"></a>ADC_DelaySelectionConfig</STRONG> (Thumb, 16 bytes, Stack size 0 bytes, stm32l1xx_adc.o(.text))
<BR><BR>[Called By]<UL><LI><a href="#[a5]">&gt;&gt;</a>&nbsp;&nbsp;&nbsp;bsp_Adc_Init
</UL>

<P><STRONG><a name="[157]"></a>ADC_AnalogWatchdogCmd</STRONG> (Thumb, 16 bytes, Stack size 0 bytes, stm32l1xx_adc.o(.text), UNUSED)

<P><STRONG><a name="[158]"></a>ADC_AnalogWatchdogThresholdsConfig</STRONG> (Thumb, 6 bytes, Stack size 0 bytes, stm32l1xx_adc.o(.text), UNUSED)

<P><STRONG><a name="[159]"></a>ADC_AnalogWatchdogSingleChannelConfig</STRONG> (Thumb, 16 bytes, Stack size 0 bytes, stm32l1xx_adc.o(.text), UNUSED)

<P><STRONG><a name="[15a]"></a>ADC_TempSensorVrefintCmd</STRONG> (Thumb, 30 bytes, Stack size 0 bytes, stm32l1xx_adc.o(.text), UNUSED)

<P><STRONG><a name="[b0]"></a>ADC_RegularChannelConfig</STRONG> (Thumb, 344 bytes, Stack size 20 bytes, stm32l1xx_adc.o(.text))
<BR><BR>[Stack]<UL><LI>Max Depth = 20<LI>Call Chain = ADC_RegularChannelConfig
</UL>
<BR>[Called By]<UL><LI><a href="#[a5]">&gt;&gt;</a>&nbsp;&nbsp;&nbsp;bsp_Adc_Init
</UL>

<P><STRONG><a name="[b6]"></a>ADC_SoftwareStartConv</STRONG> (Thumb, 10 bytes, Stack size 0 bytes, stm32l1xx_adc.o(.text))
<BR><BR>[Called By]<UL><LI><a href="#[b5]">&gt;&gt;</a>&nbsp;&nbsp;&nbsp;GetBatVal
</UL>

<P><STRONG><a name="[15b]"></a>ADC_GetSoftwareStartConvStatus</STRONG> (Thumb, 20 bytes, Stack size 0 bytes, stm32l1xx_adc.o(.text), UNUSED)

<P><STRONG><a name="[15c]"></a>ADC_EOCOnEachRegularChannelCmd</STRONG> (Thumb, 22 bytes, Stack size 0 bytes, stm32l1xx_adc.o(.text), UNUSED)

<P><STRONG><a name="[15d]"></a>ADC_ContinuousModeCmd</STRONG> (Thumb, 22 bytes, Stack size 0 bytes, stm32l1xx_adc.o(.text), UNUSED)

<P><STRONG><a name="[15e]"></a>ADC_DiscModeChannelCountConfig</STRONG> (Thumb, 24 bytes, Stack size 8 bytes, stm32l1xx_adc.o(.text), UNUSED)

<P><STRONG><a name="[15f]"></a>ADC_DiscModeCmd</STRONG> (Thumb, 22 bytes, Stack size 0 bytes, stm32l1xx_adc.o(.text), UNUSED)

<P><STRONG><a name="[b7]"></a>ADC_GetConversionValue</STRONG> (Thumb, 8 bytes, Stack size 0 bytes, stm32l1xx_adc.o(.text))
<BR><BR>[Called By]<UL><LI><a href="#[b5]">&gt;&gt;</a>&nbsp;&nbsp;&nbsp;GetBatVal
</UL>

<P><STRONG><a name="[160]"></a>ADC_DMACmd</STRONG> (Thumb, 22 bytes, Stack size 0 bytes, stm32l1xx_adc.o(.text), UNUSED)

<P><STRONG><a name="[161]"></a>ADC_DMARequestAfterLastTransferCmd</STRONG> (Thumb, 22 bytes, Stack size 0 bytes, stm32l1xx_adc.o(.text), UNUSED)

<P><STRONG><a name="[162]"></a>ADC_InjectedChannelConfig</STRONG> (Thumb, 232 bytes, Stack size 20 bytes, stm32l1xx_adc.o(.text), UNUSED)

<P><STRONG><a name="[163]"></a>ADC_InjectedSequencerLengthConfig</STRONG> (Thumb, 24 bytes, Stack size 8 bytes, stm32l1xx_adc.o(.text), UNUSED)

<P><STRONG><a name="[164]"></a>ADC_SetInjectedOffset</STRONG> (Thumb, 20 bytes, Stack size 8 bytes, stm32l1xx_adc.o(.text), UNUSED)

<P><STRONG><a name="[165]"></a>ADC_ExternalTrigInjectedConvConfig</STRONG> (Thumb, 16 bytes, Stack size 0 bytes, stm32l1xx_adc.o(.text), UNUSED)

<P><STRONG><a name="[166]"></a>ADC_ExternalTrigInjectedConvEdgeConfig</STRONG> (Thumb, 16 bytes, Stack size 0 bytes, stm32l1xx_adc.o(.text), UNUSED)

<P><STRONG><a name="[167]"></a>ADC_SoftwareStartInjectedConv</STRONG> (Thumb, 10 bytes, Stack size 0 bytes, stm32l1xx_adc.o(.text), UNUSED)

<P><STRONG><a name="[168]"></a>ADC_GetSoftwareStartInjectedConvCmdStatus</STRONG> (Thumb, 20 bytes, Stack size 0 bytes, stm32l1xx_adc.o(.text), UNUSED)

<P><STRONG><a name="[169]"></a>ADC_AutoInjectedConvCmd</STRONG> (Thumb, 22 bytes, Stack size 0 bytes, stm32l1xx_adc.o(.text), UNUSED)

<P><STRONG><a name="[16a]"></a>ADC_InjectedDiscModeCmd</STRONG> (Thumb, 22 bytes, Stack size 0 bytes, stm32l1xx_adc.o(.text), UNUSED)

<P><STRONG><a name="[16b]"></a>ADC_GetInjectedConversionValue</STRONG> (Thumb, 28 bytes, Stack size 8 bytes, stm32l1xx_adc.o(.text), UNUSED)

<P><STRONG><a name="[16c]"></a>ADC_ITConfig</STRONG> (Thumb, 32 bytes, Stack size 8 bytes, stm32l1xx_adc.o(.text), UNUSED)

<P><STRONG><a name="[b4]"></a>ADC_GetFlagStatus</STRONG> (Thumb, 18 bytes, Stack size 0 bytes, stm32l1xx_adc.o(.text))
<BR><BR>[Called By]<UL><LI><a href="#[b5]">&gt;&gt;</a>&nbsp;&nbsp;&nbsp;GetBatVal
<LI><a href="#[a5]">&gt;&gt;</a>&nbsp;&nbsp;&nbsp;bsp_Adc_Init
</UL>

<P><STRONG><a name="[16d]"></a>ADC_ClearFlag</STRONG> (Thumb, 6 bytes, Stack size 0 bytes, stm32l1xx_adc.o(.text), UNUSED)

<P><STRONG><a name="[16e]"></a>ADC_GetITStatus</STRONG> (Thumb, 38 bytes, Stack size 16 bytes, stm32l1xx_adc.o(.text), UNUSED)

<P><STRONG><a name="[16f]"></a>ADC_ClearITPendingBit</STRONG> (Thumb, 10 bytes, Stack size 0 bytes, stm32l1xx_adc.o(.text), UNUSED)

<P><STRONG><a name="[170]"></a>DBGMCU_GetREVID</STRONG> (Thumb, 8 bytes, Stack size 0 bytes, stm32l1xx_dbgmcu.o(.text), UNUSED)

<P><STRONG><a name="[171]"></a>DBGMCU_GetDEVID</STRONG> (Thumb, 10 bytes, Stack size 0 bytes, stm32l1xx_dbgmcu.o(.text), UNUSED)

<P><STRONG><a name="[9b]"></a>DBGMCU_Config</STRONG> (Thumb, 26 bytes, Stack size 0 bytes, stm32l1xx_dbgmcu.o(.text))
<BR><BR>[Called By]<UL><LI><a href="#[94]">&gt;&gt;</a>&nbsp;&nbsp;&nbsp;LowPowerSet
</UL>

<P><STRONG><a name="[172]"></a>DBGMCU_APB1PeriphConfig</STRONG> (Thumb, 26 bytes, Stack size 0 bytes, stm32l1xx_dbgmcu.o(.text), UNUSED)

<P><STRONG><a name="[173]"></a>DBGMCU_APB2PeriphConfig</STRONG> (Thumb, 26 bytes, Stack size 0 bytes, stm32l1xx_dbgmcu.o(.text), UNUSED)

<P><STRONG><a name="[174]"></a>EXTI_DeInit</STRONG> (Thumb, 30 bytes, Stack size 0 bytes, stm32l1xx_exti.o(.text), UNUSED)

<P><STRONG><a name="[9d]"></a>EXTI_Init</STRONG> (Thumb, 142 bytes, Stack size 0 bytes, stm32l1xx_exti.o(.text))
<BR><BR>[Called By]<UL><LI><a href="#[9f]">&gt;&gt;</a>&nbsp;&nbsp;&nbsp;EXTI_Cfg
<LI><a href="#[9c]">&gt;&gt;</a>&nbsp;&nbsp;&nbsp;RTC_EXIT
</UL>

<P><STRONG><a name="[175]"></a>EXTI_StructInit</STRONG> (Thumb, 16 bytes, Stack size 0 bytes, stm32l1xx_exti.o(.text), UNUSED)

<P><STRONG><a name="[176]"></a>EXTI_GenerateSWInterrupt</STRONG> (Thumb, 16 bytes, Stack size 0 bytes, stm32l1xx_exti.o(.text), UNUSED)

<P><STRONG><a name="[177]"></a>EXTI_GetFlagStatus</STRONG> (Thumb, 22 bytes, Stack size 0 bytes, stm32l1xx_exti.o(.text), UNUSED)

<P><STRONG><a name="[48]"></a>EXTI_ClearFlag</STRONG> (Thumb, 8 bytes, Stack size 0 bytes, stm32l1xx_exti.o(.text))
<BR><BR>[Called By]<UL><LI><a href="#[21]">&gt;&gt;</a>&nbsp;&nbsp;&nbsp;EXTI9_5_IRQHandler
<LI><a href="#[32]">&gt;&gt;</a>&nbsp;&nbsp;&nbsp;EXTI15_10_IRQHandler
<LI><a href="#[10]">&gt;&gt;</a>&nbsp;&nbsp;&nbsp;EXTI0_IRQHandler
</UL>

<P><STRONG><a name="[47]"></a>EXTI_GetITStatus</STRONG> (Thumb, 34 bytes, Stack size 0 bytes, stm32l1xx_exti.o(.text))
<BR><BR>[Called By]<UL><LI><a href="#[21]">&gt;&gt;</a>&nbsp;&nbsp;&nbsp;EXTI9_5_IRQHandler
<LI><a href="#[32]">&gt;&gt;</a>&nbsp;&nbsp;&nbsp;EXTI15_10_IRQHandler
<LI><a href="#[10]">&gt;&gt;</a>&nbsp;&nbsp;&nbsp;EXTI0_IRQHandler
</UL>

<P><STRONG><a name="[49]"></a>EXTI_ClearITPendingBit</STRONG> (Thumb, 8 bytes, Stack size 0 bytes, stm32l1xx_exti.o(.text))
<BR><BR>[Called By]<UL><LI><a href="#[21]">&gt;&gt;</a>&nbsp;&nbsp;&nbsp;EXTI9_5_IRQHandler
<LI><a href="#[32]">&gt;&gt;</a>&nbsp;&nbsp;&nbsp;EXTI15_10_IRQHandler
<LI><a href="#[10]">&gt;&gt;</a>&nbsp;&nbsp;&nbsp;EXTI0_IRQHandler
<LI><a href="#[ea]">&gt;&gt;</a>&nbsp;&nbsp;&nbsp;RtcWakeUpConfig
<LI><a href="#[e4]">&gt;&gt;</a>&nbsp;&nbsp;&nbsp;RtcWakeUp_ms
<LI><a href="#[d]">&gt;&gt;</a>&nbsp;&nbsp;&nbsp;RTC_WKUP_IRQHandler
<LI><a href="#[33]">&gt;&gt;</a>&nbsp;&nbsp;&nbsp;RTC_Alarm_IRQHandler
<LI><a href="#[a8]">&gt;&gt;</a>&nbsp;&nbsp;&nbsp;RTC_AlartSet
<LI><a href="#[9c]">&gt;&gt;</a>&nbsp;&nbsp;&nbsp;RTC_EXIT
</UL>

<P><STRONG><a name="[60]"></a>GPIO_DeInit</STRONG> (Thumb, 196 bytes, Stack size 8 bytes, stm32l1xx_gpio.o(.text), UNUSED)
<BR><BR>[Calls]<UL><LI><a href="#[61]">&gt;&gt;</a>&nbsp;&nbsp;&nbsp;RCC_AHBPeriphResetCmd
</UL>

<P><STRONG><a name="[90]"></a>GPIO_Init</STRONG> (Thumb, 144 bytes, Stack size 20 bytes, stm32l1xx_gpio.o(.text))
<BR><BR>[Stack]<UL><LI>Max Depth = 20<LI>Call Chain = GPIO_Init
</UL>
<BR>[Called By]<UL><LI><a href="#[5a]">&gt;&gt;</a>&nbsp;&nbsp;&nbsp;mbus_shutdown
<LI><a href="#[d2]">&gt;&gt;</a>&nbsp;&nbsp;&nbsp;RS485_InitTXE
<LI><a href="#[c2]">&gt;&gt;</a>&nbsp;&nbsp;&nbsp;InitHardUart
<LI><a href="#[ab]">&gt;&gt;</a>&nbsp;&nbsp;&nbsp;ADC_GPIO_Config
<LI><a href="#[a7]">&gt;&gt;</a>&nbsp;&nbsp;&nbsp;bsp_InitI2C
<LI><a href="#[92]">&gt;&gt;</a>&nbsp;&nbsp;&nbsp;Gpio_LpCfg
<LI><a href="#[91]">&gt;&gt;</a>&nbsp;&nbsp;&nbsp;Gpio_WkCfg
<LI><a href="#[8e]">&gt;&gt;</a>&nbsp;&nbsp;&nbsp;Gpio_Cfg
</UL>

<P><STRONG><a name="[178]"></a>GPIO_StructInit</STRONG> (Thumb, 18 bytes, Stack size 0 bytes, stm32l1xx_gpio.o(.text), UNUSED)

<P><STRONG><a name="[179]"></a>GPIO_PinLockConfig</STRONG> (Thumb, 34 bytes, Stack size 8 bytes, stm32l1xx_gpio.o(.text), UNUSED)

<P><STRONG><a name="[4b]"></a>GPIO_ReadInputDataBit</STRONG> (Thumb, 18 bytes, Stack size 0 bytes, stm32l1xx_gpio.o(.text))
<BR><BR>[Called By]<UL><LI><a href="#[40]">&gt;&gt;</a>&nbsp;&nbsp;&nbsp;main
<LI><a href="#[21]">&gt;&gt;</a>&nbsp;&nbsp;&nbsp;EXTI9_5_IRQHandler
<LI><a href="#[32]">&gt;&gt;</a>&nbsp;&nbsp;&nbsp;EXTI15_10_IRQHandler
<LI><a href="#[4c]">&gt;&gt;</a>&nbsp;&nbsp;&nbsp;CheckBlueSta
</UL>

<P><STRONG><a name="[17a]"></a>GPIO_ReadInputData</STRONG> (Thumb, 6 bytes, Stack size 0 bytes, stm32l1xx_gpio.o(.text), UNUSED)

<P><STRONG><a name="[17b]"></a>GPIO_ReadOutputDataBit</STRONG> (Thumb, 18 bytes, Stack size 0 bytes, stm32l1xx_gpio.o(.text), UNUSED)

<P><STRONG><a name="[17c]"></a>GPIO_ReadOutputData</STRONG> (Thumb, 6 bytes, Stack size 0 bytes, stm32l1xx_gpio.o(.text), UNUSED)

<P><STRONG><a name="[17d]"></a>GPIO_SetBits</STRONG> (Thumb, 4 bytes, Stack size 0 bytes, stm32l1xx_gpio.o(.text), UNUSED)

<P><STRONG><a name="[17e]"></a>GPIO_ResetBits</STRONG> (Thumb, 4 bytes, Stack size 0 bytes, stm32l1xx_gpio.o(.text), UNUSED)

<P><STRONG><a name="[55]"></a>GPIO_WriteBit</STRONG> (Thumb, 10 bytes, Stack size 0 bytes, stm32l1xx_gpio.o(.text))
<BR><BR>[Called By]<UL><LI><a href="#[40]">&gt;&gt;</a>&nbsp;&nbsp;&nbsp;main
<LI><a href="#[26]">&gt;&gt;</a>&nbsp;&nbsp;&nbsp;TIM2_IRQHandler
<LI><a href="#[91]">&gt;&gt;</a>&nbsp;&nbsp;&nbsp;Gpio_WkCfg
<LI><a href="#[8e]">&gt;&gt;</a>&nbsp;&nbsp;&nbsp;Gpio_Cfg
<LI><a href="#[122]">&gt;&gt;</a>&nbsp;&nbsp;&nbsp;Nb_ResetDelay
<LI><a href="#[120]">&gt;&gt;</a>&nbsp;&nbsp;&nbsp;NB_Reset
<LI><a href="#[10e]">&gt;&gt;</a>&nbsp;&nbsp;&nbsp;EepWr
</UL>

<P><STRONG><a name="[17f]"></a>GPIO_Write</STRONG> (Thumb, 4 bytes, Stack size 0 bytes, stm32l1xx_gpio.o(.text), UNUSED)

<P><STRONG><a name="[fc]"></a>GPIO_ToggleBits</STRONG> (Thumb, 8 bytes, Stack size 0 bytes, stm32l1xx_gpio.o(.text))
<BR><BR>[Called By]<UL><LI><a href="#[26]">&gt;&gt;</a>&nbsp;&nbsp;&nbsp;TIM2_IRQHandler
</UL>

<P><STRONG><a name="[c3]"></a>GPIO_PinAFConfig</STRONG> (Thumb, 70 bytes, Stack size 20 bytes, stm32l1xx_gpio.o(.text))
<BR><BR>[Stack]<UL><LI>Max Depth = 20<LI>Call Chain = GPIO_PinAFConfig
</UL>
<BR>[Called By]<UL><LI><a href="#[c2]">&gt;&gt;</a>&nbsp;&nbsp;&nbsp;InitHardUart
</UL>

<P><STRONG><a name="[62]"></a>PWR_DeInit</STRONG> (Thumb, 22 bytes, Stack size 8 bytes, stm32l1xx_pwr.o(.text), UNUSED)
<BR><BR>[Calls]<UL><LI><a href="#[63]">&gt;&gt;</a>&nbsp;&nbsp;&nbsp;RCC_APB1PeriphResetCmd
</UL>

<P><STRONG><a name="[e0]"></a>PWR_RTCAccessCmd</STRONG> (Thumb, 6 bytes, Stack size 0 bytes, stm32l1xx_pwr.o(.text))
<BR><BR>[Called By]<UL><LI><a href="#[f8]">&gt;&gt;</a>&nbsp;&nbsp;&nbsp;Set_Time
<LI><a href="#[ec]">&gt;&gt;</a>&nbsp;&nbsp;&nbsp;RtcConfig
<LI><a href="#[ea]">&gt;&gt;</a>&nbsp;&nbsp;&nbsp;RtcWakeUpConfig
<LI><a href="#[e4]">&gt;&gt;</a>&nbsp;&nbsp;&nbsp;RtcWakeUp_ms
<LI><a href="#[33]">&gt;&gt;</a>&nbsp;&nbsp;&nbsp;RTC_Alarm_IRQHandler
<LI><a href="#[a3]">&gt;&gt;</a>&nbsp;&nbsp;&nbsp;RtcInit
<LI><a href="#[a8]">&gt;&gt;</a>&nbsp;&nbsp;&nbsp;RTC_AlartSet
</UL>

<P><STRONG><a name="[180]"></a>PWR_PVDLevelConfig</STRONG> (Thumb, 18 bytes, Stack size 0 bytes, stm32l1xx_pwr.o(.text), UNUSED)

<P><STRONG><a name="[98]"></a>PWR_PVDCmd</STRONG> (Thumb, 6 bytes, Stack size 0 bytes, stm32l1xx_pwr.o(.text))
<BR><BR>[Called By]<UL><LI><a href="#[94]">&gt;&gt;</a>&nbsp;&nbsp;&nbsp;LowPowerSet
</UL>

<P><STRONG><a name="[181]"></a>PWR_WakeUpPinCmd</STRONG> (Thumb, 20 bytes, Stack size 8 bytes, stm32l1xx_pwr.o(.text), UNUSED)

<P><STRONG><a name="[9a]"></a>PWR_FastWakeUpCmd</STRONG> (Thumb, 6 bytes, Stack size 0 bytes, stm32l1xx_pwr.o(.text))
<BR><BR>[Called By]<UL><LI><a href="#[94]">&gt;&gt;</a>&nbsp;&nbsp;&nbsp;LowPowerSet
</UL>

<P><STRONG><a name="[99]"></a>PWR_UltraLowPowerCmd</STRONG> (Thumb, 6 bytes, Stack size 0 bytes, stm32l1xx_pwr.o(.text))
<BR><BR>[Called By]<UL><LI><a href="#[94]">&gt;&gt;</a>&nbsp;&nbsp;&nbsp;LowPowerSet
</UL>

<P><STRONG><a name="[95]"></a>PWR_VoltageScalingConfig</STRONG> (Thumb, 24 bytes, Stack size 0 bytes, stm32l1xx_pwr.o(.text))
<BR><BR>[Called By]<UL><LI><a href="#[94]">&gt;&gt;</a>&nbsp;&nbsp;&nbsp;LowPowerSet
</UL>

<P><STRONG><a name="[182]"></a>PWR_EnterLowPowerRunMode</STRONG> (Thumb, 50 bytes, Stack size 0 bytes, stm32l1xx_pwr.o(.text), UNUSED)

<P><STRONG><a name="[183]"></a>PWR_EnterSleepMode</STRONG> (Thumb, 42 bytes, Stack size 8 bytes, stm32l1xx_pwr.o(.text), UNUSED)

<P><STRONG><a name="[a9]"></a>PWR_EnterSTOPMode</STRONG> (Thumb, 54 bytes, Stack size 8 bytes, stm32l1xx_pwr.o(.text))
<BR><BR>[Stack]<UL><LI>Max Depth = 8<LI>Call Chain = PWR_EnterSTOPMode
</UL>
<BR>[Called By]<UL><LI><a href="#[57]">&gt;&gt;</a>&nbsp;&nbsp;&nbsp;To_Enter_Stop
</UL>

<P><STRONG><a name="[184]"></a>PWR_EnterSTANDBYMode</STRONG> (Thumb, 42 bytes, Stack size 0 bytes, stm32l1xx_pwr.o(.text), UNUSED)

<P><STRONG><a name="[96]"></a>PWR_GetFlagStatus</STRONG> (Thumb, 20 bytes, Stack size 0 bytes, stm32l1xx_pwr.o(.text))
<BR><BR>[Called By]<UL><LI><a href="#[d]">&gt;&gt;</a>&nbsp;&nbsp;&nbsp;RTC_WKUP_IRQHandler
<LI><a href="#[33]">&gt;&gt;</a>&nbsp;&nbsp;&nbsp;RTC_Alarm_IRQHandler
<LI><a href="#[94]">&gt;&gt;</a>&nbsp;&nbsp;&nbsp;LowPowerSet
</UL>

<P><STRONG><a name="[e2]"></a>PWR_ClearFlag</STRONG> (Thumb, 14 bytes, Stack size 0 bytes, stm32l1xx_pwr.o(.text))
<BR><BR>[Called By]<UL><LI><a href="#[d]">&gt;&gt;</a>&nbsp;&nbsp;&nbsp;RTC_WKUP_IRQHandler
<LI><a href="#[33]">&gt;&gt;</a>&nbsp;&nbsp;&nbsp;RTC_Alarm_IRQHandler
</UL>

<P><STRONG><a name="[185]"></a>RCC_DeInit</STRONG> (Thumb, 74 bytes, Stack size 0 bytes, stm32l1xx_rcc.o(.text), UNUSED)

<P><STRONG><a name="[93]"></a>RCC_HSEConfig</STRONG> (Thumb, 14 bytes, Stack size 0 bytes, stm32l1xx_rcc.o(.text))
<BR><BR>[Called By]<UL><LI><a href="#[92]">&gt;&gt;</a>&nbsp;&nbsp;&nbsp;Gpio_LpCfg
</UL>

<P><STRONG><a name="[65]"></a>RCC_GetFlagStatus</STRONG> (Thumb, 48 bytes, Stack size 8 bytes, stm32l1xx_rcc.o(.text))
<BR><BR>[Stack]<UL><LI>Max Depth = 8<LI>Call Chain = RCC_GetFlagStatus
</UL>
<BR>[Called By]<UL><LI><a href="#[ec]">&gt;&gt;</a>&nbsp;&nbsp;&nbsp;RtcConfig
<LI><a href="#[a5]">&gt;&gt;</a>&nbsp;&nbsp;&nbsp;bsp_Adc_Init
<LI><a href="#[64]">&gt;&gt;</a>&nbsp;&nbsp;&nbsp;RCC_WaitForHSEStartUp
</UL>

<P><STRONG><a name="[64]"></a>RCC_WaitForHSEStartUp</STRONG> (Thumb, 56 bytes, Stack size 16 bytes, stm32l1xx_rcc.o(.text), UNUSED)
<BR><BR>[Calls]<UL><LI><a href="#[65]">&gt;&gt;</a>&nbsp;&nbsp;&nbsp;RCC_GetFlagStatus
</UL>

<P><STRONG><a name="[186]"></a>RCC_AdjustMSICalibrationValue</STRONG> (Thumb, 8 bytes, Stack size 0 bytes, stm32l1xx_rcc.o(.text), UNUSED)

<P><STRONG><a name="[50]"></a>RCC_MSIRangeConfig</STRONG> (Thumb, 20 bytes, Stack size 0 bytes, stm32l1xx_rcc.o(.text))
<BR><BR>[Called By]<UL><LI><a href="#[40]">&gt;&gt;</a>&nbsp;&nbsp;&nbsp;main
</UL>

<P><STRONG><a name="[187]"></a>RCC_MSICmd</STRONG> (Thumb, 6 bytes, Stack size 0 bytes, stm32l1xx_rcc.o(.text), UNUSED)

<P><STRONG><a name="[188]"></a>RCC_AdjustHSICalibrationValue</STRONG> (Thumb, 22 bytes, Stack size 0 bytes, stm32l1xx_rcc.o(.text), UNUSED)

<P><STRONG><a name="[ac]"></a>RCC_HSICmd</STRONG> (Thumb, 6 bytes, Stack size 0 bytes, stm32l1xx_rcc.o(.text))
<BR><BR>[Called By]<UL><LI><a href="#[a5]">&gt;&gt;</a>&nbsp;&nbsp;&nbsp;bsp_Adc_Init
</UL>

<P><STRONG><a name="[ed]"></a>RCC_LSEConfig</STRONG> (Thumb, 14 bytes, Stack size 0 bytes, stm32l1xx_rcc.o(.text))
<BR><BR>[Called By]<UL><LI><a href="#[ec]">&gt;&gt;</a>&nbsp;&nbsp;&nbsp;RtcConfig
</UL>

<P><STRONG><a name="[189]"></a>RCC_LSICmd</STRONG> (Thumb, 6 bytes, Stack size 0 bytes, stm32l1xx_rcc.o(.text), UNUSED)

<P><STRONG><a name="[18a]"></a>RCC_PLLConfig</STRONG> (Thumb, 16 bytes, Stack size 8 bytes, stm32l1xx_rcc.o(.text), UNUSED)

<P><STRONG><a name="[18b]"></a>RCC_PLLCmd</STRONG> (Thumb, 6 bytes, Stack size 0 bytes, stm32l1xx_rcc.o(.text), UNUSED)

<P><STRONG><a name="[18c]"></a>RCC_ClockSecuritySystemCmd</STRONG> (Thumb, 6 bytes, Stack size 0 bytes, stm32l1xx_rcc.o(.text), UNUSED)

<P><STRONG><a name="[18d]"></a>RCC_LSEClockSecuritySystemCmd</STRONG> (Thumb, 8 bytes, Stack size 0 bytes, stm32l1xx_rcc.o(.text), UNUSED)

<P><STRONG><a name="[18e]"></a>RCC_MCOConfig</STRONG> (Thumb, 12 bytes, Stack size 0 bytes, stm32l1xx_rcc.o(.text), UNUSED)

<P><STRONG><a name="[18f]"></a>RCC_SYSCLKConfig</STRONG> (Thumb, 20 bytes, Stack size 0 bytes, stm32l1xx_rcc.o(.text), UNUSED)

<P><STRONG><a name="[190]"></a>RCC_GetSYSCLKSource</STRONG> (Thumb, 12 bytes, Stack size 0 bytes, stm32l1xx_rcc.o(.text), UNUSED)

<P><STRONG><a name="[191]"></a>RCC_HCLKConfig</STRONG> (Thumb, 20 bytes, Stack size 0 bytes, stm32l1xx_rcc.o(.text), UNUSED)

<P><STRONG><a name="[192]"></a>RCC_PCLK1Config</STRONG> (Thumb, 20 bytes, Stack size 0 bytes, stm32l1xx_rcc.o(.text), UNUSED)

<P><STRONG><a name="[193]"></a>RCC_PCLK2Config</STRONG> (Thumb, 22 bytes, Stack size 0 bytes, stm32l1xx_rcc.o(.text), UNUSED)

<P><STRONG><a name="[8c]"></a>RCC_GetClocksFreq</STRONG> (Thumb, 248 bytes, Stack size 20 bytes, stm32l1xx_rcc.o(.text))
<BR><BR>[Stack]<UL><LI>Max Depth = 20<LI>Call Chain = RCC_GetClocksFreq
</UL>
<BR>[Called By]<UL><LI><a href="#[cf]">&gt;&gt;</a>&nbsp;&nbsp;&nbsp;USART_SetBaudRate
<LI><a href="#[8b]">&gt;&gt;</a>&nbsp;&nbsp;&nbsp;USART_Init
</UL>

<P><STRONG><a name="[ee]"></a>RCC_RTCCLKConfig</STRONG> (Thumb, 64 bytes, Stack size 0 bytes, stm32l1xx_rcc.o(.text))
<BR><BR>[Called By]<UL><LI><a href="#[ec]">&gt;&gt;</a>&nbsp;&nbsp;&nbsp;RtcConfig
</UL>

<P><STRONG><a name="[ef]"></a>RCC_RTCCLKCmd</STRONG> (Thumb, 8 bytes, Stack size 0 bytes, stm32l1xx_rcc.o(.text))
<BR><BR>[Called By]<UL><LI><a href="#[ec]">&gt;&gt;</a>&nbsp;&nbsp;&nbsp;RtcConfig
</UL>

<P><STRONG><a name="[194]"></a>RCC_RTCResetCmd</STRONG> (Thumb, 8 bytes, Stack size 0 bytes, stm32l1xx_rcc.o(.text), UNUSED)

<P><STRONG><a name="[8f]"></a>RCC_AHBPeriphClockCmd</STRONG> (Thumb, 34 bytes, Stack size 0 bytes, stm32l1xx_rcc.o(.text))
<BR><BR>[Called By]<UL><LI><a href="#[5a]">&gt;&gt;</a>&nbsp;&nbsp;&nbsp;mbus_shutdown
<LI><a href="#[d2]">&gt;&gt;</a>&nbsp;&nbsp;&nbsp;RS485_InitTXE
<LI><a href="#[c2]">&gt;&gt;</a>&nbsp;&nbsp;&nbsp;InitHardUart
<LI><a href="#[ab]">&gt;&gt;</a>&nbsp;&nbsp;&nbsp;ADC_GPIO_Config
<LI><a href="#[92]">&gt;&gt;</a>&nbsp;&nbsp;&nbsp;Gpio_LpCfg
<LI><a href="#[91]">&gt;&gt;</a>&nbsp;&nbsp;&nbsp;Gpio_WkCfg
<LI><a href="#[8e]">&gt;&gt;</a>&nbsp;&nbsp;&nbsp;Gpio_Cfg
</UL>

<P><STRONG><a name="[a0]"></a>RCC_APB2PeriphClockCmd</STRONG> (Thumb, 34 bytes, Stack size 0 bytes, stm32l1xx_rcc.o(.text))
<BR><BR>[Called By]<UL><LI><a href="#[c2]">&gt;&gt;</a>&nbsp;&nbsp;&nbsp;InitHardUart
<LI><a href="#[a7]">&gt;&gt;</a>&nbsp;&nbsp;&nbsp;bsp_InitI2C
<LI><a href="#[a5]">&gt;&gt;</a>&nbsp;&nbsp;&nbsp;bsp_Adc_Init
<LI><a href="#[9f]">&gt;&gt;</a>&nbsp;&nbsp;&nbsp;EXTI_Cfg
</UL>

<P><STRONG><a name="[97]"></a>RCC_APB1PeriphClockCmd</STRONG> (Thumb, 34 bytes, Stack size 0 bytes, stm32l1xx_rcc.o(.text))
<BR><BR>[Called By]<UL><LI><a href="#[ec]">&gt;&gt;</a>&nbsp;&nbsp;&nbsp;RtcConfig
<LI><a href="#[c2]">&gt;&gt;</a>&nbsp;&nbsp;&nbsp;InitHardUart
<LI><a href="#[a4]">&gt;&gt;</a>&nbsp;&nbsp;&nbsp;TIM_Config
<LI><a href="#[a3]">&gt;&gt;</a>&nbsp;&nbsp;&nbsp;RtcInit
<LI><a href="#[94]">&gt;&gt;</a>&nbsp;&nbsp;&nbsp;LowPowerSet
</UL>

<P><STRONG><a name="[61]"></a>RCC_AHBPeriphResetCmd</STRONG> (Thumb, 34 bytes, Stack size 0 bytes, stm32l1xx_rcc.o(.text), UNUSED)
<BR><BR>[Called By]<UL><LI><a href="#[60]">&gt;&gt;</a>&nbsp;&nbsp;&nbsp;GPIO_DeInit
</UL>

<P><STRONG><a name="[5f]"></a>RCC_APB2PeriphResetCmd</STRONG> (Thumb, 34 bytes, Stack size 0 bytes, stm32l1xx_rcc.o(.text))
<BR><BR>[Called By]<UL><LI><a href="#[5e]">&gt;&gt;</a>&nbsp;&nbsp;&nbsp;ADC_DeInit
<LI><a href="#[8a]">&gt;&gt;</a>&nbsp;&nbsp;&nbsp;USART_DeInit
<LI><a href="#[79]">&gt;&gt;</a>&nbsp;&nbsp;&nbsp;TIM_DeInit
<LI><a href="#[78]">&gt;&gt;</a>&nbsp;&nbsp;&nbsp;SYSCFG_DeInit
</UL>

<P><STRONG><a name="[63]"></a>RCC_APB1PeriphResetCmd</STRONG> (Thumb, 34 bytes, Stack size 0 bytes, stm32l1xx_rcc.o(.text), UNUSED)
<BR><BR>[Called By]<UL><LI><a href="#[8a]">&gt;&gt;</a>&nbsp;&nbsp;&nbsp;USART_DeInit
<LI><a href="#[79]">&gt;&gt;</a>&nbsp;&nbsp;&nbsp;TIM_DeInit
<LI><a href="#[62]">&gt;&gt;</a>&nbsp;&nbsp;&nbsp;PWR_DeInit
</UL>

<P><STRONG><a name="[195]"></a>RCC_AHBPeriphClockLPModeCmd</STRONG> (Thumb, 34 bytes, Stack size 0 bytes, stm32l1xx_rcc.o(.text), UNUSED)

<P><STRONG><a name="[196]"></a>RCC_APB2PeriphClockLPModeCmd</STRONG> (Thumb, 66 bytes, Stack size 0 bytes, stm32l1xx_rcc.o(.text), UNUSED)

<P><STRONG><a name="[197]"></a>RCC_APB1PeriphClockLPModeCmd</STRONG> (Thumb, 34 bytes, Stack size 0 bytes, stm32l1xx_rcc.o(.text), UNUSED)

<P><STRONG><a name="[198]"></a>RCC_ITConfig</STRONG> (Thumb, 34 bytes, Stack size 0 bytes, stm32l1xx_rcc.o(.text), UNUSED)

<P><STRONG><a name="[199]"></a>RCC_ClearFlag</STRONG> (Thumb, 18 bytes, Stack size 0 bytes, stm32l1xx_rcc.o(.text), UNUSED)

<P><STRONG><a name="[19a]"></a>RCC_GetITStatus</STRONG> (Thumb, 22 bytes, Stack size 0 bytes, stm32l1xx_rcc.o(.text), UNUSED)

<P><STRONG><a name="[19b]"></a>RCC_ClearITPendingBit</STRONG> (Thumb, 8 bytes, Stack size 0 bytes, stm32l1xx_rcc.o(.text), UNUSED)

<P><STRONG><a name="[68]"></a>RTC_WaitForSynchro</STRONG> (Thumb, 92 bytes, Stack size 8 bytes, stm32l1xx_rtc.o(.text))
<BR><BR>[Stack]<UL><LI>Max Depth = 8<LI>Call Chain = RTC_WaitForSynchro
</UL>
<BR>[Called By]<UL><LI><a href="#[ec]">&gt;&gt;</a>&nbsp;&nbsp;&nbsp;RtcConfig
<LI><a href="#[a3]">&gt;&gt;</a>&nbsp;&nbsp;&nbsp;RtcInit
<LI><a href="#[77]">&gt;&gt;</a>&nbsp;&nbsp;&nbsp;RTC_SynchroShiftConfig
<LI><a href="#[70]">&gt;&gt;</a>&nbsp;&nbsp;&nbsp;RTC_SetDate
<LI><a href="#[6c]">&gt;&gt;</a>&nbsp;&nbsp;&nbsp;RTC_SetTime
<LI><a href="#[66]">&gt;&gt;</a>&nbsp;&nbsp;&nbsp;RTC_DeInit
</UL>

<P><STRONG><a name="[67]"></a>RTC_EnterInitMode</STRONG> (Thumb, 84 bytes, Stack size 8 bytes, stm32l1xx_rtc.o(.text))
<BR><BR>[Stack]<UL><LI>Max Depth = 8<LI>Call Chain = RTC_EnterInitMode
</UL>
<BR>[Called By]<UL><LI><a href="#[75]">&gt;&gt;</a>&nbsp;&nbsp;&nbsp;RTC_CoarseCalibCmd
<LI><a href="#[74]">&gt;&gt;</a>&nbsp;&nbsp;&nbsp;RTC_CoarseCalibConfig
<LI><a href="#[70]">&gt;&gt;</a>&nbsp;&nbsp;&nbsp;RTC_SetDate
<LI><a href="#[6c]">&gt;&gt;</a>&nbsp;&nbsp;&nbsp;RTC_SetTime
<LI><a href="#[6b]">&gt;&gt;</a>&nbsp;&nbsp;&nbsp;RTC_RefClockCmd
<LI><a href="#[69]">&gt;&gt;</a>&nbsp;&nbsp;&nbsp;RTC_Init
<LI><a href="#[66]">&gt;&gt;</a>&nbsp;&nbsp;&nbsp;RTC_DeInit
</UL>

<P><STRONG><a name="[66]"></a>RTC_DeInit</STRONG> (Thumb, 204 bytes, Stack size 16 bytes, stm32l1xx_rtc.o(.text), UNUSED)
<BR><BR>[Calls]<UL><LI><a href="#[67]">&gt;&gt;</a>&nbsp;&nbsp;&nbsp;RTC_EnterInitMode
<LI><a href="#[68]">&gt;&gt;</a>&nbsp;&nbsp;&nbsp;RTC_WaitForSynchro
</UL>

<P><STRONG><a name="[6a]"></a>RTC_ExitInitMode</STRONG> (Thumb, 18 bytes, Stack size 0 bytes, stm32l1xx_rtc.o(.text))
<BR><BR>[Called By]<UL><LI><a href="#[75]">&gt;&gt;</a>&nbsp;&nbsp;&nbsp;RTC_CoarseCalibCmd
<LI><a href="#[74]">&gt;&gt;</a>&nbsp;&nbsp;&nbsp;RTC_CoarseCalibConfig
<LI><a href="#[70]">&gt;&gt;</a>&nbsp;&nbsp;&nbsp;RTC_SetDate
<LI><a href="#[6c]">&gt;&gt;</a>&nbsp;&nbsp;&nbsp;RTC_SetTime
<LI><a href="#[6b]">&gt;&gt;</a>&nbsp;&nbsp;&nbsp;RTC_RefClockCmd
<LI><a href="#[69]">&gt;&gt;</a>&nbsp;&nbsp;&nbsp;RTC_Init
</UL>

<P><STRONG><a name="[69]"></a>RTC_Init</STRONG> (Thumb, 94 bytes, Stack size 12 bytes, stm32l1xx_rtc.o(.text))
<BR><BR>[Stack]<UL><LI>Max Depth = 20<LI>Call Chain = RTC_Init &rArr; RTC_EnterInitMode
</UL>
<BR>[Calls]<UL><LI><a href="#[6a]">&gt;&gt;</a>&nbsp;&nbsp;&nbsp;RTC_ExitInitMode
<LI><a href="#[67]">&gt;&gt;</a>&nbsp;&nbsp;&nbsp;RTC_EnterInitMode
</UL>
<BR>[Called By]<UL><LI><a href="#[ec]">&gt;&gt;</a>&nbsp;&nbsp;&nbsp;RtcConfig
</UL>

<P><STRONG><a name="[19c]"></a>RTC_StructInit</STRONG> (Thumb, 14 bytes, Stack size 0 bytes, stm32l1xx_rtc.o(.text), UNUSED)

<P><STRONG><a name="[19d]"></a>RTC_WriteProtectionCmd</STRONG> (Thumb, 22 bytes, Stack size 0 bytes, stm32l1xx_rtc.o(.text), UNUSED)

<P><STRONG><a name="[6b]"></a>RTC_RefClockCmd</STRONG> (Thumb, 76 bytes, Stack size 12 bytes, stm32l1xx_rtc.o(.text), UNUSED)
<BR><BR>[Calls]<UL><LI><a href="#[6a]">&gt;&gt;</a>&nbsp;&nbsp;&nbsp;RTC_ExitInitMode
<LI><a href="#[67]">&gt;&gt;</a>&nbsp;&nbsp;&nbsp;RTC_EnterInitMode
</UL>

<P><STRONG><a name="[19e]"></a>RTC_BypassShadowCmd</STRONG> (Thumb, 54 bytes, Stack size 0 bytes, stm32l1xx_rtc.o(.text), UNUSED)

<P><STRONG><a name="[6c]"></a>RTC_SetTime</STRONG> (Thumb, 200 bytes, Stack size 24 bytes, stm32l1xx_rtc.o(.text))
<BR><BR>[Stack]<UL><LI>Max Depth = 32<LI>Call Chain = RTC_SetTime &rArr; RTC_EnterInitMode
</UL>
<BR>[Calls]<UL><LI><a href="#[6a]">&gt;&gt;</a>&nbsp;&nbsp;&nbsp;RTC_ExitInitMode
<LI><a href="#[67]">&gt;&gt;</a>&nbsp;&nbsp;&nbsp;RTC_EnterInitMode
<LI><a href="#[68]">&gt;&gt;</a>&nbsp;&nbsp;&nbsp;RTC_WaitForSynchro
<LI><a href="#[6d]">&gt;&gt;</a>&nbsp;&nbsp;&nbsp;RTC_Bcd2ToByte
<LI><a href="#[6e]">&gt;&gt;</a>&nbsp;&nbsp;&nbsp;RTC_ByteToBcd2
</UL>
<BR>[Called By]<UL><LI><a href="#[f8]">&gt;&gt;</a>&nbsp;&nbsp;&nbsp;Set_Time
<LI><a href="#[ec]">&gt;&gt;</a>&nbsp;&nbsp;&nbsp;RtcConfig
</UL>

<P><STRONG><a name="[19f]"></a>RTC_TimeStructInit</STRONG> (Thumb, 12 bytes, Stack size 0 bytes, stm32l1xx_rtc.o(.text), UNUSED)

<P><STRONG><a name="[6f]"></a>RTC_GetTime</STRONG> (Thumb, 74 bytes, Stack size 16 bytes, stm32l1xx_rtc.o(.text))
<BR><BR>[Stack]<UL><LI>Max Depth = 16<LI>Call Chain = RTC_GetTime
</UL>
<BR>[Calls]<UL><LI><a href="#[6d]">&gt;&gt;</a>&nbsp;&nbsp;&nbsp;RTC_Bcd2ToByte
</UL>
<BR>[Called By]<UL><LI><a href="#[f5]">&gt;&gt;</a>&nbsp;&nbsp;&nbsp;RTC_TimeShow
<LI><a href="#[f4]">&gt;&gt;</a>&nbsp;&nbsp;&nbsp;ReadRtcTime
</UL>

<P><STRONG><a name="[1a0]"></a>RTC_GetSubSecond</STRONG> (Thumb, 30 bytes, Stack size 0 bytes, stm32l1xx_rtc.o(.text), UNUSED)

<P><STRONG><a name="[70]"></a>RTC_SetDate</STRONG> (Thumb, 190 bytes, Stack size 24 bytes, stm32l1xx_rtc.o(.text))
<BR><BR>[Stack]<UL><LI>Max Depth = 32<LI>Call Chain = RTC_SetDate &rArr; RTC_EnterInitMode
</UL>
<BR>[Calls]<UL><LI><a href="#[6a]">&gt;&gt;</a>&nbsp;&nbsp;&nbsp;RTC_ExitInitMode
<LI><a href="#[67]">&gt;&gt;</a>&nbsp;&nbsp;&nbsp;RTC_EnterInitMode
<LI><a href="#[68]">&gt;&gt;</a>&nbsp;&nbsp;&nbsp;RTC_WaitForSynchro
<LI><a href="#[6d]">&gt;&gt;</a>&nbsp;&nbsp;&nbsp;RTC_Bcd2ToByte
<LI><a href="#[6e]">&gt;&gt;</a>&nbsp;&nbsp;&nbsp;RTC_ByteToBcd2
</UL>
<BR>[Called By]<UL><LI><a href="#[f8]">&gt;&gt;</a>&nbsp;&nbsp;&nbsp;Set_Time
</UL>

<P><STRONG><a name="[1a1]"></a>RTC_DateStructInit</STRONG> (Thumb, 14 bytes, Stack size 0 bytes, stm32l1xx_rtc.o(.text), UNUSED)

<P><STRONG><a name="[71]"></a>RTC_GetDate</STRONG> (Thumb, 70 bytes, Stack size 16 bytes, stm32l1xx_rtc.o(.text))
<BR><BR>[Stack]<UL><LI>Max Depth = 16<LI>Call Chain = RTC_GetDate
</UL>
<BR>[Calls]<UL><LI><a href="#[6d]">&gt;&gt;</a>&nbsp;&nbsp;&nbsp;RTC_Bcd2ToByte
</UL>
<BR>[Called By]<UL><LI><a href="#[f7]">&gt;&gt;</a>&nbsp;&nbsp;&nbsp;RTC_DateShow
<LI><a href="#[f4]">&gt;&gt;</a>&nbsp;&nbsp;&nbsp;ReadRtcTime
</UL>

<P><STRONG><a name="[72]"></a>RTC_SetAlarm</STRONG> (Thumb, 230 bytes, Stack size 24 bytes, stm32l1xx_rtc.o(.text))
<BR><BR>[Stack]<UL><LI>Max Depth = 24<LI>Call Chain = RTC_SetAlarm
</UL>
<BR>[Calls]<UL><LI><a href="#[6d]">&gt;&gt;</a>&nbsp;&nbsp;&nbsp;RTC_Bcd2ToByte
<LI><a href="#[6e]">&gt;&gt;</a>&nbsp;&nbsp;&nbsp;RTC_ByteToBcd2
</UL>
<BR>[Called By]<UL><LI><a href="#[a8]">&gt;&gt;</a>&nbsp;&nbsp;&nbsp;RTC_AlartSet
</UL>

<P><STRONG><a name="[1a2]"></a>RTC_AlarmStructInit</STRONG> (Thumb, 22 bytes, Stack size 0 bytes, stm32l1xx_rtc.o(.text), UNUSED)

<P><STRONG><a name="[73]"></a>RTC_GetAlarm</STRONG> (Thumb, 114 bytes, Stack size 24 bytes, stm32l1xx_rtc.o(.text), UNUSED)
<BR><BR>[Calls]<UL><LI><a href="#[6d]">&gt;&gt;</a>&nbsp;&nbsp;&nbsp;RTC_Bcd2ToByte
</UL>

<P><STRONG><a name="[eb]"></a>RTC_AlarmCmd</STRONG> (Thumb, 112 bytes, Stack size 16 bytes, stm32l1xx_rtc.o(.text))
<BR><BR>[Stack]<UL><LI>Max Depth = 16<LI>Call Chain = RTC_AlarmCmd
</UL>
<BR>[Called By]<UL><LI><a href="#[a8]">&gt;&gt;</a>&nbsp;&nbsp;&nbsp;RTC_AlartSet
</UL>

<P><STRONG><a name="[1a3]"></a>RTC_AlarmSubSecondConfig</STRONG> (Thumb, 46 bytes, Stack size 12 bytes, stm32l1xx_rtc.o(.text), UNUSED)

<P><STRONG><a name="[1a4]"></a>RTC_GetAlarmSubSecond</STRONG> (Thumb, 34 bytes, Stack size 0 bytes, stm32l1xx_rtc.o(.text), UNUSED)

<P><STRONG><a name="[e7]"></a>RTC_WakeUpClockConfig</STRONG> (Thumb, 42 bytes, Stack size 0 bytes, stm32l1xx_rtc.o(.text), UNUSED)
<BR><BR>[Called By]<UL><LI><a href="#[ea]">&gt;&gt;</a>&nbsp;&nbsp;&nbsp;RtcWakeUpConfig
<LI><a href="#[e4]">&gt;&gt;</a>&nbsp;&nbsp;&nbsp;RtcWakeUp_ms
</UL>

<P><STRONG><a name="[e8]"></a>RTC_SetWakeUpCounter</STRONG> (Thumb, 22 bytes, Stack size 0 bytes, stm32l1xx_rtc.o(.text), UNUSED)
<BR><BR>[Called By]<UL><LI><a href="#[ea]">&gt;&gt;</a>&nbsp;&nbsp;&nbsp;RtcWakeUpConfig
<LI><a href="#[e4]">&gt;&gt;</a>&nbsp;&nbsp;&nbsp;RtcWakeUp_ms
</UL>

<P><STRONG><a name="[1a5]"></a>RTC_GetWakeUpCounter</STRONG> (Thumb, 10 bytes, Stack size 0 bytes, stm32l1xx_rtc.o(.text), UNUSED)

<P><STRONG><a name="[e5]"></a>RTC_WakeUpCmd</STRONG> (Thumb, 116 bytes, Stack size 12 bytes, stm32l1xx_rtc.o(.text), UNUSED)
<BR><BR>[Called By]<UL><LI><a href="#[ea]">&gt;&gt;</a>&nbsp;&nbsp;&nbsp;RtcWakeUpConfig
<LI><a href="#[e4]">&gt;&gt;</a>&nbsp;&nbsp;&nbsp;RtcWakeUp_ms
</UL>

<P><STRONG><a name="[1a6]"></a>RTC_DayLightSavingConfig</STRONG> (Thumb, 50 bytes, Stack size 0 bytes, stm32l1xx_rtc.o(.text), UNUSED)

<P><STRONG><a name="[1a7]"></a>RTC_GetStoreOperation</STRONG> (Thumb, 12 bytes, Stack size 0 bytes, stm32l1xx_rtc.o(.text), UNUSED)

<P><STRONG><a name="[1a8]"></a>RTC_OutputConfig</STRONG> (Thumb, 60 bytes, Stack size 0 bytes, stm32l1xx_rtc.o(.text), UNUSED)

<P><STRONG><a name="[74]"></a>RTC_CoarseCalibConfig</STRONG> (Thumb, 52 bytes, Stack size 16 bytes, stm32l1xx_rtc.o(.text), UNUSED)
<BR><BR>[Calls]<UL><LI><a href="#[6a]">&gt;&gt;</a>&nbsp;&nbsp;&nbsp;RTC_ExitInitMode
<LI><a href="#[67]">&gt;&gt;</a>&nbsp;&nbsp;&nbsp;RTC_EnterInitMode
</UL>

<P><STRONG><a name="[75]"></a>RTC_CoarseCalibCmd</STRONG> (Thumb, 76 bytes, Stack size 12 bytes, stm32l1xx_rtc.o(.text), UNUSED)
<BR><BR>[Calls]<UL><LI><a href="#[6a]">&gt;&gt;</a>&nbsp;&nbsp;&nbsp;RTC_ExitInitMode
<LI><a href="#[67]">&gt;&gt;</a>&nbsp;&nbsp;&nbsp;RTC_EnterInitMode
</UL>

<P><STRONG><a name="[1a9]"></a>RTC_CalibOutputCmd</STRONG> (Thumb, 54 bytes, Stack size 0 bytes, stm32l1xx_rtc.o(.text), UNUSED)

<P><STRONG><a name="[1aa]"></a>RTC_CalibOutputConfig</STRONG> (Thumb, 42 bytes, Stack size 0 bytes, stm32l1xx_rtc.o(.text), UNUSED)

<P><STRONG><a name="[1ab]"></a>RTC_SmoothCalibConfig</STRONG> (Thumb, 90 bytes, Stack size 16 bytes, stm32l1xx_rtc.o(.text), UNUSED)

<P><STRONG><a name="[1ac]"></a>RTC_TimeStampCmd</STRONG> (Thumb, 54 bytes, Stack size 8 bytes, stm32l1xx_rtc.o(.text), UNUSED)

<P><STRONG><a name="[76]"></a>RTC_GetTimeStamp</STRONG> (Thumb, 144 bytes, Stack size 24 bytes, stm32l1xx_rtc.o(.text), UNUSED)
<BR><BR>[Calls]<UL><LI><a href="#[6d]">&gt;&gt;</a>&nbsp;&nbsp;&nbsp;RTC_Bcd2ToByte
</UL>

<P><STRONG><a name="[1ad]"></a>RTC_GetTimeStampSubSecond</STRONG> (Thumb, 8 bytes, Stack size 0 bytes, stm32l1xx_rtc.o(.text), UNUSED)

<P><STRONG><a name="[1ae]"></a>RTC_TamperTriggerConfig</STRONG> (Thumb, 38 bytes, Stack size 0 bytes, stm32l1xx_rtc.o(.text), UNUSED)

<P><STRONG><a name="[1af]"></a>RTC_TamperCmd</STRONG> (Thumb, 34 bytes, Stack size 0 bytes, stm32l1xx_rtc.o(.text), UNUSED)

<P><STRONG><a name="[1b0]"></a>RTC_TamperFilterConfig</STRONG> (Thumb, 26 bytes, Stack size 0 bytes, stm32l1xx_rtc.o(.text), UNUSED)

<P><STRONG><a name="[1b1]"></a>RTC_TamperSamplingFreqConfig</STRONG> (Thumb, 26 bytes, Stack size 0 bytes, stm32l1xx_rtc.o(.text), UNUSED)

<P><STRONG><a name="[1b2]"></a>RTC_TamperPinsPrechargeDuration</STRONG> (Thumb, 26 bytes, Stack size 0 bytes, stm32l1xx_rtc.o(.text), UNUSED)

<P><STRONG><a name="[1b3]"></a>RTC_TimeStampOnTamperDetectionCmd</STRONG> (Thumb, 38 bytes, Stack size 0 bytes, stm32l1xx_rtc.o(.text), UNUSED)

<P><STRONG><a name="[1b4]"></a>RTC_TamperPullUpCmd</STRONG> (Thumb, 38 bytes, Stack size 0 bytes, stm32l1xx_rtc.o(.text), UNUSED)

<P><STRONG><a name="[f1]"></a>RTC_WriteBackupRegister</STRONG> (Thumb, 26 bytes, Stack size 8 bytes, stm32l1xx_rtc.o(.text))
<BR><BR>[Stack]<UL><LI>Max Depth = 8<LI>Call Chain = RTC_WriteBackupRegister
</UL>
<BR>[Called By]<UL><LI><a href="#[a3]">&gt;&gt;</a>&nbsp;&nbsp;&nbsp;RtcInit
</UL>

<P><STRONG><a name="[f0]"></a>RTC_ReadBackupRegister</STRONG> (Thumb, 28 bytes, Stack size 8 bytes, stm32l1xx_rtc.o(.text))
<BR><BR>[Stack]<UL><LI>Max Depth = 8<LI>Call Chain = RTC_ReadBackupRegister
</UL>
<BR>[Called By]<UL><LI><a href="#[a3]">&gt;&gt;</a>&nbsp;&nbsp;&nbsp;RtcInit
</UL>

<P><STRONG><a name="[1b5]"></a>RTC_OutputTypeConfig</STRONG> (Thumb, 26 bytes, Stack size 0 bytes, stm32l1xx_rtc.o(.text), UNUSED)

<P><STRONG><a name="[77]"></a>RTC_SynchroShiftConfig</STRONG> (Thumb, 118 bytes, Stack size 20 bytes, stm32l1xx_rtc.o(.text), UNUSED)
<BR><BR>[Calls]<UL><LI><a href="#[68]">&gt;&gt;</a>&nbsp;&nbsp;&nbsp;RTC_WaitForSynchro
</UL>

<P><STRONG><a name="[e9]"></a>RTC_ITConfig</STRONG> (Thumb, 108 bytes, Stack size 0 bytes, stm32l1xx_rtc.o(.text))
<BR><BR>[Called By]<UL><LI><a href="#[ea]">&gt;&gt;</a>&nbsp;&nbsp;&nbsp;RtcWakeUpConfig
<LI><a href="#[e4]">&gt;&gt;</a>&nbsp;&nbsp;&nbsp;RtcWakeUp_ms
<LI><a href="#[a8]">&gt;&gt;</a>&nbsp;&nbsp;&nbsp;RTC_AlartSet
</UL>

<P><STRONG><a name="[df]"></a>RTC_GetFlagStatus</STRONG> (Thumb, 34 bytes, Stack size 8 bytes, stm32l1xx_rtc.o(.text))
<BR><BR>[Stack]<UL><LI>Max Depth = 8<LI>Call Chain = RTC_GetFlagStatus
</UL>
<BR>[Called By]<UL><LI><a href="#[33]">&gt;&gt;</a>&nbsp;&nbsp;&nbsp;RTC_Alarm_IRQHandler
</UL>

<P><STRONG><a name="[e6]"></a>RTC_ClearFlag</STRONG> (Thumb, 30 bytes, Stack size 0 bytes, stm32l1xx_rtc.o(.text), UNUSED)
<BR><BR>[Called By]<UL><LI><a href="#[ea]">&gt;&gt;</a>&nbsp;&nbsp;&nbsp;RtcWakeUpConfig
<LI><a href="#[e4]">&gt;&gt;</a>&nbsp;&nbsp;&nbsp;RtcWakeUp_ms
</UL>

<P><STRONG><a name="[e3]"></a>RTC_GetITStatus</STRONG> (Thumb, 66 bytes, Stack size 12 bytes, stm32l1xx_rtc.o(.text))
<BR><BR>[Stack]<UL><LI>Max Depth = 12<LI>Call Chain = RTC_GetITStatus
</UL>
<BR>[Called By]<UL><LI><a href="#[d]">&gt;&gt;</a>&nbsp;&nbsp;&nbsp;RTC_WKUP_IRQHandler
</UL>

<P><STRONG><a name="[e1]"></a>RTC_ClearITPendingBit</STRONG> (Thumb, 32 bytes, Stack size 0 bytes, stm32l1xx_rtc.o(.text))
<BR><BR>[Called By]<UL><LI><a href="#[ea]">&gt;&gt;</a>&nbsp;&nbsp;&nbsp;RtcWakeUpConfig
<LI><a href="#[e4]">&gt;&gt;</a>&nbsp;&nbsp;&nbsp;RtcWakeUp_ms
<LI><a href="#[d]">&gt;&gt;</a>&nbsp;&nbsp;&nbsp;RTC_WKUP_IRQHandler
<LI><a href="#[33]">&gt;&gt;</a>&nbsp;&nbsp;&nbsp;RTC_Alarm_IRQHandler
<LI><a href="#[a8]">&gt;&gt;</a>&nbsp;&nbsp;&nbsp;RTC_AlartSet
</UL>

<P><STRONG><a name="[78]"></a>SYSCFG_DeInit</STRONG> (Thumb, 20 bytes, Stack size 8 bytes, stm32l1xx_syscfg.o(.text), UNUSED)
<BR><BR>[Calls]<UL><LI><a href="#[5f]">&gt;&gt;</a>&nbsp;&nbsp;&nbsp;RCC_APB2PeriphResetCmd
</UL>

<P><STRONG><a name="[1b6]"></a>SYSCFG_RIDeInit</STRONG> (Thumb, 32 bytes, Stack size 0 bytes, stm32l1xx_syscfg.o(.text), UNUSED)

<P><STRONG><a name="[1b7]"></a>SYSCFG_MemoryRemapConfig</STRONG> (Thumb, 6 bytes, Stack size 0 bytes, stm32l1xx_syscfg.o(.text), UNUSED)

<P><STRONG><a name="[1b8]"></a>SYSCFG_GetBootMode</STRONG> (Thumb, 10 bytes, Stack size 0 bytes, stm32l1xx_syscfg.o(.text), UNUSED)

<P><STRONG><a name="[1b9]"></a>SYSCFG_USBPuCmd</STRONG> (Thumb, 30 bytes, Stack size 0 bytes, stm32l1xx_syscfg.o(.text), UNUSED)

<P><STRONG><a name="[a1]"></a>SYSCFG_EXTILineConfig</STRONG> (Thumb, 66 bytes, Stack size 12 bytes, stm32l1xx_syscfg.o(.text))
<BR><BR>[Stack]<UL><LI>Max Depth = 12<LI>Call Chain = SYSCFG_EXTILineConfig
</UL>
<BR>[Called By]<UL><LI><a href="#[9f]">&gt;&gt;</a>&nbsp;&nbsp;&nbsp;EXTI_Cfg
</UL>

<P><STRONG><a name="[1ba]"></a>SYSCFG_RITIMSelect</STRONG> (Thumb, 18 bytes, Stack size 0 bytes, stm32l1xx_syscfg.o(.text), UNUSED)

<P><STRONG><a name="[1bb]"></a>SYSCFG_RITIMInputCaptureConfig</STRONG> (Thumb, 86 bytes, Stack size 0 bytes, stm32l1xx_syscfg.o(.text), UNUSED)

<P><STRONG><a name="[1bc]"></a>SYSCFG_RIResistorConfig</STRONG> (Thumb, 34 bytes, Stack size 0 bytes, stm32l1xx_syscfg.o(.text), UNUSED)

<P><STRONG><a name="[1bd]"></a>SYSCFG_RIChannelSpeedConfig</STRONG> (Thumb, 34 bytes, Stack size 0 bytes, stm32l1xx_syscfg.o(.text), UNUSED)

<P><STRONG><a name="[1be]"></a>SYSCFG_RIIOSwitchConfig</STRONG> (Thumb, 80 bytes, Stack size 8 bytes, stm32l1xx_syscfg.o(.text), UNUSED)

<P><STRONG><a name="[1bf]"></a>SYSCFG_RISwitchControlModeCmd</STRONG> (Thumb, 38 bytes, Stack size 0 bytes, stm32l1xx_syscfg.o(.text), UNUSED)

<P><STRONG><a name="[1c0]"></a>SYSCFG_RIHysteresisConfig</STRONG> (Thumb, 282 bytes, Stack size 8 bytes, stm32l1xx_syscfg.o(.text), UNUSED)

<P><STRONG><a name="[79]"></a>TIM_DeInit</STRONG> (Thumb, 220 bytes, Stack size 8 bytes, stm32l1xx_tim.o(.text), UNUSED)
<BR><BR>[Calls]<UL><LI><a href="#[63]">&gt;&gt;</a>&nbsp;&nbsp;&nbsp;RCC_APB1PeriphResetCmd
<LI><a href="#[5f]">&gt;&gt;</a>&nbsp;&nbsp;&nbsp;RCC_APB2PeriphResetCmd
</UL>

<P><STRONG><a name="[fd]"></a>TIM_TimeBaseInit</STRONG> (Thumb, 76 bytes, Stack size 0 bytes, stm32l1xx_tim.o(.text))
<BR><BR>[Called By]<UL><LI><a href="#[a4]">&gt;&gt;</a>&nbsp;&nbsp;&nbsp;TIM_Config
</UL>

<P><STRONG><a name="[1c1]"></a>TIM_TimeBaseStructInit</STRONG> (Thumb, 16 bytes, Stack size 0 bytes, stm32l1xx_tim.o(.text), UNUSED)

<P><STRONG><a name="[1c2]"></a>TIM_PrescalerConfig</STRONG> (Thumb, 6 bytes, Stack size 0 bytes, stm32l1xx_tim.o(.text), UNUSED)

<P><STRONG><a name="[1c3]"></a>TIM_CounterModeConfig</STRONG> (Thumb, 18 bytes, Stack size 0 bytes, stm32l1xx_tim.o(.text), UNUSED)

<P><STRONG><a name="[1c4]"></a>TIM_SetCounter</STRONG> (Thumb, 4 bytes, Stack size 0 bytes, stm32l1xx_tim.o(.text), UNUSED)

<P><STRONG><a name="[1c5]"></a>TIM_SetAutoreload</STRONG> (Thumb, 4 bytes, Stack size 0 bytes, stm32l1xx_tim.o(.text), UNUSED)

<P><STRONG><a name="[1c6]"></a>TIM_GetCounter</STRONG> (Thumb, 6 bytes, Stack size 0 bytes, stm32l1xx_tim.o(.text), UNUSED)

<P><STRONG><a name="[1c7]"></a>TIM_GetPrescaler</STRONG> (Thumb, 6 bytes, Stack size 0 bytes, stm32l1xx_tim.o(.text), UNUSED)

<P><STRONG><a name="[1c8]"></a>TIM_UpdateDisableConfig</STRONG> (Thumb, 24 bytes, Stack size 0 bytes, stm32l1xx_tim.o(.text), UNUSED)

<P><STRONG><a name="[1c9]"></a>TIM_UpdateRequestConfig</STRONG> (Thumb, 24 bytes, Stack size 0 bytes, stm32l1xx_tim.o(.text), UNUSED)

<P><STRONG><a name="[1ca]"></a>TIM_ARRPreloadConfig</STRONG> (Thumb, 24 bytes, Stack size 0 bytes, stm32l1xx_tim.o(.text), UNUSED)

<P><STRONG><a name="[1cb]"></a>TIM_SelectOnePulseMode</STRONG> (Thumb, 18 bytes, Stack size 0 bytes, stm32l1xx_tim.o(.text), UNUSED)

<P><STRONG><a name="[1cc]"></a>TIM_SetClockDivision</STRONG> (Thumb, 18 bytes, Stack size 0 bytes, stm32l1xx_tim.o(.text), UNUSED)

<P><STRONG><a name="[100]"></a>TIM_Cmd</STRONG> (Thumb, 24 bytes, Stack size 0 bytes, stm32l1xx_tim.o(.text))
<BR><BR>[Called By]<UL><LI><a href="#[a4]">&gt;&gt;</a>&nbsp;&nbsp;&nbsp;TIM_Config
</UL>

<P><STRONG><a name="[1cd]"></a>TIM_OC1Init</STRONG> (Thumb, 56 bytes, Stack size 12 bytes, stm32l1xx_tim.o(.text), UNUSED)

<P><STRONG><a name="[1ce]"></a>TIM_OC2Init</STRONG> (Thumb, 70 bytes, Stack size 12 bytes, stm32l1xx_tim.o(.text), UNUSED)

<P><STRONG><a name="[1cf]"></a>TIM_OC3Init</STRONG> (Thumb, 66 bytes, Stack size 12 bytes, stm32l1xx_tim.o(.text), UNUSED)

<P><STRONG><a name="[1d0]"></a>TIM_OC4Init</STRONG> (Thumb, 70 bytes, Stack size 12 bytes, stm32l1xx_tim.o(.text), UNUSED)

<P><STRONG><a name="[1d1]"></a>TIM_OCStructInit</STRONG> (Thumb, 12 bytes, Stack size 0 bytes, stm32l1xx_tim.o(.text), UNUSED)

<P><STRONG><a name="[1d2]"></a>TIM_SelectOCxM</STRONG> (Thumb, 82 bytes, Stack size 16 bytes, stm32l1xx_tim.o(.text), UNUSED)

<P><STRONG><a name="[1d3]"></a>TIM_SetCompare1</STRONG> (Thumb, 4 bytes, Stack size 0 bytes, stm32l1xx_tim.o(.text), UNUSED)

<P><STRONG><a name="[1d4]"></a>TIM_SetCompare2</STRONG> (Thumb, 4 bytes, Stack size 0 bytes, stm32l1xx_tim.o(.text), UNUSED)

<P><STRONG><a name="[1d5]"></a>TIM_SetCompare3</STRONG> (Thumb, 4 bytes, Stack size 0 bytes, stm32l1xx_tim.o(.text), UNUSED)

<P><STRONG><a name="[1d6]"></a>TIM_SetCompare4</STRONG> (Thumb, 4 bytes, Stack size 0 bytes, stm32l1xx_tim.o(.text), UNUSED)

<P><STRONG><a name="[1d7]"></a>TIM_ForcedOC1Config</STRONG> (Thumb, 18 bytes, Stack size 0 bytes, stm32l1xx_tim.o(.text), UNUSED)

<P><STRONG><a name="[1d8]"></a>TIM_ForcedOC2Config</STRONG> (Thumb, 26 bytes, Stack size 0 bytes, stm32l1xx_tim.o(.text), UNUSED)

<P><STRONG><a name="[1d9]"></a>TIM_ForcedOC3Config</STRONG> (Thumb, 18 bytes, Stack size 0 bytes, stm32l1xx_tim.o(.text), UNUSED)

<P><STRONG><a name="[1da]"></a>TIM_ForcedOC4Config</STRONG> (Thumb, 26 bytes, Stack size 0 bytes, stm32l1xx_tim.o(.text), UNUSED)

<P><STRONG><a name="[1db]"></a>TIM_OC1PreloadConfig</STRONG> (Thumb, 18 bytes, Stack size 0 bytes, stm32l1xx_tim.o(.text), UNUSED)

<P><STRONG><a name="[1dc]"></a>TIM_OC2PreloadConfig</STRONG> (Thumb, 26 bytes, Stack size 0 bytes, stm32l1xx_tim.o(.text), UNUSED)

<P><STRONG><a name="[1dd]"></a>TIM_OC3PreloadConfig</STRONG> (Thumb, 18 bytes, Stack size 0 bytes, stm32l1xx_tim.o(.text), UNUSED)

<P><STRONG><a name="[1de]"></a>TIM_OC4PreloadConfig</STRONG> (Thumb, 58 bytes, Stack size 0 bytes, stm32l1xx_tim.o(.text), UNUSED)

<P><STRONG><a name="[1df]"></a>TIM_OC1FastConfig</STRONG> (Thumb, 18 bytes, Stack size 0 bytes, stm32l1xx_tim.o(.text), UNUSED)

<P><STRONG><a name="[1e0]"></a>TIM_OC2FastConfig</STRONG> (Thumb, 26 bytes, Stack size 0 bytes, stm32l1xx_tim.o(.text), UNUSED)

<P><STRONG><a name="[1e1]"></a>TIM_OC3FastConfig</STRONG> (Thumb, 18 bytes, Stack size 0 bytes, stm32l1xx_tim.o(.text), UNUSED)

<P><STRONG><a name="[1e2]"></a>TIM_OC4FastConfig</STRONG> (Thumb, 26 bytes, Stack size 0 bytes, stm32l1xx_tim.o(.text), UNUSED)

<P><STRONG><a name="[1e3]"></a>TIM_ClearOC1Ref</STRONG> (Thumb, 18 bytes, Stack size 0 bytes, stm32l1xx_tim.o(.text), UNUSED)

<P><STRONG><a name="[1e4]"></a>TIM_ClearOC2Ref</STRONG> (Thumb, 24 bytes, Stack size 0 bytes, stm32l1xx_tim.o(.text), UNUSED)

<P><STRONG><a name="[1e5]"></a>TIM_ClearOC3Ref</STRONG> (Thumb, 18 bytes, Stack size 0 bytes, stm32l1xx_tim.o(.text), UNUSED)

<P><STRONG><a name="[1e6]"></a>TIM_ClearOC4Ref</STRONG> (Thumb, 24 bytes, Stack size 0 bytes, stm32l1xx_tim.o(.text), UNUSED)

<P><STRONG><a name="[1e7]"></a>TIM_OC1PolarityConfig</STRONG> (Thumb, 18 bytes, Stack size 0 bytes, stm32l1xx_tim.o(.text), UNUSED)

<P><STRONG><a name="[1e8]"></a>TIM_OC2PolarityConfig</STRONG> (Thumb, 26 bytes, Stack size 0 bytes, stm32l1xx_tim.o(.text), UNUSED)

<P><STRONG><a name="[1e9]"></a>TIM_OC3PolarityConfig</STRONG> (Thumb, 26 bytes, Stack size 0 bytes, stm32l1xx_tim.o(.text), UNUSED)

<P><STRONG><a name="[1ea]"></a>TIM_OC4PolarityConfig</STRONG> (Thumb, 26 bytes, Stack size 0 bytes, stm32l1xx_tim.o(.text), UNUSED)

<P><STRONG><a name="[1eb]"></a>TIM_SelectOCREFClear</STRONG> (Thumb, 18 bytes, Stack size 0 bytes, stm32l1xx_tim.o(.text), UNUSED)

<P><STRONG><a name="[1ec]"></a>TIM_CCxCmd</STRONG> (Thumb, 30 bytes, Stack size 12 bytes, stm32l1xx_tim.o(.text), UNUSED)

<P><STRONG><a name="[82]"></a>TIM_SetIC4Prescaler</STRONG> (Thumb, 26 bytes, Stack size 0 bytes, stm32l1xx_tim.o(.text), UNUSED)
<BR><BR>[Called By]<UL><LI><a href="#[7a]">&gt;&gt;</a>&nbsp;&nbsp;&nbsp;TIM_ICInit
</UL>

<P><STRONG><a name="[80]"></a>TIM_SetIC3Prescaler</STRONG> (Thumb, 18 bytes, Stack size 0 bytes, stm32l1xx_tim.o(.text), UNUSED)
<BR><BR>[Called By]<UL><LI><a href="#[7a]">&gt;&gt;</a>&nbsp;&nbsp;&nbsp;TIM_ICInit
</UL>

<P><STRONG><a name="[7e]"></a>TIM_SetIC2Prescaler</STRONG> (Thumb, 26 bytes, Stack size 0 bytes, stm32l1xx_tim.o(.text), UNUSED)
<BR><BR>[Called By]<UL><LI><a href="#[83]">&gt;&gt;</a>&nbsp;&nbsp;&nbsp;TIM_PWMIConfig
<LI><a href="#[7a]">&gt;&gt;</a>&nbsp;&nbsp;&nbsp;TIM_ICInit
</UL>

<P><STRONG><a name="[7c]"></a>TIM_SetIC1Prescaler</STRONG> (Thumb, 18 bytes, Stack size 0 bytes, stm32l1xx_tim.o(.text), UNUSED)
<BR><BR>[Called By]<UL><LI><a href="#[83]">&gt;&gt;</a>&nbsp;&nbsp;&nbsp;TIM_PWMIConfig
<LI><a href="#[7a]">&gt;&gt;</a>&nbsp;&nbsp;&nbsp;TIM_ICInit
</UL>

<P><STRONG><a name="[7a]"></a>TIM_ICInit</STRONG> (Thumb, 110 bytes, Stack size 16 bytes, stm32l1xx_tim.o(.text), UNUSED)
<BR><BR>[Calls]<UL><LI><a href="#[7c]">&gt;&gt;</a>&nbsp;&nbsp;&nbsp;TIM_SetIC1Prescaler
<LI><a href="#[7e]">&gt;&gt;</a>&nbsp;&nbsp;&nbsp;TIM_SetIC2Prescaler
<LI><a href="#[80]">&gt;&gt;</a>&nbsp;&nbsp;&nbsp;TIM_SetIC3Prescaler
<LI><a href="#[82]">&gt;&gt;</a>&nbsp;&nbsp;&nbsp;TIM_SetIC4Prescaler
<LI><a href="#[7b]">&gt;&gt;</a>&nbsp;&nbsp;&nbsp;TI1_Config
<LI><a href="#[7d]">&gt;&gt;</a>&nbsp;&nbsp;&nbsp;TI2_Config
<LI><a href="#[7f]">&gt;&gt;</a>&nbsp;&nbsp;&nbsp;TI3_Config
<LI><a href="#[81]">&gt;&gt;</a>&nbsp;&nbsp;&nbsp;TI4_Config
</UL>

<P><STRONG><a name="[1ed]"></a>TIM_ICStructInit</STRONG> (Thumb, 18 bytes, Stack size 0 bytes, stm32l1xx_tim.o(.text), UNUSED)

<P><STRONG><a name="[83]"></a>TIM_PWMIConfig</STRONG> (Thumb, 124 bytes, Stack size 24 bytes, stm32l1xx_tim.o(.text), UNUSED)
<BR><BR>[Calls]<UL><LI><a href="#[7c]">&gt;&gt;</a>&nbsp;&nbsp;&nbsp;TIM_SetIC1Prescaler
<LI><a href="#[7e]">&gt;&gt;</a>&nbsp;&nbsp;&nbsp;TIM_SetIC2Prescaler
<LI><a href="#[7b]">&gt;&gt;</a>&nbsp;&nbsp;&nbsp;TI1_Config
<LI><a href="#[7d]">&gt;&gt;</a>&nbsp;&nbsp;&nbsp;TI2_Config
</UL>

<P><STRONG><a name="[1ee]"></a>TIM_GetCapture1</STRONG> (Thumb, 6 bytes, Stack size 0 bytes, stm32l1xx_tim.o(.text), UNUSED)

<P><STRONG><a name="[1ef]"></a>TIM_GetCapture2</STRONG> (Thumb, 6 bytes, Stack size 0 bytes, stm32l1xx_tim.o(.text), UNUSED)

<P><STRONG><a name="[1f0]"></a>TIM_GetCapture3</STRONG> (Thumb, 6 bytes, Stack size 0 bytes, stm32l1xx_tim.o(.text), UNUSED)

<P><STRONG><a name="[1f1]"></a>TIM_GetCapture4</STRONG> (Thumb, 6 bytes, Stack size 0 bytes, stm32l1xx_tim.o(.text), UNUSED)

<P><STRONG><a name="[ff]"></a>TIM_ITConfig</STRONG> (Thumb, 18 bytes, Stack size 0 bytes, stm32l1xx_tim.o(.text))
<BR><BR>[Called By]<UL><LI><a href="#[a4]">&gt;&gt;</a>&nbsp;&nbsp;&nbsp;TIM_Config
</UL>

<P><STRONG><a name="[1f2]"></a>TIM_GenerateEvent</STRONG> (Thumb, 4 bytes, Stack size 0 bytes, stm32l1xx_tim.o(.text), UNUSED)

<P><STRONG><a name="[1f3]"></a>TIM_GetFlagStatus</STRONG> (Thumb, 18 bytes, Stack size 0 bytes, stm32l1xx_tim.o(.text), UNUSED)

<P><STRONG><a name="[fe]"></a>TIM_ClearFlag</STRONG> (Thumb, 6 bytes, Stack size 0 bytes, stm32l1xx_tim.o(.text))
<BR><BR>[Called By]<UL><LI><a href="#[a4]">&gt;&gt;</a>&nbsp;&nbsp;&nbsp;TIM_Config
</UL>

<P><STRONG><a name="[fa]"></a>TIM_GetITStatus</STRONG> (Thumb, 34 bytes, Stack size 12 bytes, stm32l1xx_tim.o(.text))
<BR><BR>[Stack]<UL><LI>Max Depth = 12<LI>Call Chain = TIM_GetITStatus
</UL>
<BR>[Called By]<UL><LI><a href="#[26]">&gt;&gt;</a>&nbsp;&nbsp;&nbsp;TIM2_IRQHandler
</UL>

<P><STRONG><a name="[fb]"></a>TIM_ClearITPendingBit</STRONG> (Thumb, 6 bytes, Stack size 0 bytes, stm32l1xx_tim.o(.text))
<BR><BR>[Called By]<UL><LI><a href="#[26]">&gt;&gt;</a>&nbsp;&nbsp;&nbsp;TIM2_IRQHandler
</UL>

<P><STRONG><a name="[1f4]"></a>TIM_DMAConfig</STRONG> (Thumb, 10 bytes, Stack size 0 bytes, stm32l1xx_tim.o(.text), UNUSED)

<P><STRONG><a name="[1f5]"></a>TIM_DMACmd</STRONG> (Thumb, 18 bytes, Stack size 0 bytes, stm32l1xx_tim.o(.text), UNUSED)

<P><STRONG><a name="[1f6]"></a>TIM_SelectCCDMA</STRONG> (Thumb, 24 bytes, Stack size 0 bytes, stm32l1xx_tim.o(.text), UNUSED)

<P><STRONG><a name="[1f7]"></a>TIM_InternalClockConfig</STRONG> (Thumb, 12 bytes, Stack size 0 bytes, stm32l1xx_tim.o(.text), UNUSED)

<P><STRONG><a name="[85]"></a>TIM_SelectInputTrigger</STRONG> (Thumb, 18 bytes, Stack size 0 bytes, stm32l1xx_tim.o(.text), UNUSED)
<BR><BR>[Called By]<UL><LI><a href="#[86]">&gt;&gt;</a>&nbsp;&nbsp;&nbsp;TIM_TIxExternalClockConfig
<LI><a href="#[84]">&gt;&gt;</a>&nbsp;&nbsp;&nbsp;TIM_ITRxExternalClockConfig
</UL>

<P><STRONG><a name="[84]"></a>TIM_ITRxExternalClockConfig</STRONG> (Thumb, 24 bytes, Stack size 12 bytes, stm32l1xx_tim.o(.text), UNUSED)
<BR><BR>[Calls]<UL><LI><a href="#[85]">&gt;&gt;</a>&nbsp;&nbsp;&nbsp;TIM_SelectInputTrigger
</UL>

<P><STRONG><a name="[86]"></a>TIM_TIxExternalClockConfig</STRONG> (Thumb, 62 bytes, Stack size 24 bytes, stm32l1xx_tim.o(.text), UNUSED)
<BR><BR>[Calls]<UL><LI><a href="#[85]">&gt;&gt;</a>&nbsp;&nbsp;&nbsp;TIM_SelectInputTrigger
<LI><a href="#[7b]">&gt;&gt;</a>&nbsp;&nbsp;&nbsp;TI1_Config
<LI><a href="#[7d]">&gt;&gt;</a>&nbsp;&nbsp;&nbsp;TI2_Config
</UL>

<P><STRONG><a name="[88]"></a>TIM_ETRConfig</STRONG> (Thumb, 28 bytes, Stack size 12 bytes, stm32l1xx_tim.o(.text), UNUSED)
<BR><BR>[Called By]<UL><LI><a href="#[89]">&gt;&gt;</a>&nbsp;&nbsp;&nbsp;TIM_ETRClockMode2Config
<LI><a href="#[87]">&gt;&gt;</a>&nbsp;&nbsp;&nbsp;TIM_ETRClockMode1Config
</UL>

<P><STRONG><a name="[87]"></a>TIM_ETRClockMode1Config</STRONG> (Thumb, 54 bytes, Stack size 24 bytes, stm32l1xx_tim.o(.text), UNUSED)
<BR><BR>[Calls]<UL><LI><a href="#[88]">&gt;&gt;</a>&nbsp;&nbsp;&nbsp;TIM_ETRConfig
</UL>

<P><STRONG><a name="[89]"></a>TIM_ETRClockMode2Config</STRONG> (Thumb, 32 bytes, Stack size 20 bytes, stm32l1xx_tim.o(.text), UNUSED)
<BR><BR>[Calls]<UL><LI><a href="#[88]">&gt;&gt;</a>&nbsp;&nbsp;&nbsp;TIM_ETRConfig
</UL>

<P><STRONG><a name="[1f8]"></a>TIM_SelectOutputTrigger</STRONG> (Thumb, 18 bytes, Stack size 0 bytes, stm32l1xx_tim.o(.text), UNUSED)

<P><STRONG><a name="[1f9]"></a>TIM_SelectSlaveMode</STRONG> (Thumb, 18 bytes, Stack size 0 bytes, stm32l1xx_tim.o(.text), UNUSED)

<P><STRONG><a name="[1fa]"></a>TIM_SelectMasterSlaveMode</STRONG> (Thumb, 18 bytes, Stack size 0 bytes, stm32l1xx_tim.o(.text), UNUSED)

<P><STRONG><a name="[1fb]"></a>TIM_EncoderInterfaceConfig</STRONG> (Thumb, 66 bytes, Stack size 20 bytes, stm32l1xx_tim.o(.text), UNUSED)

<P><STRONG><a name="[1fc]"></a>TIM_SelectHallSensor</STRONG> (Thumb, 24 bytes, Stack size 0 bytes, stm32l1xx_tim.o(.text), UNUSED)

<P><STRONG><a name="[1fd]"></a>TIM_RemapConfig</STRONG> (Thumb, 22 bytes, Stack size 0 bytes, stm32l1xx_tim.o(.text), UNUSED)

<P><STRONG><a name="[8a]"></a>USART_DeInit</STRONG> (Thumb, 134 bytes, Stack size 8 bytes, stm32l1xx_usart.o(.text), UNUSED)
<BR><BR>[Calls]<UL><LI><a href="#[63]">&gt;&gt;</a>&nbsp;&nbsp;&nbsp;RCC_APB1PeriphResetCmd
<LI><a href="#[5f]">&gt;&gt;</a>&nbsp;&nbsp;&nbsp;RCC_APB2PeriphResetCmd
</UL>

<P><STRONG><a name="[8b]"></a>USART_Init</STRONG> (Thumb, 198 bytes, Stack size 48 bytes, stm32l1xx_usart.o(.text))
<BR><BR>[Stack]<UL><LI>Max Depth = 68<LI>Call Chain = USART_Init &rArr; RCC_GetClocksFreq
</UL>
<BR>[Calls]<UL><LI><a href="#[8c]">&gt;&gt;</a>&nbsp;&nbsp;&nbsp;RCC_GetClocksFreq
</UL>
<BR>[Called By]<UL><LI><a href="#[59]">&gt;&gt;</a>&nbsp;&nbsp;&nbsp;flow_read
<LI><a href="#[c2]">&gt;&gt;</a>&nbsp;&nbsp;&nbsp;InitHardUart
</UL>

[...]
</UL>

<P><STRONG><a name="[141]"></a>ChgRcdHead</STRONG> (Thumb, 20 bytes, Stack size 8 bytes, app_record.o(.text), UNUSED)
<BR><BR>[Calls]<UL><LI><a href="#[13e]">&gt;&gt;</a>&nbsp;&nbsp;&nbsp;SaveRcdHead
</UL>

<P><STRONG><a name="[11d]"></a>ReadFlowAddr</STRONG> (Thumb, 120 bytes, Stack size 272 bytes, app_record.o(.text))
<BR><BR>[Stack]<UL><LI>Max Depth = 344<LI>Call Chain = ReadFlowAddr &rArr; EepRd &rArr; BSP_EE_ReadBytes &rArr; i2c_SendByte &rArr; i2c_Delay
</UL>
<BR>[Calls]<UL><LI><a href="#[52]">&gt;&gt;</a>&nbsp;&nbsp;&nbsp;Delay_ms
<LI><a href="#[4a]">&gt;&gt;</a>&nbsp;&nbsp;&nbsp;__2printf
<LI><a href="#[10f]">&gt;&gt;</a>&nbsp;&nbsp;&nbsp;EepRd
</UL>
<BR>[Called By]<UL><LI><a href="#[54]">&gt;&gt;</a>&nbsp;&nbsp;&nbsp;InitUserConfig
<LI><a href="#[142]">&gt;&gt;</a>&nbsp;&nbsp;&nbsp;InitFlowAddr
<LI><a href="#[137]">&gt;&gt;</a>&nbsp;&nbsp;&nbsp;NbSetPara
</UL>

<P><STRONG><a name="[142]"></a>InitFlowAddr</STRONG> (Thumb, 8 bytes, Stack size 8 bytes, app_record.o(.text), UNUSED)
<BR><BR>[Calls]<UL><LI><a href="#[11d]">&gt;&gt;</a>&nbsp;&nbsp;&nbsp;ReadFlowAddr
</UL>

<P><STRONG><a name="[138]"></a>SaveFlowAddr</STRONG> (Thumb, 72 bytes, Stack size 280 bytes, app_record.o(.text))
<BR><BR>[Stack]<UL><LI>Max Depth = 360<LI>Call Chain = SaveFlowAddr &rArr; EepWr &rArr; BSP_EE_WriteBytes &rArr; i2c_SendByte &rArr; i2c_Delay
</UL>
<BR>[Calls]<UL><LI><a href="#[10e]">&gt;&gt;</a>&nbsp;&nbsp;&nbsp;EepWr
</UL>
<BR>[Called By]<UL><LI><a href="#[137]">&gt;&gt;</a>&nbsp;&nbsp;&nbsp;NbSetPara
</UL>

<P><STRONG><a name="[4f]"></a>rand</STRONG> (Thumb, 20 bytes, Stack size 0 bytes, rand.o(.text))
<BR><BR>[Called By]<UL><LI><a href="#[4d]">&gt;&gt;</a>&nbsp;&nbsp;&nbsp;SleepTime
</UL>

<P><STRONG><a name="[4e]"></a>srand</STRONG> (Thumb, 6 bytes, Stack size 0 bytes, rand.o(.text))
<BR><BR>[Called By]<UL><LI><a href="#[4d]">&gt;&gt;</a>&nbsp;&nbsp;&nbsp;SleepTime
</UL>

<P><STRONG><a name="[116]"></a>__aeabi_memcpy</STRONG> (Thumb, 36 bytes, Stack size 0 bytes, memcpya.o(.text))
<BR><BR>[Called By]<UL><LI><a href="#[140]">&gt;&gt;</a>&nbsp;&nbsp;&nbsp;ReadRecord
<LI><a href="#[13f]">&gt;&gt;</a>&nbsp;&nbsp;&nbsp;SaveRecord
<LI><a href="#[13d]">&gt;&gt;</a>&nbsp;&nbsp;&nbsp;ReadRcdHead
<LI><a href="#[137]">&gt;&gt;</a>&nbsp;&nbsp;&nbsp;NbSetPara
<LI><a href="#[11c]">&gt;&gt;</a>&nbsp;&nbsp;&nbsp;SaveTotFlow
<LI><a href="#[11b]">&gt;&gt;</a>&nbsp;&nbsp;&nbsp;ReadUserConfig
<LI><a href="#[119]">&gt;&gt;</a>&nbsp;&nbsp;&nbsp;CheckWmPara2
<LI><a href="#[118]">&gt;&gt;</a>&nbsp;&nbsp;&nbsp;CheckWmPara1
<LI><a href="#[117]">&gt;&gt;</a>&nbsp;&nbsp;&nbsp;ReadTotFlow2
<LI><a href="#[115]">&gt;&gt;</a>&nbsp;&nbsp;&nbsp;ReadTotFlow1
</UL>

<P><STRONG><a name="[13b]"></a>__aeabi_memcpy4</STRONG> (Thumb, 0 bytes, Stack size 0 bytes, memcpya.o(.text))
<BR><BR>[Called By]<UL><LI><a href="#[59]">&gt;&gt;</a>&nbsp;&nbsp;&nbsp;flow_read
</UL>

<P><STRONG><a name="[219]"></a>__aeabi_memcpy8</STRONG> (Thumb, 0 bytes, Stack size 0 bytes, memcpya.o(.text), UNUSED)

<P><STRONG><a name="[143]"></a>__aeabi_memset</STRONG> (Thumb, 14 bytes, Stack size 0 bytes, memseta.o(.text))
<BR><BR>[Called By]<UL><LI><a href="#[144]">&gt;&gt;</a>&nbsp;&nbsp;&nbsp;_memset$wrapper
<LI><a href="#[121]">&gt;&gt;</a>&nbsp;&nbsp;&nbsp;__aeabi_memclr
</UL>

<P><STRONG><a name="[21a]"></a>__aeabi_memset4</STRONG> (Thumb, 0 bytes, Stack size 0 bytes, memseta.o(.text), UNUSED)

<P><STRONG><a name="[21b]"></a>__aeabi_memset8</STRONG> (Thumb, 0 bytes, Stack size 0 bytes, memseta.o(.text), UNUSED)

<P><STRONG><a name="[121]"></a>__aeabi_memclr</STRONG> (Thumb, 4 bytes, Stack size 0 bytes, memseta.o(.text))
<BR><BR>[Calls]<UL><LI><a href="#[143]">&gt;&gt;</a>&nbsp;&nbsp;&nbsp;__aeabi_memset
</UL>
<BR>[Called By]<UL><LI><a href="#[5c]">&gt;&gt;</a>&nbsp;&nbsp;&nbsp;NB_Connect
<LI><a href="#[56]">&gt;&gt;</a>&nbsp;&nbsp;&nbsp;NB_Close
<LI><a href="#[122]">&gt;&gt;</a>&nbsp;&nbsp;&nbsp;Nb_ResetDelay
<LI><a href="#[120]">&gt;&gt;</a>&nbsp;&nbsp;&nbsp;NB_Reset
</UL>

<P><STRONG><a name="[13a]"></a>__aeabi_memclr4</STRONG> (Thumb, 0 bytes, Stack size 0 bytes, memseta.o(.text))
<BR><BR>[Called By]<UL><LI><a href="#[139]">&gt;&gt;</a>&nbsp;&nbsp;&nbsp;FlowRec
</UL>

<P><STRONG><a name="[21c]"></a>__aeabi_memclr8</STRONG> (Thumb, 0 bytes, Stack size 0 bytes, memseta.o(.text), UNUSED)

<P><STRONG><a name="[144]"></a>_memset$wrapper</STRONG> (Thumb, 18 bytes, Stack size 8 bytes, memseta.o(.text), UNUSED)
<BR><BR>[Calls]<UL><LI><a href="#[143]">&gt;&gt;</a>&nbsp;&nbsp;&nbsp;__aeabi_memset
</UL>

<P><STRONG><a name="[d6]"></a>strlen</STRONG> (Thumb, 14 bytes, Stack size 0 bytes, strlen.o(.text))
<BR><BR>[Called By]<UL><LI><a href="#[d5]">&gt;&gt;</a>&nbsp;&nbsp;&nbsp;RS485_SendStr
<LI><a href="#[12e]">&gt;&gt;</a>&nbsp;&nbsp;&nbsp;MsgDecode
<LI><a href="#[128]">&gt;&gt;</a>&nbsp;&nbsp;&nbsp;NB_SendHex
<LI><a href="#[11f]">&gt;&gt;</a>&nbsp;&nbsp;&nbsp;At_SendStr
</UL>

<P><STRONG><a name="[145]"></a>__aeabi_uldivmod</STRONG> (Thumb, 98 bytes, Stack size 40 bytes, uldiv.o(.text), UNUSED)
<BR><BR>[Calls]<UL><LI><a href="#[146]">&gt;&gt;</a>&nbsp;&nbsp;&nbsp;__aeabi_llsr
<LI><a href="#[147]">&gt;&gt;</a>&nbsp;&nbsp;&nbsp;__aeabi_llsl
</UL>
<BR>[Called By]<UL><LI><a href="#[14a]">&gt;&gt;</a>&nbsp;&nbsp;&nbsp;_printf_core
</UL>

<P><STRONG><a name="[46]"></a>__scatterload</STRONG> (Thumb, 28 bytes, Stack size 0 bytes, init.o(.text))
<BR><BR>[Calls]<UL><LI><a href="#[148]">&gt;&gt;</a>&nbsp;&nbsp;&nbsp;__main_after_scatterload
</UL>
<BR>[Called By]<UL><LI><a href="#[45]">&gt;&gt;</a>&nbsp;&nbsp;&nbsp;_main_scatterload
</UL>

<P><STRONG><a name="[21d]"></a>__scatterload_rt2</STRONG> (Thumb, 0 bytes, Stack size 0 bytes, init.o(.text), UNUSED)

<P><STRONG><a name="[147]"></a>__aeabi_llsl</STRONG> (Thumb, 30 bytes, Stack size 0 bytes, llshl.o(.text), UNUSED)
<BR><BR>[Called By]<UL><LI><a href="#[145]">&gt;&gt;</a>&nbsp;&nbsp;&nbsp;__aeabi_uldivmod
</UL>

<P><STRONG><a name="[21e]"></a>_ll_shift_l</STRONG> (Thumb, 0 bytes, Stack size 0 bytes, llshl.o(.text), UNUSED)

<P><STRONG><a name="[146]"></a>__aeabi_llsr</STRONG> (Thumb, 32 bytes, Stack size 0 bytes, llushr.o(.text), UNUSED)
<BR><BR>[Called By]<UL><LI><a href="#[145]">&gt;&gt;</a>&nbsp;&nbsp;&nbsp;__aeabi_uldivmod
</UL>

<P><STRONG><a name="[21f]"></a>_ll_ushift_r</STRONG> (Thumb, 0 bytes, Stack size 0 bytes, llushr.o(.text), UNUSED)

<P><STRONG><a name="[149]"></a>__0printf$5</STRONG> (Thumb, 22 bytes, Stack size 24 bytes, printf5.o(i.__0printf$5), UNUSED)
<BR><BR>[Calls]<UL><LI><a href="#[14a]">&gt;&gt;</a>&nbsp;&nbsp;&nbsp;_printf_core
</UL>

<P><STRONG><a name="[220]"></a>__1printf$5</STRONG> (Thumb, 0 bytes, Stack size 24 bytes, printf5.o(i.__0printf$5), UNUSED)

<P><STRONG><a name="[4a]"></a>__2printf</STRONG> (Thumb, 0 bytes, Stack size 24 bytes, printf5.o(i.__0printf$5))
<BR><BR>[Stack]<UL><LI>Max Depth = 24<LI>Call Chain = __2printf
</UL>
<BR>[Called By]<UL><LI><a href="#[59]">&gt;&gt;</a>&nbsp;&nbsp;&nbsp;flow_read
<LI><a href="#[5c]">&gt;&gt;</a>&nbsp;&nbsp;&nbsp;NB_Connect
<LI><a href="#[54]">&gt;&gt;</a>&nbsp;&nbsp;&nbsp;InitUserConfig
<LI><a href="#[40]">&gt;&gt;</a>&nbsp;&nbsp;&nbsp;main
<LI><a href="#[10]">&gt;&gt;</a>&nbsp;&nbsp;&nbsp;EXTI0_IRQHandler
<LI><a href="#[f7]">&gt;&gt;</a>&nbsp;&nbsp;&nbsp;RTC_DateShow
<LI><a href="#[f5]">&gt;&gt;</a>&nbsp;&nbsp;&nbsp;RTC_TimeShow
<LI><a href="#[11e]">&gt;&gt;</a>&nbsp;&nbsp;&nbsp;TransErrCnt
<LI><a href="#[11d]">&gt;&gt;</a>&nbsp;&nbsp;&nbsp;ReadFlowAddr
<LI><a href="#[11b]">&gt;&gt;</a>&nbsp;&nbsp;&nbsp;ReadUserConfig
</UL>

<P><STRONG><a name="[14b]"></a>__0sprintf$5</STRONG> (Thumb, 34 bytes, Stack size 24 bytes, printf5.o(i.__0sprintf$5), UNUSED)
<BR><BR>[Calls]<UL><LI><a href="#[44]">&gt;&gt;</a>&nbsp;&nbsp;&nbsp;_sputc
<LI><a href="#[14a]">&gt;&gt;</a>&nbsp;&nbsp;&nbsp;_printf_core
</UL>

<P><STRONG><a name="[221]"></a>__1sprintf$5</STRONG> (Thumb, 0 bytes, Stack size 24 bytes, printf5.o(i.__0sprintf$5), UNUSED)

<P><STRONG><a name="[f6]"></a>__2sprintf</STRONG> (Thumb, 0 bytes, Stack size 24 bytes, printf5.o(i.__0sprintf$5), UNUSED)
<BR><BR>[Called By]<UL><LI><a href="#[f7]">&gt;&gt;</a>&nbsp;&nbsp;&nbsp;RTC_DateShow
<LI><a href="#[f5]">&gt;&gt;</a>&nbsp;&nbsp;&nbsp;RTC_TimeShow
</UL>

<P><STRONG><a name="[222]"></a>__scatterload_copy</STRONG> (Thumb, 14 bytes, Stack size unknown bytes, handlers.o(i.__scatterload_copy), UNUSED)

<P><STRONG><a name="[223]"></a>__scatterload_null</STRONG> (Thumb, 2 bytes, Stack size unknown bytes, handlers.o(i.__scatterload_null), UNUSED)

<P><STRONG><a name="[224]"></a>__scatterload_zeroinit</STRONG> (Thumb, 14 bytes, Stack size unknown bytes, handlers.o(i.__scatterload_zeroinit), UNUSED)
<P>
<H3>
Local Symbols
</H3>
<P><STRONG><a name="[4c]"></a>CheckBlueSta</STRONG> (Thumb, 128 bytes, Stack size 8 bytes, main.o(.text))
<BR><BR>[Stack]<UL><LI>Max Depth = 8<LI>Call Chain = CheckBlueSta
</UL>
<BR>[Calls]<UL><LI><a href="#[4b]">&gt;&gt;</a>&nbsp;&nbsp;&nbsp;GPIO_ReadInputDataBit
</UL>
<BR>[Called By]<UL><LI><a href="#[40]">&gt;&gt;</a>&nbsp;&nbsp;&nbsp;main
</UL>

<P><STRONG><a name="[6e]"></a>RTC_ByteToBcd2</STRONG> (Thumb, 28 bytes, Stack size 0 bytes, stm32l1xx_rtc.o(.text))
<BR><BR>[Called By]<UL><LI><a href="#[72]">&gt;&gt;</a>&nbsp;&nbsp;&nbsp;RTC_SetAlarm
<LI><a href="#[70]">&gt;&gt;</a>&nbsp;&nbsp;&nbsp;RTC_SetDate
<LI><a href="#[6c]">&gt;&gt;</a>&nbsp;&nbsp;&nbsp;RTC_SetTime
</UL>

<P><STRONG><a name="[6d]"></a>RTC_Bcd2ToByte</STRONG> (Thumb, 22 bytes, Stack size 0 bytes, stm32l1xx_rtc.o(.text))
<BR><BR>[Called By]<UL><LI><a href="#[76]">&gt;&gt;</a>&nbsp;&nbsp;&nbsp;RTC_GetTimeStamp
<LI><a href="#[73]">&gt;&gt;</a>&nbsp;&nbsp;&nbsp;RTC_GetAlarm
<LI><a href="#[72]">&gt;&gt;</a>&nbsp;&nbsp;&nbsp;RTC_SetAlarm
<LI><a href="#[71]">&gt;&gt;</a>&nbsp;&nbsp;&nbsp;RTC_GetDate
<LI><a href="#[70]">&gt;&gt;</a>&nbsp;&nbsp;&nbsp;RTC_SetDate
<LI><a href="#[6f]">&gt;&gt;</a>&nbsp;&nbsp;&nbsp;RTC_GetTime
<LI><a href="#[6c]">&gt;&gt;</a>&nbsp;&nbsp;&nbsp;RTC_SetTime
</UL>

<P><STRONG><a name="[81]"></a>TI4_Config</STRONG> (Thumb, 80 bytes, Stack size 20 bytes, stm32l1xx_tim.o(.text), UNUSED)
<BR><BR>[Called By]<UL><LI><a href="#[7a]">&gt;&gt;</a>&nbsp;&nbsp;&nbsp;TIM_ICInit
</UL>

<P><STRONG><a name="[7f]"></a>TI3_Config</STRONG> (Thumb, 72 bytes, Stack size 20 bytes, stm32l1xx_tim.o(.text), UNUSED)
<BR><BR>[Called By]<UL><LI><a href="#[7a]">&gt;&gt;</a>&nbsp;&nbsp;&nbsp;TIM_ICInit
</UL>

<P><STRONG><a name="[7d]"></a>TI2_Config</STRONG> (Thumb, 80 bytes, Stack size 20 bytes, stm32l1xx_tim.o(.text), UNUSED)
<BR><BR>[Called By]<UL><LI><a href="#[86]">&gt;&gt;</a>&nbsp;&nbsp;&nbsp;TIM_TIxExternalClockConfig
<LI><a href="#[83]">&gt;&gt;</a>&nbsp;&nbsp;&nbsp;TIM_PWMIConfig
<LI><a href="#[7a]">&gt;&gt;</a>&nbsp;&nbsp;&nbsp;TIM_ICInit
</UL>

<P><STRONG><a name="[7b]"></a>TI1_Config</STRONG> (Thumb, 58 bytes, Stack size 20 bytes, stm32l1xx_tim.o(.text), UNUSED)
<BR><BR>[Called By]<UL><LI><a href="#[86]">&gt;&gt;</a>&nbsp;&nbsp;&nbsp;TIM_TIxExternalClockConfig
<LI><a href="#[83]">&gt;&gt;</a>&nbsp;&nbsp;&nbsp;TIM_PWMIConfig
<LI><a href="#[7a]">&gt;&gt;</a>&nbsp;&nbsp;&nbsp;TIM_ICInit
</UL>

<P><STRONG><a name="[8d]"></a>SetSysClock</STRONG> (Thumb, 258 bytes, Stack size 12 bytes, system_stm32l1xx.o(.text))
<BR><BR>[Stack]<UL><LI>Max Depth = 12<LI>Call Chain = SetSysClock
</UL>
<BR>[Called By]<UL><LI><a href="#[41]">&gt;&gt;</a>&nbsp;&nbsp;&nbsp;SystemInit
</UL>

<P><STRONG><a name="[c1]"></a>ConfigUartNVIC</STRONG> (Thumb, 94 bytes, Stack size 8 bytes, bsp_uart_fifo.o(.text))
<BR><BR>[Stack]<UL><LI>Max Depth = 24<LI>Call Chain = ConfigUartNVIC &rArr; NVIC_Init
</UL>
<BR>[Calls]<UL><LI><a href="#[9e]">&gt;&gt;</a>&nbsp;&nbsp;&nbsp;NVIC_Init
</UL>
<BR>[Called By]<UL><LI><a href="#[a6]">&gt;&gt;</a>&nbsp;&nbsp;&nbsp;bsp_InitUart
</UL>

<P><STRONG><a name="[c2]"></a>InitHardUart</STRONG> (Thumb, 500 bytes, Stack size 32 bytes, bsp_uart_fifo.o(.text))
<BR><BR>[Stack]<UL><LI>Max Depth = 100<LI>Call Chain = InitHardUart &rArr; USART_Init &rArr; RCC_GetClocksFreq
</UL>
<BR>[Calls]<UL><LI><a href="#[c3]">&gt;&gt;</a>&nbsp;&nbsp;&nbsp;GPIO_PinAFConfig
<LI><a href="#[90]">&gt;&gt;</a>&nbsp;&nbsp;&nbsp;GPIO_Init
<LI><a href="#[c6]">&gt;&gt;</a>&nbsp;&nbsp;&nbsp;USART_ClearFlag
<LI><a href="#[c4]">&gt;&gt;</a>&nbsp;&nbsp;&nbsp;USART_ITConfig
<LI><a href="#[c5]">&gt;&gt;</a>&nbsp;&nbsp;&nbsp;USART_Cmd
<LI><a href="#[8b]">&gt;&gt;</a>&nbsp;&nbsp;&nbsp;USART_Init
<LI><a href="#[97]">&gt;&gt;</a>&nbsp;&nbsp;&nbsp;RCC_APB1PeriphClockCmd
<LI><a href="#[a0]">&gt;&gt;</a>&nbsp;&nbsp;&nbsp;RCC_APB2PeriphClockCmd
<LI><a href="#[8f]">&gt;&gt;</a>&nbsp;&nbsp;&nbsp;RCC_AHBPeriphClockCmd
</UL>
<BR>[Called By]<UL><LI><a href="#[a6]">&gt;&gt;</a>&nbsp;&nbsp;&nbsp;bsp_InitUart
</UL>

<P><STRONG><a name="[c7]"></a>UartVarInit</STRONG> (Thumb, 170 bytes, Stack size 0 bytes, bsp_uart_fifo.o(.text))
<BR><BR>[Called By]<UL><LI><a href="#[a6]">&gt;&gt;</a>&nbsp;&nbsp;&nbsp;bsp_InitUart
</UL>

<P><STRONG><a name="[c8]"></a>UartSend</STRONG> (Thumb, 82 bytes, Stack size 24 bytes, bsp_uart_fifo.o(.text))
<BR><BR>[Stack]<UL><LI>Max Depth = 44<LI>Call Chain = UartSend &rArr; USART_ITConfig
</UL>
<BR>[Calls]<UL><LI><a href="#[bf]">&gt;&gt;</a>&nbsp;&nbsp;&nbsp;__set_PRIMASK
<LI><a href="#[c4]">&gt;&gt;</a>&nbsp;&nbsp;&nbsp;USART_ITConfig
</UL>
<BR>[Called By]<UL><LI><a href="#[c9]">&gt;&gt;</a>&nbsp;&nbsp;&nbsp;comSendBuf
</UL>

<P><STRONG><a name="[cb]"></a>UartGetChar</STRONG> (Thumb, 74 bytes, Stack size 16 bytes, bsp_uart_fifo.o(.text), UNUSED)
<BR><BR>[Calls]<UL><LI><a href="#[bf]">&gt;&gt;</a>&nbsp;&nbsp;&nbsp;__set_PRIMASK
</UL>
<BR>[Called By]<UL><LI><a href="#[cc]">&gt;&gt;</a>&nbsp;&nbsp;&nbsp;comGetChar
</UL>

<P><STRONG><a name="[d7]"></a>UartIRQ</STRONG> (Thumb, 290 bytes, Stack size 16 bytes, bsp_uart_fifo.o(.text))
<BR><BR>[Stack]<UL><LI>Max Depth = 36<LI>Call Chain = UartIRQ &rArr; USART_ITConfig
</UL>
<BR>[Calls]<UL><LI><a href="#[d9]">&gt;&gt;</a>&nbsp;&nbsp;&nbsp;USART_GetITStatus
<LI><a href="#[c6]">&gt;&gt;</a>&nbsp;&nbsp;&nbsp;USART_ClearFlag
<LI><a href="#[bb]">&gt;&gt;</a>&nbsp;&nbsp;&nbsp;USART_GetFlagStatus
<LI><a href="#[c4]">&gt;&gt;</a>&nbsp;&nbsp;&nbsp;USART_ITConfig
<LI><a href="#[d8]">&gt;&gt;</a>&nbsp;&nbsp;&nbsp;USART_ReceiveData
<LI><a href="#[ba]">&gt;&gt;</a>&nbsp;&nbsp;&nbsp;USART_SendData
</UL>
<BR>[Called By]<UL><LI><a href="#[31]">&gt;&gt;</a>&nbsp;&nbsp;&nbsp;USART3_IRQHandler
<LI><a href="#[30]">&gt;&gt;</a>&nbsp;&nbsp;&nbsp;USART2_IRQHandler
<LI><a href="#[2f]">&gt;&gt;</a>&nbsp;&nbsp;&nbsp;USART1_IRQHandler
</UL>

<P><STRONG><a name="[bf]"></a>__set_PRIMASK</STRONG> (Thumb, 6 bytes, Stack size 0 bytes, bsp_uart_fifo.o(.text))
<BR><BR>[Called By]<UL><LI><a href="#[c0]">&gt;&gt;</a>&nbsp;&nbsp;&nbsp;comMemCpy
<LI><a href="#[be]">&gt;&gt;</a>&nbsp;&nbsp;&nbsp;myMemCpy
<LI><a href="#[cb]">&gt;&gt;</a>&nbsp;&nbsp;&nbsp;UartGetChar
<LI><a href="#[c8]">&gt;&gt;</a>&nbsp;&nbsp;&nbsp;UartSend
</UL>

<P><STRONG><a name="[f9]"></a>GetWeekDay</STRONG> (Thumb, 108 bytes, Stack size 28 bytes, rtc.o(.text))
<BR><BR>[Stack]<UL><LI>Max Depth = 28<LI>Call Chain = GetWeekDay
</UL>
<BR>[Called By]<UL><LI><a href="#[f8]">&gt;&gt;</a>&nbsp;&nbsp;&nbsp;Set_Time
</UL>

<P><STRONG><a name="[10d]"></a>i2c_Delay</STRONG> (Thumb, 28 bytes, Stack size 8 bytes, bsp_i2c_gpio.o(.text))
<BR><BR>[Stack]<UL><LI>Max Depth = 8<LI>Call Chain = i2c_Delay
</UL>
<BR>[Called By]<UL><LI><a href="#[106]">&gt;&gt;</a>&nbsp;&nbsp;&nbsp;i2c_Start
<LI><a href="#[107]">&gt;&gt;</a>&nbsp;&nbsp;&nbsp;i2c_SendByte
<LI><a href="#[109]">&gt;&gt;</a>&nbsp;&nbsp;&nbsp;i2c_ReadByte
<LI><a href="#[10b]">&gt;&gt;</a>&nbsp;&nbsp;&nbsp;i2c_NAck
<LI><a href="#[10a]">&gt;&gt;</a>&nbsp;&nbsp;&nbsp;i2c_Ack
<LI><a href="#[103]">&gt;&gt;</a>&nbsp;&nbsp;&nbsp;i2C_Reset
<LI><a href="#[108]">&gt;&gt;</a>&nbsp;&nbsp;&nbsp;i2c_WaitAck
<LI><a href="#[104]">&gt;&gt;</a>&nbsp;&nbsp;&nbsp;i2c_Stop
</UL>

<P><STRONG><a name="[123]"></a>comHex2Str</STRONG> (Thumb, 224 bytes, Stack size 32 bytes, app_nbiot.o(.text))
<BR><BR>[Stack]<UL><LI>Max Depth = 100<LI>Call Chain = comHex2Str &rArr; comSendBuf &rArr; UartSend &rArr; USART_ITConfig
</UL>
<BR>[Calls]<UL><LI><a href="#[c9]">&gt;&gt;</a>&nbsp;&nbsp;&nbsp;comSendBuf
</UL>
<BR>[Called By]<UL><LI><a href="#[124]">&gt;&gt;</a>&nbsp;&nbsp;&nbsp;NB_AT_NSOCO
<LI><a href="#[125]">&gt;&gt;</a>&nbsp;&nbsp;&nbsp;NbSendStr
</UL>

<P><STRONG><a name="[126]"></a>HToA</STRONG> (Thumb, 28 bytes, Stack size 0 bytes, app_nbiot.o(.text))
<BR><BR>[Called By]<UL><LI><a href="#[125]">&gt;&gt;</a>&nbsp;&nbsp;&nbsp;NbSendStr
</UL>

<P><STRONG><a name="[125]"></a>NbSendStr</STRONG> (Thumb, 196 bytes, Stack size 24 bytes, app_nbiot.o(.text))
<BR><BR>[Stack]<UL><LI>Max Depth = 124<LI>Call Chain = NbSendStr &rArr; comHex2Str &rArr; comSendBuf &rArr; UartSend &rArr; USART_ITConfig
</UL>
<BR>[Calls]<UL><LI><a href="#[c9]">&gt;&gt;</a>&nbsp;&nbsp;&nbsp;comSendBuf
<LI><a href="#[126]">&gt;&gt;</a>&nbsp;&nbsp;&nbsp;HToA
<LI><a href="#[123]">&gt;&gt;</a>&nbsp;&nbsp;&nbsp;comHex2Str
</UL>
<BR>[Called By]<UL><LI><a href="#[127]">&gt;&gt;</a>&nbsp;&nbsp;&nbsp;Nb_SendAsc
</UL>

<P><STRONG><a name="[127]"></a>Nb_SendAsc</STRONG> (Thumb, 62 bytes, Stack size 24 bytes, app_nbiot.o(.text))
<BR><BR>[Stack]<UL><LI>Max Depth = 148<LI>Call Chain = Nb_SendAsc &rArr; NbSendStr &rArr; comHex2Str &rArr; comSendBuf &rArr; UartSend &rArr; USART_ITConfig
</UL>
<BR>[Calls]<UL><LI><a href="#[125]">&gt;&gt;</a>&nbsp;&nbsp;&nbsp;NbSendStr
</UL>
<BR>[Called By]<UL><LI><a href="#[5d]">&gt;&gt;</a>&nbsp;&nbsp;&nbsp;NB_DataUpload
</UL>

<P><STRONG><a name="[12e]"></a>MsgDecode</STRONG> (Thumb, 462 bytes, Stack size 40 bytes, app_nbrsv.o(.text))
<BR><BR>[Stack]<UL><LI>Max Depth = 164<LI>Call Chain = MsgDecode &rArr; GerNbClock &rArr; Set_Time &rArr; CorrectRtc
</UL>
<BR>[Calls]<UL><LI><a href="#[d6]">&gt;&gt;</a>&nbsp;&nbsp;&nbsp;strlen
<LI><a href="#[12d]">&gt;&gt;</a>&nbsp;&nbsp;&nbsp;GerNbClock
<LI><a href="#[12c]">&gt;&gt;</a>&nbsp;&nbsp;&nbsp;Asc2Hex
<LI><a href="#[12f]">&gt;&gt;</a>&nbsp;&nbsp;&nbsp;__set_PRIMASK
</UL>
<BR>[Called By]<UL><LI><a href="#[131]">&gt;&gt;</a>&nbsp;&nbsp;&nbsp;Nb_Data_Rec
</UL>

<P><STRONG><a name="[12f]"></a>__set_PRIMASK</STRONG> (Thumb, 6 bytes, Stack size 0 bytes, app_nbrsv.o(.text))
<BR><BR>[Called By]<UL><LI><a href="#[12e]">&gt;&gt;</a>&nbsp;&nbsp;&nbsp;MsgDecode
</UL>

<P><STRONG><a name="[134]"></a>MODBUS_CRC16</STRONG> (Thumb, 48 bytes, Stack size 16 bytes, app_rs485.o(.text), UNUSED)
<BR><BR>[Called By]<UL><LI><a href="#[133]">&gt;&gt;</a>&nbsp;&nbsp;&nbsp;Flow_Data_Rec
</UL>

<P><STRONG><a name="[137]"></a>NbSetPara</STRONG> (Thumb, 540 bytes, Stack size 120 bytes, app_uart1.o(.text))
<BR><BR>[Stack]<UL><LI>Max Depth = 480<LI>Call Chain = NbSetPara &rArr; SaveFlowAddr &rArr; EepWr &rArr; BSP_EE_WriteBytes &rArr; i2c_SendByte &rArr; i2c_Delay
</UL>
<BR>[Calls]<UL><LI><a href="#[c9]">&gt;&gt;</a>&nbsp;&nbsp;&nbsp;comSendBuf
<LI><a href="#[116]">&gt;&gt;</a>&nbsp;&nbsp;&nbsp;__aeabi_memcpy
<LI><a href="#[138]">&gt;&gt;</a>&nbsp;&nbsp;&nbsp;SaveFlowAddr
<LI><a href="#[130]">&gt;&gt;</a>&nbsp;&nbsp;&nbsp;GetCardImsi
<LI><a href="#[11d]">&gt;&gt;</a>&nbsp;&nbsp;&nbsp;ReadFlowAddr
<LI><a href="#[11a]">&gt;&gt;</a>&nbsp;&nbsp;&nbsp;SaveWMPara
<LI><a href="#[112]">&gt;&gt;</a>&nbsp;&nbsp;&nbsp;CheckSum
</UL>
<BR>[Called By]<UL><LI><a href="#[58]">&gt;&gt;</a>&nbsp;&nbsp;&nbsp;ProcBlueData
</UL>

<P><STRONG><a name="[14a]"></a>_printf_core</STRONG> (Thumb, 658 bytes, Stack size 104 bytes, printf5.o(i._printf_core), UNUSED)
<BR><BR>[Calls]<UL><LI><a href="#[145]">&gt;&gt;</a>&nbsp;&nbsp;&nbsp;__aeabi_uldivmod
</UL>
<BR>[Called By]<UL><LI><a href="#[14b]">&gt;&gt;</a>&nbsp;&nbsp;&nbsp;__0sprintf$5
<LI><a href="#[149]">&gt;&gt;</a>&nbsp;&nbsp;&nbsp;__0printf$5
</UL>

<P><STRONG><a name="[44]"></a>_sputc</STRONG> (Thumb, 10 bytes, Stack size 0 bytes, printf5.o(i._sputc))
<BR><BR>[Called By]<UL><LI><a href="#[14b]">&gt;&gt;</a>&nbsp;&nbsp;&nbsp;__0sprintf$5
</UL>
<BR>[Address Reference Count : 1]<UL><LI> printf5.o(i.__0sprintf$5)
</UL><P>
<H3>
Undefined Global Symbols
</H3><HR></body></html>
