<html>
<body>
<pre>
<h1>礦ision Build Log</h1>
<h2>Tool Versions:</h2>
IDE-Version: μVision V5.16a
Copyright (C) 2015 ARM Ltd and ARM Germany GmbH. All rights reserved.
License Information: MM MM, MM, LIC=IK1Y8-3FIPU-W2ALL-0G18E-4VUYE-7J1HM
 
Tool Versions:
Toolchain:       MDK-ARM Standard  Version: 5.16a
Toolchain Path:  G:\Keil_v5\ARM\ARMCC\Bin
C Compiler:      Armcc.exe V5.06 (build 20)
Assembler:       Armasm.exe V5.06 (build 20)
Linker/Locator:  ArmLink.exe V5.06 (build 20)
Library Manager: ArmAr.exe V5.06 (build 20)
Hex Converter:   FromElf.exe V5.06 (build 20)
CPU DLL:         SARMCM3.DLL V5.16a
Dialog DLL:      DARMSTM.DLL V1.65.0.0
Target DLL:      STLink\ST-LINKIII-KEIL_SWO.dll V2.0.17.0
Dialog DLL:      TARMSTM.DLL V1.64.0.0
 
<h2>Project:</h2>
E:\工作内容\NB_Mbus\NB-Mbus\User\project.uvprojx
Project File Date:  10/15/2020

<h2>Output:</h2>
*** Using Compiler 'V5.06 (build 20)', folder: 'G:\Keil_v5\ARM\ARMCC\Bin'
Build target 'Target 1'
assembling startup_stm32l1xx_mdp.s...
compiling misc.c...
compiling stm32l1xx_comp.c...
compiling stm32l1xx_aes_util.c...
compiling stm32l1xx_aes.c...
compiling stm32l1xx_it.c...
compiling stm32l1xx_dbgmcu.c...
compiling stm32l1xx_dac.c...
compiling stm32l1xx_crc.c...
compiling stm32l1xx_adc.c...
compiling main.c...
compiling stm32l1xx_dma.c...
compiling stm32l1xx_flash.c...
compiling stm32l1xx_exti.c...
compiling stm32l1xx_fsmc.c...
compiling stm32l1xx_lcd.c...
compiling stm32l1xx_iwdg.c...
compiling stm32l1xx_gpio.c...
compiling stm32l1xx_opamp.c...
compiling stm32l1xx_pwr.c...
compiling stm32l1xx_rcc.c...
compiling stm32l1xx_i2c.c...
compiling stm32l1xx_rtc.c...
compiling stm32l1xx_spi.c...
compiling system_stm32l1xx.c...
compiling stm32l1xx_syscfg.c...
compiling bsp.c...
compiling stm32l1xx_sdio.c...
compiling bsp_Adc.c...
compiling stm32l1xx_wwdg.c...
compiling stm32l1xx_tim.c...
compiling stm32l1xx_usart.c...
compiling bsp_uart_fifo.c...
compiling delay.c...
compiling EEPROM.c...
compiling Tim.c...
compiling bsp_EEPROM_24xx.c...
compiling bsp_I2C_GPIO.c...
compiling APP_EEPROM.c...
compiling RTC.c...
compiling app_NBRSV.c...
compiling app_MBUS.c...
compiling app_UART1.c...
compiling app_RS485.c...
compiling app_NBIOT.c...
compiling APP_Record.c...
linking...
Program Size: Code=29246 RO-data=1054 RW-data=168 ZI-data=6936  
FromELF: creating hex file...
"..\Output\project.axf" - 0 Error(s), 0 Warning(s).

<h2>Collection of Component include folders:</h2>
  E:\工作内容\NB_Mbus\NB-Mbus\User\RTE
  G:\Keil_v5\ARM\PACK\Keil\STM32L1xx_DFP\1.2.0\Device\Include

<h2>Collection of Component Files used:</h2>
Build Time Elapsed:  00:00:09
</pre>
</body>
</html>
