Component: ARM Compiler 5.05 update 2 (build 169) Tool: armlink [4d0f33]

==============================================================================

Section Cross References

    main.o(.text) refers to stm32l1xx_exti.o(.text) for EXTI_GetITStatus
    main.o(.text) refers to printf5.o(i.__0printf$5) for __2printf
    main.o(.text) refers to stm32l1xx_gpio.o(.text) for GPIO_ReadInputDataBit
    main.o(.text) refers to rand.o(.text) for srand
    main.o(.text) refers to stm32l1xx_rcc.o(.text) for RCC_MSIRangeConfig
    main.o(.text) refers to system_stm32l1xx.o(.text) for SystemCoreClockUpdate
    main.o(.text) refers to delay.o(.text) for Delay_ms
    main.o(.text) refers to bsp.o(.text) for bsp_Init
    main.o(.text) refers to app_eeprom.o(.text) for InitUserConfig
    main.o(.text) refers to app_nbiot.o(.text) for NB_Close
    main.o(.text) refers to app_uart1.o(.text) for ProcBlueData
    main.o(.text) refers to app_mbus.o(.text) for flow_read
    main.o(.text) refers to app_nbrsv.o(.text) for ProcNbComRec
    main.o(.text) refers to main.o(.bss) for gstuFlag
    main.o(.text) refers to app_record.o(.bss) for addrcache
    main.o(.text) refers to main.o(.data) for gu2BlueCnt
    main.o(.text) refers to app_eeprom.o(.bss) for gstuWmPara
    main.o(.text) refers to app_rs485.o(.bss) for gstuMbusFlowData
    main.o(.text) refers to app_mbus.o(.bss) for MbusFlow
    main.o(.text) refers to tim.o(.data) for Timer
    startup_stm32l1xx_mdp.o(RESET) refers to startup_stm32l1xx_mdp.o(STACK) for __initial_sp
    startup_stm32l1xx_mdp.o(RESET) refers to startup_stm32l1xx_mdp.o(.text) for Reset_Handler
    startup_stm32l1xx_mdp.o(RESET) refers to stm32l1xx_it.o(.text) for NMI_Handler
    startup_stm32l1xx_mdp.o(RESET) refers to rtc.o(.text) for RTC_WKUP_IRQHandler
    startup_stm32l1xx_mdp.o(RESET) refers to main.o(.text) for EXTI0_IRQHandler
    startup_stm32l1xx_mdp.o(RESET) refers to tim.o(.text) for TIM2_IRQHandler
    startup_stm32l1xx_mdp.o(RESET) refers to bsp_uart_fifo.o(.text) for USART1_IRQHandler
    startup_stm32l1xx_mdp.o(.text) refers to system_stm32l1xx.o(.text) for SystemInit
    startup_stm32l1xx_mdp.o(.text) refers to entry.o(.ARM.Collect$$$$00000000) for __main
    stm32l1xx_adc.o(.text) refers to stm32l1xx_rcc.o(.text) for RCC_APB2PeriphResetCmd
    stm32l1xx_aes.o(.text) refers to stm32l1xx_rcc.o(.text) for RCC_AHBPeriphResetCmd
    stm32l1xx_aes_util.o(.text) refers to stm32l1xx_aes.o(.text) for AES_KeyInit
    stm32l1xx_dac.o(.text) refers to stm32l1xx_rcc.o(.text) for RCC_APB1PeriphResetCmd
    stm32l1xx_gpio.o(.text) refers to stm32l1xx_rcc.o(.text) for RCC_AHBPeriphResetCmd
    stm32l1xx_i2c.o(.text) refers to stm32l1xx_rcc.o(.text) for RCC_APB1PeriphResetCmd
    stm32l1xx_lcd.o(.text) refers to stm32l1xx_rcc.o(.text) for RCC_APB1PeriphResetCmd
    stm32l1xx_pwr.o(.text) refers to stm32l1xx_rcc.o(.text) for RCC_APB1PeriphResetCmd
    stm32l1xx_rcc.o(.text) refers to stm32l1xx_rcc.o(.data) for PLLMulTable
    stm32l1xx_sdio.o(.text) refers to stm32l1xx_rcc.o(.text) for RCC_APB2PeriphResetCmd
    stm32l1xx_spi.o(.text) refers to stm32l1xx_rcc.o(.text) for RCC_APB2PeriphResetCmd
    stm32l1xx_syscfg.o(.text) refers to stm32l1xx_rcc.o(.text) for RCC_APB2PeriphResetCmd
    stm32l1xx_tim.o(.text) refers to stm32l1xx_rcc.o(.text) for RCC_APB1PeriphResetCmd
    stm32l1xx_usart.o(.text) refers to stm32l1xx_rcc.o(.text) for RCC_APB2PeriphResetCmd
    stm32l1xx_wwdg.o(.text) refers to stm32l1xx_rcc.o(.text) for RCC_APB1PeriphResetCmd
    system_stm32l1xx.o(.text) refers to system_stm32l1xx.o(.data) for SystemCoreClock
    bsp.o(.text) refers to stm32l1xx_rcc.o(.text) for RCC_AHBPeriphClockCmd
    bsp.o(.text) refers to stm32l1xx_gpio.o(.text) for GPIO_Init
    bsp.o(.text) refers to stm32l1xx_pwr.o(.text) for PWR_VoltageScalingConfig
    bsp.o(.text) refers to stm32l1xx_dbgmcu.o(.text) for DBGMCU_Config
    bsp.o(.text) refers to stm32l1xx_exti.o(.text) for EXTI_ClearITPendingBit
    bsp.o(.text) refers to misc.o(.text) for NVIC_Init
    bsp.o(.text) refers to stm32l1xx_syscfg.o(.text) for SYSCFG_EXTILineConfig
    bsp.o(.text) refers to rtc.o(.text) for RtcInit
    bsp.o(.text) refers to tim.o(.text) for TIM_Config
    bsp.o(.text) refers to bsp_adc.o(.text) for bsp_Adc_Init
    bsp.o(.text) refers to bsp_uart_fifo.o(.text) for bsp_InitUart
    bsp.o(.text) refers to bsp_i2c_gpio.o(.text) for bsp_InitI2C
    bsp.o(.text) refers to delay.o(.text) for Delay_ms
    bsp_adc.o(.text) refers to stm32l1xx_rcc.o(.text) for RCC_AHBPeriphClockCmd
    bsp_adc.o(.text) refers to stm32l1xx_gpio.o(.text) for GPIO_Init
    bsp_adc.o(.text) refers to stm32l1xx_adc.o(.text) for ADC_DeInit
    bsp_adc.o(.text) refers to delay.o(.text) for Delay_ms
    bsp_adc.o(.text) refers to bsp_adc.o(.data) for guAdcVal
    bsp_adc.o(.text) refers to bsp_adc.o(.bss) for gu2BatVol
    bsp_uart_fifo.o(.text) refers to stm32l1xx_usart.o(.text) for USART_SendData
    bsp_uart_fifo.o(.text) refers to delay.o(.text) for Delay_ms
[...]
    ..\FWlib\src\stm32l1xx_opamp.c           0x00000000   Number         0  stm32l1xx_opamp.o ABSOLUTE
    ..\FWlib\src\stm32l1xx_pwr.c             0x00000000   Number         0  stm32l1xx_pwr.o ABSOLUTE
    ..\FWlib\src\stm32l1xx_rcc.c             0x00000000   Number         0  stm32l1xx_rcc.o ABSOLUTE
    ..\FWlib\src\stm32l1xx_rtc.c             0x00000000   Number         0  stm32l1xx_rtc.o ABSOLUTE
    ..\FWlib\src\stm32l1xx_sdio.c            0x00000000   Number         0  stm32l1xx_sdio.o ABSOLUTE
    ..\FWlib\src\stm32l1xx_spi.c             0x00000000   Number         0  stm32l1xx_spi.o ABSOLUTE
    ..\FWlib\src\stm32l1xx_syscfg.c          0x00000000   Number         0  stm32l1xx_syscfg.o ABSOLUTE
    ..\FWlib\src\stm32l1xx_tim.c             0x00000000   Number         0  stm32l1xx_tim.o ABSOLUTE
    ..\FWlib\src\stm32l1xx_usart.c           0x00000000   Number         0  stm32l1xx_usart.o ABSOLUTE
    ..\FWlib\src\stm32l1xx_wwdg.c            0x00000000   Number         0  stm32l1xx_wwdg.o ABSOLUTE
    ..\\APP\\APP_EEPROM.c                    0x00000000   Number         0  app_eeprom.o ABSOLUTE
    ..\\APP\\APP_Record.c                    0x00000000   Number         0  app_record.o ABSOLUTE
    ..\\APP\\app_NBIOT.c                     0x00000000   Number         0  app_nbiot.o ABSOLUTE
    ..\\APP\\app_NBRSV.c                     0x00000000   Number         0  app_nbrsv.o ABSOLUTE
    ..\\APP\\app_RS485.c                     0x00000000   Number         0  app_rs485.o ABSOLUTE
    ..\\APP\\app_UART1.c                     0x00000000   Number         0  app_uart1.o ABSOLUTE
    ..\\BSP\\EEPROM.c                        0x00000000   Number         0  eeprom.o ABSOLUTE
    ..\\BSP\\RTC.c                           0x00000000   Number         0  rtc.o ABSOLUTE
    ..\\BSP\\Tim.c                           0x00000000   Number         0  tim.o ABSOLUTE
    ..\\BSP\\bsp.c                           0x00000000   Number         0  bsp.o ABSOLUTE
    ..\\BSP\\bsp_Adc.c                       0x00000000   Number         0  bsp_adc.o ABSOLUTE
    ..\\BSP\\bsp_EEPROM_24xx.c               0x00000000   Number         0  bsp_eeprom_24xx.o ABSOLUTE
    ..\\BSP\\bsp_I2C_GPIO.c                  0x00000000   Number         0  bsp_i2c_gpio.o ABSOLUTE
    ..\\BSP\\bsp_uart_fifo.c                 0x00000000   Number         0  bsp_uart_fifo.o ABSOLUTE
    ..\\BSP\\delay.c                         0x00000000   Number         0  delay.o ABSOLUTE
    ..\\CMSIS\\system_stm32l1xx.c            0x00000000   Number         0  system_stm32l1xx.o ABSOLUTE
    ..\\FWlib\\src\\misc.c                   0x00000000   Number         0  misc.o ABSOLUTE
    ..\\FWlib\\src\\stm32l1xx_adc.c          0x00000000   Number         0  stm32l1xx_adc.o ABSOLUTE
    ..\\FWlib\\src\\stm32l1xx_aes.c          0x00000000   Number         0  stm32l1xx_aes.o ABSOLUTE
    ..\\FWlib\\src\\stm32l1xx_aes_util.c     0x00000000   Number         0  stm32l1xx_aes_util.o ABSOLUTE
    ..\\FWlib\\src\\stm32l1xx_comp.c         0x00000000   Number         0  stm32l1xx_comp.o ABSOLUTE
    ..\\FWlib\\src\\stm32l1xx_crc.c          0x00000000   Number         0  stm32l1xx_crc.o ABSOLUTE
    ..\\FWlib\\src\\stm32l1xx_dac.c          0x00000000   Number         0  stm32l1xx_dac.o ABSOLUTE
    ..\\FWlib\\src\\stm32l1xx_dbgmcu.c       0x00000000   Number         0  stm32l1xx_dbgmcu.o ABSOLUTE
    ..\\FWlib\\src\\stm32l1xx_dma.c          0x00000000   Number         0  stm32l1xx_dma.o ABSOLUTE
    ..\\FWlib\\src\\stm32l1xx_exti.c         0x00000000   Number         0  stm32l1xx_exti.o ABSOLUTE
    ..\\FWlib\\src\\stm32l1xx_flash.c        0x00000000   Number         0  stm32l1xx_flash.o ABSOLUTE
    ..\\FWlib\\src\\stm32l1xx_fsmc.c         0x00000000   Number         0  stm32l1xx_fsmc.o ABSOLUTE
    ..\\FWlib\\src\\stm32l1xx_gpio.c         0x00000000   Number         0  stm32l1xx_gpio.o ABSOLUTE
    ..\\FWlib\\src\\stm32l1xx_i2c.c          0x00000000   Number         0  stm32l1xx_i2c.o ABSOLUTE
    ..\\FWlib\\src\\stm32l1xx_iwdg.c         0x00000000   Number         0  stm32l1xx_iwdg.o ABSOLUTE
    ..\\FWlib\\src\\stm32l1xx_lcd.c          0x00000000   Number         0  stm32l1xx_lcd.o ABSOLUTE
    ..\\FWlib\\src\\stm32l1xx_opamp.c        0x00000000   Number         0  stm32l1xx_opamp.o ABSOLUTE
    ..\\FWlib\\src\\stm32l1xx_pwr.c          0x00000000   Number         0  stm32l1xx_pwr.o ABSOLUTE
    ..\\FWlib\\src\\stm32l1xx_rcc.c          0x00000000   Number         0  stm32l1xx_rcc.o ABSOLUTE
    ..\\FWlib\\src\\stm32l1xx_rtc.c          0x00000000   Number         0  stm32l1xx_rtc.o ABSOLUTE
    ..\\FWlib\\src\\stm32l1xx_sdio.c         0x00000000   Number         0  stm32l1xx_sdio.o ABSOLUTE
    ..\\FWlib\\src\\stm32l1xx_spi.c          0x00000000   Number         0  stm32l1xx_spi.o ABSOLUTE
    ..\\FWlib\\src\\stm32l1xx_syscfg.c       0x00000000   Number         0  stm32l1xx_syscfg.o ABSOLUTE
    ..\\FWlib\\src\\stm32l1xx_tim.c          0x00000000   Number         0  stm32l1xx_tim.o ABSOLUTE
    ..\\FWlib\\src\\stm32l1xx_usart.c        0x00000000   Number         0  stm32l1xx_usart.o ABSOLUTE
    ..\\FWlib\\src\\stm32l1xx_wwdg.c         0x00000000   Number         0  stm32l1xx_wwdg.o ABSOLUTE
    app_MBUS.c                               0x00000000   Number         0  app_mbus.o ABSOLUTE
    app_MBUS.c                               0x00000000   Number         0  app_mbus.o ABSOLUTE
    cdrcmple.s                               0x00000000   Number         0  cdrcmple.o ABSOLUTE
    dc.s                                     0x00000000   Number         0  dc.o ABSOLUTE
    handlers.s                               0x00000000   Number         0  handlers.o ABSOLUTE
    init.s                                   0x00000000   Number         0  init.o ABSOLUTE
    main.c                                   0x00000000   Number         0  main.o ABSOLUTE
    main.c                                   0x00000000   Number         0  main.o ABSOLUTE
    stm32l1xx_it.c                           0x00000000   Number         0  stm32l1xx_it.o ABSOLUTE
    stm32l1xx_it.c                           0x00000000   Number         0  stm32l1xx_it.o ABSOLUTE
    RESET                                    0x08000000   Section      292  startup_stm32l1xx_mdp.o(RESET)
    .ARM.Collect$$$$00000000                 0x08000124   Section        0  entry.o(.ARM.Collect$$$$00000000)
    .ARM.Collect$$$$00000001                 0x08000124   Section        4  entry2.o(.ARM.Collect$$$$00000001)
    .ARM.Collect$$$$00000004                 0x08000128   Section        4  entry5.o(.ARM.Collect$$$$00000004)
    .ARM.Collect$$$$00000008                 0x0800012c   Section        0  entry7b.o(.ARM.Collect$$$$00000008)
    .ARM.Collect$$$$0000000A                 0x0800012c   Section        0  entry8b.o(.ARM.Collect$$$$0000000A)
    .ARM.Collect$$$$0000000B                 0x0800012c   Section        8  entry9a.o(.ARM.Collect$$$$0000000B)
    .ARM.Collect$$$$0000000D                 0x08000134   Section        0  entry10a.o(.ARM.Collect$$$$0000000D)
    .ARM.Collect$$$$0000000F                 0x08000134   Section        0  entry11a.o(.ARM.Collect$$$$0000000F)
    .ARM.Collect$$$$00002712                 0x08000134   Section        4  entry2.o(.ARM.Collect$$$$00002712)
    __lit__00000000                          0x08000134   Data           4  entry2.o(.ARM.Collect$$$$00002712)
    .text                                    0x08000138   Section        0  main.o(.text)
    CheckBlueSta                             0x080001f9   Thumb Code   128  main.o(.text)
    .text                                    0x080005aa   Section        0  stm32l1xx_it.o(.text)
    .text                                    0x080005c4   Section       36  startup_stm32l1xx_mdp.o(.text)
    .text                                    0x080005e8   Section        0  misc.o(.text)
    .text                                    0x080006c8   Section        0  stm32l1xx_adc.o(.text)
    .text                                    0x08000bfc   Section        0  stm32l1xx_dbgmcu.o(.text)
    .text                                    0x08000c60   Section        0  stm32l1xx_exti.o(.text)
    .text                                    0x08000d78   Section        0  stm32l1xx_gpio.o(.text)
    .text                                    0x08000fb4   Section        0  stm32l1xx_pwr.o(.text)
    .text                                    0x0800110c   Section        0  stm32l1xx_rcc.o(.text)
    .text                                    0x0800159c   Section        0  stm32l1xx_rtc.o(.text)
    RTC_ByteToBcd2                           0x0800182f   Thumb Code    28  stm32l1xx_rtc.o(.text)
    RTC_Bcd2ToByte                           0x0800184b   Thumb Code    22  stm32l1xx_rtc.o(.text)
    .text                                    0x080022dc   Section        0  stm32l1xx_syscfg.o(.text)
    .text                                    0x080025c4   Section        0  stm32l1xx_tim.o(.text)
    TI4_Config                               0x08002b47   Thumb Code    80  stm32l1xx_tim.o(.text)
    TI3_Config                               0x08002ba9   Thumb Code    72  stm32l1xx_tim.o(.text)
    TI2_Config                               0x08002c0b   Thumb Code    80  stm32l1xx_tim.o(.text)
    TI1_Config                               0x08002c6d   Thumb Code    58  stm32l1xx_tim.o(.text)
    .text                                    0x08002fd0   Section        0  stm32l1xx_usart.o(.text)
    .text                                    0x080033c8   Section        0  system_stm32l1xx.o(.text)
    SetSysClock                              0x080033c9   Thumb Code   258  system_stm32l1xx.o(.text)
    .text                                    0x0800361c   Section        0  bsp.o(.text)
    .text                                    0x08003b70   Section        0  bsp_adc.o(.text)
    .text                                    0x08003cf0   Section        0  bsp_uart_fifo.o(.text)
    ConfigUartNVIC                           0x08003e7d   Thumb Code    94  bsp_uart_fifo.o(.text)
    InitHardUart                             0x08003edb   Thumb Code   500  bsp_uart_fifo.o(.text)
    UartVarInit                              0x080040cf   Thumb Code   170  bsp_uart_fifo.o(.text)
    UartSend                                 0x080041b5   Thumb Code    82  bsp_uart_fifo.o(.text)
    UartGetChar                              0x08004245   Thumb Code    74  bsp_uart_fifo.o(.text)
    UartIRQ                                  0x0800440f   Thumb Code   290  bsp_uart_fifo.o(.text)
    __set_PRIMASK                            0x08004589   Thumb Code     6  bsp_uart_fifo.o(.text)
    .text                                    0x080045a0   Section        0  delay.o(.text)
    .text                                    0x080045f4   Section        0  rtc.o(.text)
    GetWeekDay                               0x08004a55   Thumb Code   108  rtc.o(.text)
    .text                                    0x08004b58   Section        0  tim.o(.text)
    .text                                    0x08004cbc   Section        0  bsp_eeprom_24xx.o(.text)
    .text                                    0x08004e24   Section        0  bsp_i2c_gpio.o(.text)
    i2c_Delay                                0x08004e25   Thumb Code    28  bsp_i2c_gpio.o(.text)
    .text                                    0x08005068   Section        0  app_eeprom.o(.text)
    .text                                    0x0800565c   Section        0  app_nbiot.o(.text)
    comHex2Str                               0x0800579d   Thumb Code   224  app_nbiot.o(.text)
    HToA                                     0x08005c6b   Thumb Code    28  app_nbiot.o(.text)
    NbSendStr                                0x08005c87   Thumb Code   196  app_nbiot.o(.text)
    Nb_SendAsc                               0x08005d4b   Thumb Code    62  app_nbiot.o(.text)
    .text                                    0x08005f50   Section        0  app_nbrsv.o(.text)
    MsgDecode                                0x0800614b   Thumb Code   462  app_nbrsv.o(.text)
    __set_PRIMASK                            0x080063b7   Thumb Code     6  app_nbrsv.o(.text)
    .text                                    0x080063dc   Section        0  app_rs485.o(.text)
    MODBUS_CRC16                             0x080064ef   Thumb Code    48  app_rs485.o(.text)
    .text                                    0x080066dc   Section        0  app_uart1.o(.text)
    NbSetPara                                0x080066dd   Thumb Code   540  app_uart1.o(.text)
    .text                                    0x0800695c   Section        0  app_mbus.o(.text)
    .text                                    0x08006b74   Section        0  app_record.o(.text)
    .text                                    0x08006db0   Section        0  rand.o(.text)
    .text                                    0x08006dd4   Section        0  memcpya.o(.text)
    .text                                    0x08006df8   Section        0  memseta.o(.text)
    .text                                    0x08006e1c   Section        0  strlen.o(.text)
    .text                                    0x08006e2a   Section        0  uldiv.o(.text)
    .text                                    0x08006e8c   Section       36  init.o(.text)
    .text                                    0x08006eb0   Section        0  llshl.o(.text)
    .text                                    0x08006ece   Section        0  llushr.o(.text)
    i.__0printf$5                            0x08006ef0   Section        0  printf5.o(i.__0printf$5)
    i.__0sprintf$5                           0x08006f10   Section        0  printf5.o(i.__0sprintf$5)
    i.__scatterload_copy                     0x08006f38   Section       14  handlers.o(i.__scatterload_copy)
    i.__scatterload_null                     0x08006f46   Section        2  handlers.o(i.__scatterload_null)
    i.__scatterload_zeroinit                 0x08006f48   Section       14  handlers.o(i.__scatterload_zeroinit)
    i._printf_core                           0x08006f58   Section        0  printf5.o(i._printf_core)
    _printf_core                             0x08006f59   Thumb Code   658  printf5.o(i._printf_core)
    i._sputc                                 0x08007218   Section        0  printf5.o(i._sputc)
    _sputc                                   0x08007219   Thumb Code    10  printf5.o(i._sputc)
    .constdata                               0x08007222   Section       24  rtc.o(.constdata)
    .constdata                               0x0800723a   Section      192  app_nbrsv.o(.constdata)
    .constdata                               0x080072fa   Section      512  app_rs485.o(.constdata)
    .data                                    0x20000000   Section        4  main.o(.data)
    .data                                    0x20000004   Section       25  stm32l1xx_rcc.o(.data)
    PLLMulTable                              0x20000004   Data           9  stm32l1xx_rcc.o(.data)
    APBAHBPrescTable                         0x2000000d   Data          16  stm32l1xx_rcc.o(.data)
    .data                                    0x20000020   Section       29  system_stm32l1xx.o(.data)
    .data                                    0x2000003e   Section       10  bsp_adc.o(.data)
    guAdcVal                                 0x20000040   Data           8  bsp_adc.o(.data)
    .data                                    0x20000048   Section        6  rtc.o(.data)
    .data                                    0x20000050   Section       16  tim.o(.data)
    .data                                    0x20000060   Section        1  app_eeprom.o(.data)
    .data                                    0x20000064   Section        9  app_nbiot.o(.data)
    guNBConDlyCnt                            0x20000068   Data           2  app_nbiot.o(.data)
    guUpLoadDlyCnt                           0x2000006a   Data           2  app_nbiot.o(.data)
    gucLoopCnt                               0x2000006c   Data           1  app_nbiot.o(.data)
    .data                                    0x2000006e   Section       14  app_nbrsv.o(.data)
    gucNbCard                                0x2000006e   Data           8  app_nbrsv.o(.data)
    NbRsv_len1                               0x20000078   Data           2  app_nbrsv.o(.data)
    NbRsv_len2                               0x2000007a   Data           2  app_nbrsv.o(.data)
    .data                                    0x2000007c   Section       30  app_rs485.o(.data)
    uart3_len1                               0x2000007c   Data           2  app_rs485.o(.data)
    uart3_len2                               0x2000007e   Data           2  app_rs485.o(.data)
    gucTxd3Cnt                               0x20000080   Data           2  app_rs485.o(.data)
    gucRxd3Cnt                               0x20000082   Data           2  app_rs485.o(.data)
    TxdBuf3                                  0x20000084   Data          22  app_rs485.o(.data)
    .data                                    0x2000009a   Section        6  app_uart1.o(.data)
    blue_len1                                0x2000009a   Data           2  app_uart1.o(.data)
    blue_len2                                0x2000009c   Data           2  app_uart1.o(.data)
    .data                                    0x200000a0   Section        4  rand.o(.data)
    _rand_state                              0x200000a0   Data           4  rand.o(.data)
    .data                                    0x200000a4   Section        4  stdout.o(.data)
    .bss                                     0x200000a8   Section       24  main.o(.bss)
    .bss                                     0x200000c0   Section       16  bsp_adc.o(.bss)
    gu2BatVol                                0x200000c0   Data          16  bsp_adc.o(.bss)
    .bss                                     0x200000d0   Section     3192  bsp_uart_fifo.o(.bss)
    g_tUart1                                 0x200000d0   Data          40  bsp_uart_fifo.o(.bss)
    g_TxBuf1                                 0x200000f8   Data         512  bsp_uart_fifo.o(.bss)
    g_RxBuf1                                 0x200002f8   Data         512  bsp_uart_fifo.o(.bss)
    g_tUart2                                 0x200004f8   Data          40  bsp_uart_fifo.o(.bss)
    g_TxBuf2                                 0x20000520   Data         512  bsp_uart_fifo.o(.bss)
    g_RxBuf2                                 0x20000720   Data         512  bsp_uart_fifo.o(.bss)
    g_tUart3                                 0x20000920   Data          40  bsp_uart_fifo.o(.bss)
    g_TxBuf3                                 0x20000948   Data         512  bsp_uart_fifo.o(.bss)
    g_RxBuf3                                 0x20000b48   Data         512  bsp_uart_fifo.o(.bss)
    .bss                                     0x20000d48   Section      100  rtc.o(.bss)
    aShowTime                                0x20000d48   Data          50  rtc.o(.bss)
    aShowDate                                0x20000d7a   Data          50  rtc.o(.bss)
    .bss                                     0x20000dac   Section      289  app_eeprom.o(.bss)
    urom                                     0x20000dac   Data         256  app_eeprom.o(.bss)
    .bss                                     0x20000ece   Section      534  app_nbrsv.o(.bss)
    ucom                                     0x20000ece   Data         512  app_nbrsv.o(.bss)
    .bss                                     0x200010e4   Section      936  app_rs485.o(.bss)
    gstuSerComData                           0x2000128a   Data         258  app_rs485.o(.bss)
    gucUartBuf                               0x2000138c   Data         256  app_rs485.o(.bss)
    .bss                                     0x2000148c   Section      355  app_uart1.o(.bss)
    gucBuf                                   0x200014ef   Data         256  app_uart1.o(.bss)
    .bss                                     0x200015ef   Section      124  app_mbus.o(.bss)
    .bss                                     0x2000166b   Section      342  app_record.o(.bss)
    erom                                     0x2000166b   Data         256  app_record.o(.bss)
    gstuRcdHead                              0x2000176b   Data          13  app_record.o(.bss)
    STACK                                    0x200017c8   Section     1024  startup_stm32l1xx_mdp.o(STACK)

    Global Symbols

    Symbol Name                              Value     Ov Type        Size  Object(Section)

    BuildAttributes$$THM_ISAv4$P$D$K$B$S$PE$A:L22UL41UL21$X:L11$S22US41US21$IEEE1$IW$USESV6$~STKCKD$USESV7$~SHL$OSPACE$ROPI$EBA8$MICROLIB$REQ8$PRES8$EABIv2 0x00000000   Number         0  anon$$obj.o ABSOLUTE
    __ARM_use_no_argv                        0x00000000   Number         0  main.o ABSOLUTE
    _printf_a                                0x00000000   Number         0  stubs.o ABSOLUTE
    _printf_c                                0x00000000   Number         0  stubs.o ABSOLUTE
    _printf_charcount                        0x00000000   Number         0  stubs.o ABSOLUTE
    _printf_d                                0x00000000   Number         0  stubs.o ABSOLUTE
    _printf_e                                0x00000000   Number         0  stubs.o ABSOLUTE
    _printf_f                                0x00000000   Number         0  stubs.o ABSOLUTE
    _printf_flags                            0x00000000   Number         0  stubs.o ABSOLUTE
    _printf_fp_dec                           0x00000000   Number         0  stubs.o ABSOLUTE
    _printf_fp_hex                           0x00000000   Number         0  stubs.o ABSOLUTE
    _printf_g                                0x00000000   Number         0  stubs.o ABSOLUTE
    _printf_i                                0x00000000   Number         0  stubs.o ABSOLUTE
    _printf_int_dec                          0x00000000   Number         0  stubs.o ABSOLUTE
    _printf_l                                0x00000000   Number         0  stubs.o ABSOLUTE
    _printf_lc                               0x00000000   Number         0  stubs.o ABSOLUTE
    _printf_ll                               0x00000000   Number         0  stubs.o ABSOLUTE
    _printf_lld                              0x00000000   Number         0  stubs.o ABSOLUTE
    _printf_lli                              0x00000000   Number         0  stubs.o ABSOLUTE
    _printf_llo                              0x00000000   Number         0  stubs.o ABSOLUTE
    _printf_llu                              0x00000000   Number         0  stubs.o ABSOLUTE
    _printf_llx                              0x00000000   Number         0  stubs.o ABSOLUTE
    _printf_longlong_dec                     0x00000000   Number         0  stubs.o ABSOLUTE
    _printf_longlong_hex                     0x00000000   Number         0  stubs.o ABSOLUTE
    _printf_longlong_oct                     0x00000000   Number         0  stubs.o ABSOLUTE
    _printf_ls                               0x00000000   Number         0  stubs.o ABSOLUTE
    _printf_mbtowc                           0x00000000   Number         0  stubs.o ABSOLUTE
    _printf_n                                0x00000000   Number         0  stubs.o ABSOLUTE
    _printf_o                                0x00000000   Number         0  stubs.o ABSOLUTE
    _printf_p                                0x00000000   Number         0  stubs.o ABSOLUTE
    _printf_percent                          0x00000000   Number         0  stubs.o ABSOLUTE
    _printf_pre_padding                      0x00000000   Number         0  stubs.o ABSOLUTE
    _printf_return_value                     0x00000000   Number         0  stubs.o ABSOLUTE
    _printf_s                                0x00000000   Number         0  stubs.o ABSOLUTE
    _printf_sizespec                         0x00000000   Number         0  stubs.o ABSOLUTE
    _printf_str                              0x00000000   Number         0  stubs.o ABSOLUTE
    _printf_truncate_signed                  0x00000000   Number         0  stubs.o ABSOLUTE
    _printf_truncate_unsigned                0x00000000   Number         0  stubs.o ABSOLUTE
    _printf_u                                0x00000000   Number         0  stubs.o ABSOLUTE
    _printf_wc                               0x00000000   Number         0  stubs.o ABSOLUTE
    _printf_wctomb                           0x00000000   Number         0  stubs.o ABSOLUTE
    _printf_widthprec                        0x00000000   Number         0  stubs.o ABSOLUTE
    _printf_x                                0x00000000   Number         0  stubs.o ABSOLUTE
    __cpp_initialize__aeabi_                  - Undefined Weak Reference
    __cxa_finalize                            - Undefined Weak Reference
    __decompress                              - Undefined Weak Reference
    _clock_init                               - Undefined Weak Reference
    _microlib_exit                            - Undefined Weak Reference
    __Vectors_Size                           0x00000124   Number         0  startup_stm32l1xx_mdp.o ABSOLUTE
    __Vectors                                0x08000000   Data           4  startup_stm32l1xx_mdp.o(RESET)
    __Vectors_End                            0x08000124   Data           0  startup_stm32l1xx_mdp.o(RESET)
    __main                                   0x08000125   Thumb Code     0  entry.o(.ARM.Collect$$$$00000000)
    _main_stk                                0x08000125   Thumb Code     0  entry2.o(.ARM.Collect$$$$00000001)
    _main_scatterload                        0x08000129   Thumb Code     0  entry5.o(.ARM.Collect$$$$00000004)
    __main_after_scatterload                 0x0800012d   Thumb Code     0  entry5.o(.ARM.Collect$$$$00000004)
    _main_clock                              0x0800012d   Thumb Code     0  entry7b.o(.ARM.Collect$$$$00000008)
    _main_cpp_init                           0x0800012d   Thumb Code     0  entry8b.o(.ARM.Collect$$$$0000000A)
    _main_init                               0x0800012d   Thumb Code     0  entry9a.o(.ARM.Collect$$$$0000000B)
    __rt_final_cpp                           0x08000135   Thumb Code     0  entry10a.o(.ARM.Collect$$$$0000000D)
    __rt_final_exit                          0x08000135   Thumb Code     0  entry11a.o(.ARM.Collect$$$$0000000F)
    EXTI0_IRQHandler                         0x08000139   Thumb Code    30  main.o(.text)
    EXTI15_10_IRQHandler                     0x08000157   Thumb Code    72  main.o(.text)
    EXTI9_5_IRQHandler                       0x0800019f   Thumb Code    90  main.o(.text)
    SleepTime                                0x08000279   Thumb Code    94  main.o(.text)
    main                                     0x080002d7   Thumb Code   724  main.o(.text)
    NMI_Handler                              0x080005ab   Thumb Code     2  stm32l1xx_it.o(.text)
    HardFault_Handler                        0x080005ad   Thumb Code     4  stm32l1xx_it.o(.text)
    MemManage_Handler                        0x080005b1   Thumb Code     4  stm32l1xx_it.o(.text)
    BusFault_Handler                         0x080005b5   Thumb Code     4  stm32l1xx_it.o(.text)
    UsageFault_Handler                       0x080005b9   Thumb Code     4  stm32l1xx_it.o(.text)
    SVC_Handler                              0x080005bd   Thumb Code     2  stm32l1xx_it.o(.text)
    DebugMon_Handler                         0x080005bf   Thumb Code     2  stm32l1xx_it.o(.text)
    PendSV_Handler                           0x080005c1   Thumb Code     2  stm32l1xx_it.o(.text)
    SysTick_Handler                          0x080005c3   Thumb Code     2  stm32l1xx_it.o(.text)
    Reset_Handler                            0x080005c5   Thumb Code     8  startup_stm32l1xx_mdp.o(.text)
    ADC1_IRQHandler                          0x080005df   Thumb Code     0  startup_stm32l1xx_mdp.o(.text)
    AES_IRQHandler                           0x080005df   Thumb Code     0  startup_stm32l1xx_mdp.o(.text)
    COMP_ACQ_IRQHandler                      0x080005df   Thumb Code     0  startup_stm32l1xx_mdp.o(.text)
    COMP_IRQHandler                          0x080005df   Thumb Code     0  startup_stm32l1xx_mdp.o(.text)
    DAC_IRQHandler                           0x080005df   Thumb Code     0  startup_stm32l1xx_mdp.o(.text)
    DMA1_Channel1_IRQHandler                 0x080005df   Thumb Code     0  startup_stm32l1xx_mdp.o(.text)
    DMA1_Channel2_IRQHandler                 0x080005df   Thumb Code     0  startup_stm32l1xx_mdp.o(.text)
    DMA1_Channel3_IRQHandler                 0x080005df   Thumb Code     0  startup_stm32l1xx_mdp.o(.text)
    DMA1_Channel4_IRQHandler                 0x080005df   Thumb Code     0  startup_stm32l1xx_mdp.o(.text)
    DMA1_Channel5_IRQHandler                 0x080005df   Thumb Code     0  startup_stm32l1xx_mdp.o(.text)
    DMA1_Channel6_IRQHandler                 0x080005df   Thumb Code     0  startup_stm32l1xx_mdp.o(.text)
    DMA1_Channel7_IRQHandler                 0x080005df   Thumb Code     0  startup_stm32l1xx_mdp.o(.text)
    DMA2_Channel1_IRQHandler                 0x080005df   Thumb Code     0  startup_stm32l1xx_mdp.o(.text)
    DMA2_Channel2_IRQHandler                 0x080005df   Thumb Code     0  startup_stm32l1xx_mdp.o(.text)
    DMA2_Channel3_IRQHandler                 0x080005df   Thumb Code     0  startup_stm32l1xx_mdp.o(.text)
    DMA2_Channel4_IRQHandler                 0x080005df   Thumb Code     0  startup_stm32l1xx_mdp.o(.text)
    DMA2_Channel5_IRQHandler                 0x080005df   Thumb Code     0  startup_stm32l1xx_mdp.o(.text)
    EXTI1_IRQHandler                         0x080005df   Thumb Code     0  startup_stm32l1xx_mdp.o(.text)
    EXTI2_IRQHandler                         0x080005df   Thumb Code     0  startup_stm32l1xx_mdp.o(.text)
    EXTI3_IRQHandler                         0x080005df   Thumb Code     0  startup_stm32l1xx_mdp.o(.text)
    EXTI4_IRQHandler                         0x080005df   Thumb Code     0  startup_stm32l1xx_mdp.o(.text)
    FLASH_IRQHandler                         0x080005df   Thumb Code     0  startup_stm32l1xx_mdp.o(.text)
    I2C1_ER_IRQHandler                       0x080005df   Thumb Code     0  startup_stm32l1xx_mdp.o(.text)
    I2C1_EV_IRQHandler                       0x080005df   Thumb Code     0  startup_stm32l1xx_mdp.o(.text)
    I2C2_ER_IRQHandler                       0x080005df   Thumb Code     0  startup_stm32l1xx_mdp.o(.text)
    I2C2_EV_IRQHandler                       0x080005df   Thumb Code     0  startup_stm32l1xx_mdp.o(.text)
    LCD_IRQHandler                           0x080005df   Thumb Code     0  startup_stm32l1xx_mdp.o(.text)
    PVD_IRQHandler                           0x080005df   Thumb Code     0  startup_stm32l1xx_mdp.o(.text)
    RCC_IRQHandler                           0x080005df   Thumb Code     0  startup_stm32l1xx_mdp.o(.text)
    SPI1_IRQHandler                          0x080005df   Thumb Code     0  startup_stm32l1xx_mdp.o(.text)
    SPI2_IRQHandler                          0x080005df   Thumb Code     0  startup_stm32l1xx_mdp.o(.text)
    SPI3_IRQHandler                          0x080005df   Thumb Code     0  startup_stm32l1xx_mdp.o(.text)
    TAMPER_STAMP_IRQHandler                  0x080005df   Thumb Code     0  startup_stm32l1xx_mdp.o(.text)
    TIM10_IRQHandler                         0x080005df   Thumb Code     0  startup_stm32l1xx_mdp.o(.text)
    TIM11_IRQHandler                         0x080005df   Thumb Code     0  startup_stm32l1xx_mdp.o(.text)
    TIM3_IRQHandler                          0x080005df   Thumb Code     0  startup_stm32l1xx_mdp.o(.text)
    TIM4_IRQHandler                          0x080005df   Thumb Code     0  startup_stm32l1xx_mdp.o(.text)
    TIM5_IRQHandler                          0x080005df   Thumb Code     0  startup_stm32l1xx_mdp.o(.text)
    TIM6_IRQHandler                          0x080005df   Thumb Code     0  startup_stm32l1xx_mdp.o(.text)
    TIM7_IRQHandler                          0x080005df   Thumb Code     0  startup_stm32l1xx_mdp.o(.text)
    TIM9_IRQHandler                          0x080005df   Thumb Code     0  startup_stm32l1xx_mdp.o(.text)
    USB_FS_WKUP_IRQHandler                   0x080005df   Thumb Code     0  startup_stm32l1xx_mdp.o(.text)
    USB_HP_IRQHandler                        0x080005df   Thumb Code     0  startup_stm32l1xx_mdp.o(.text)
    USB_LP_IRQHandler                        0x080005df   Thumb Code     0  startup_stm32l1xx_mdp.o(.text)
    WWDG_IRQHandler                          0x080005df   Thumb Code     0  startup_stm32l1xx_mdp.o(.text)
    NVIC_PriorityGroupConfig                 0x080005e9   Thumb Code    10  misc.o(.text)
    NVIC_Init                                0x080005f3   Thumb Code   106  misc.o(.text)
    NVIC_SetVectorTable                      0x0800065d   Thumb Code    14  misc.o(.text)
    NVIC_SystemLPConfig                      0x0800066b   Thumb Code    34  misc.o(.text)
    SysTick_CLKSourceConfig                  0x0800068d   Thumb Code    40  misc.o(.text)
    ADC_DeInit                               0x080006c9   Thumb Code    28  stm32l1xx_adc.o(.text)
    ADC_Init                                 0x080006e5   Thumb Code    74  stm32l1xx_adc.o(.text)
    ADC_StructInit                           0x0800072f   Thumb Code    26  stm32l1xx_adc.o(.text)
    ADC_CommonInit                           0x08000749   Thumb Code    22  stm32l1xx_adc.o(.text)
    ADC_CommonStructInit                     0x0800075f   Thumb Code     6  stm32l1xx_adc.o(.text)
    ADC_Cmd                                  0x08000765   Thumb Code    22  stm32l1xx_adc.o(.text)
    ADC_BankSelection                        0x0800077b   Thumb Code    22  stm32l1xx_adc.o(.text)
    ADC_PowerDownCmd                         0x08000791   Thumb Code    18  stm32l1xx_adc.o(.text)
    ADC_DelaySelectionConfig                 0x080007a3   Thumb Code    16  stm32l1xx_adc.o(.text)
    ADC_AnalogWatchdogCmd                    0x080007b3   Thumb Code    16  stm32l1xx_adc.o(.text)
    ADC_AnalogWatchdogThresholdsConfig       0x080007c3   Thumb Code     6  stm32l1xx_adc.o(.text)
    ADC_AnalogWatchdogSingleChannelConfig    0x080007c9   Thumb Code    16  stm32l1xx_adc.o(.text)
    ADC_TempSensorVrefintCmd                 0x080007d9   Thumb Code    30  stm32l1xx_adc.o(.text)
    ADC_RegularChannelConfig                 0x080007f7   Thumb Code   344  stm32l1xx_adc.o(.text)
    ADC_SoftwareStartConv                    0x0800094f   Thumb Code    10  stm32l1xx_adc.o(.text)
    ADC_GetSoftwareStartConvStatus           0x08000959   Thumb Code    20  stm32l1xx_adc.o(.text)
    ADC_EOCOnEachRegularChannelCmd           0x0800096d   Thumb Code    22  stm32l1xx_adc.o(.text)
    ADC_ContinuousModeCmd                    0x08000983   Thumb Code    22  stm32l1xx_adc.o(.text)
    ADC_DiscModeChannelCountConfig           0x08000999   Thumb Code    24  stm32l1xx_adc.o(.text)
    ADC_DiscModeCmd                          0x080009b1   Thumb Code    22  stm32l1xx_adc.o(.text)
    ADC_GetConversionValue                   0x080009c7   Thumb Code     8  stm32l1xx_adc.o(.text)
    ADC_DMACmd                               0x080009cf   Thumb Code    22  stm32l1xx_adc.o(.text)
    ADC_DMARequestAfterLastTransferCmd       0x080009e5   Thumb Code    22  stm32l1xx_adc.o(.text)
    ADC_InjectedChannelConfig                0x080009fb   Thumb Code   232  stm32l1xx_adc.o(.text)
    ADC_InjectedSequencerLengthConfig        0x08000ae3   Thumb Code    24  stm32l1xx_adc.o(.text)
    ADC_SetInjectedOffset                    0x08000afb   Thumb Code    20  stm32l1xx_adc.o(.text)
    ADC_ExternalTrigInjectedConvConfig       0x08000b0f   Thumb Code    16  stm32l1xx_adc.o(.text)
    ADC_ExternalTrigInjectedConvEdgeConfig   0x08000b1f   Thumb Code    16  stm32l1xx_adc.o(.text)
    ADC_SoftwareStartInjectedConv            0x08000b2f   Thumb Code    10  stm32l1xx_adc.o(.text)
    ADC_GetSoftwareStartInjectedConvCmdStatus 0x08000b39   Thumb Code    20  stm32l1xx_adc.o(.text)
    ADC_AutoInjectedConvCmd                  0x08000b4d   Thumb Code    22  stm32l1xx_adc.o(.text)
    ADC_InjectedDiscModeCmd                  0x08000b63   Thumb Code    22  stm32l1xx_adc.o(.text)
    ADC_GetInjectedConversionValue           0x08000b79   Thumb Code    28  stm32l1xx_adc.o(.text)
    ADC_ITConfig                             0x08000b95   Thumb Code    32  stm32l1xx_adc.o(.text)
    ADC_GetFlagStatus                        0x08000bb5   Thumb Code    18  stm32l1xx_adc.o(.text)
    ADC_ClearFlag                            0x08000bc7   Thumb Code     6  stm32l1xx_adc.o(.text)
    ADC_GetITStatus                          0x08000bcd   Thumb Code    38  stm32l1xx_adc.o(.text)
    ADC_ClearITPendingBit                    0x08000bf3   Thumb Code    10  stm32l1xx_adc.o(.text)
    DBGMCU_GetREVID                          0x08000bfd   Thumb Code     8  stm32l1xx_dbgmcu.o(.text)
    DBGMCU_GetDEVID                          0x08000c05   Thumb Code    10  stm32l1xx_dbgmcu.o(.text)
    DBGMCU_Config                            0x08000c0f   Thumb Code    26  stm32l1xx_dbgmcu.o(.text)
    DBGMCU_APB1PeriphConfig                  0x08000c29   Thumb Code    26  stm32l1xx_dbgmcu.o(.text)
    DBGMCU_APB2PeriphConfig                  0x08000c43   Thumb Code    26  stm32l1xx_dbgmcu.o(.text)
    EXTI_DeInit                              0x08000c61   Thumb Code    30  stm32l1xx_exti.o(.text)
    EXTI_Init                                0x08000c7f   Thumb Code   142  stm32l1xx_exti.o(.text)
    EXTI_StructInit                          0x08000d0d   Thumb Code    16  stm32l1xx_exti.o(.text)
    EXTI_GenerateSWInterrupt                 0x08000d1d   Thumb Code    16  stm32l1xx_exti.o(.text)
    EXTI_GetFlagStatus                       0x08000d2d   Thumb Code    22  stm32l1xx_exti.o(.text)
    EXTI_ClearFlag                           0x08000d43   Thumb Code     8  stm32l1xx_exti.o(.text)
    EXTI_GetITStatus                         0x08000d4b   Thumb Code    34  stm32l1xx_exti.o(.text)
    EXTI_ClearITPendingBit                   0x08000d6d   Thumb Code     8  stm32l1xx_exti.o(.text)
    GPIO_DeInit                              0x08000d79   Thumb Code   196  stm32l1xx_gpio.o(.text)
    GPIO_Init                                0x08000e3d   Thumb Code   144  stm32l1xx_gpio.o(.text)
    GPIO_StructInit                          0x08000ecd   Thumb Code    18  stm32l1xx_gpio.o(.text)
    GPIO_PinLockConfig                       0x08000edf   Thumb Code    34  stm32l1xx_gpio.o(.text)
    GPIO_ReadInputDataBit                    0x08000f01   Thumb Code    18  stm32l1xx_gpio.o(.text)
    GPIO_ReadInputData                       0x08000f13   Thumb Code     6  stm32l1xx_gpio.o(.text)
    GPIO_ReadOutputDataBit                   0x08000f19   Thumb Code    18  stm32l1xx_gpio.o(.text)
    GPIO_ReadOutputData                      0x08000f2b   Thumb Code     6  stm32l1xx_gpio.o(.text)
    GPIO_SetBits                             0x08000f31   Thumb Code     4  stm32l1xx_gpio.o(.text)
    GPIO_ResetBits                           0x08000f35   Thumb Code     4  stm32l1xx_gpio.o(.text)
    GPIO_WriteBit                            0x08000f39   Thumb Code    10  stm32l1xx_gpio.o(.text)
    GPIO_Write                               0x08000f43   Thumb Code     4  stm32l1xx_gpio.o(.text)
    GPIO_ToggleBits                          0x08000f47   Thumb Code     8  stm32l1xx_gpio.o(.text)
    GPIO_PinAFConfig                         0x08000f4f   Thumb Code    70  stm32l1xx_gpio.o(.text)
    PWR_DeInit                               0x08000fb5   Thumb Code    22  stm32l1xx_pwr.o(.text)
    PWR_RTCAccessCmd                         0x08000fcb   Thumb Code     6  stm32l1xx_pwr.o(.text)
    PWR_PVDLevelConfig                       0x08000fd1   Thumb Code    18  stm32l1xx_pwr.o(.text)
    PWR_PVDCmd                               0x08000fe3   Thumb Code     6  stm32l1xx_pwr.o(.text)
    PWR_WakeUpPinCmd                         0x08000fe9   Thumb Code    20  stm32l1xx_pwr.o(.text)
    PWR_FastWakeUpCmd                        0x08000ffd   Thumb Code     6  stm32l1xx_pwr.o(.text)
    PWR_UltraLowPowerCmd                     0x08001003   Thumb Code     6  stm32l1xx_pwr.o(.text)
    PWR_VoltageScalingConfig                 0x08001009   Thumb Code    24  stm32l1xx_pwr.o(.text)
    PWR_EnterLowPowerRunMode                 0x08001021   Thumb Code    50  stm32l1xx_pwr.o(.text)
    PWR_EnterSleepMode                       0x08001053   Thumb Code    42  stm32l1xx_pwr.o(.text)
    PWR_EnterSTOPMode                        0x0800107d   Thumb Code    54  stm32l1xx_pwr.o(.text)
    PWR_EnterSTANDBYMode                     0x080010b3   Thumb Code    42  stm32l1xx_pwr.o(.text)
    PWR_GetFlagStatus                        0x080010dd   Thumb Code    20  stm32l1xx_pwr.o(.text)
    PWR_ClearFlag                            0x080010f1   Thumb Code    14  stm32l1xx_pwr.o(.text)
    RCC_DeInit                               0x0800110d   Thumb Code    74  stm32l1xx_rcc.o(.text)
    RCC_HSEConfig                            0x08001157   Thumb Code    14  stm32l1xx_rcc.o(.text)
    RCC_GetFlagStatus                        0x08001165   Thumb Code    48  stm32l1xx_rcc.o(.text)
    RCC_WaitForHSEStartUp                    0x08001195   Thumb Code    56  stm32l1xx_rcc.o(.text)
    RCC_AdjustMSICalibrationValue            0x080011cd   Thumb Code     8  stm32l1xx_rcc.o(.text)
    RCC_MSIRangeConfig                       0x080011d5   Thumb Code    20  stm32l1xx_rcc.o(.text)
    RCC_MSICmd                               0x080011e9   Thumb Code     6  stm32l1xx_rcc.o(.text)
    RCC_AdjustHSICalibrationValue            0x080011ef   Thumb Code    22  stm32l1xx_rcc.o(.text)
    RCC_HSICmd                               0x08001205   Thumb Code     6  stm32l1xx_rcc.o(.text)
    RCC_LSEConfig                            0x0800120b   Thumb Code    14  stm32l1xx_rcc.o(.text)
    RCC_LSICmd                               0x08001219   Thumb Code     6  stm32l1xx_rcc.o(.text)
    RCC_PLLConfig                            0x0800121f   Thumb Code    16  stm32l1xx_rcc.o(.text)
    RCC_PLLCmd                               0x0800122f   Thumb Code     6  stm32l1xx_rcc.o(.text)
    RCC_ClockSecuritySystemCmd               0x08001235   Thumb Code     6  stm32l1xx_rcc.o(.text)
    RCC_LSEClockSecuritySystemCmd            0x0800123b   Thumb Code     8  stm32l1xx_rcc.o(.text)
    RCC_MCOConfig                            0x08001243   Thumb Code    12  stm32l1xx_rcc.o(.text)
    RCC_SYSCLKConfig                         0x0800124f   Thumb Code    20  stm32l1xx_rcc.o(.text)
    RCC_GetSYSCLKSource                      0x08001263   Thumb Code    12  stm32l1xx_rcc.o(.text)
    RCC_HCLKConfig                           0x0800126f   Thumb Code    20  stm32l1xx_rcc.o(.text)
    RCC_PCLK1Config                          0x08001283   Thumb Code    20  stm32l1xx_rcc.o(.text)
    RCC_PCLK2Config                          0x08001297   Thumb Code    22  stm32l1xx_rcc.o(.text)
    RCC_GetClocksFreq                        0x080012ad   Thumb Code   248  stm32l1xx_rcc.o(.text)
    RCC_RTCCLKConfig                         0x080013a5   Thumb Code    64  stm32l1xx_rcc.o(.text)
    RCC_RTCCLKCmd                            0x080013e5   Thumb Code     8  stm32l1xx_rcc.o(.text)
    RCC_RTCResetCmd                          0x080013ed   Thumb Code     8  stm32l1xx_rcc.o(.text)
    RCC_AHBPeriphClockCmd                    0x080013f5   Thumb Code    34  stm32l1xx_rcc.o(.text)
    RCC_APB2PeriphClockCmd                   0x08001417   Thumb Code    34  stm32l1xx_rcc.o(.text)
    RCC_APB1PeriphClockCmd                   0x08001439   Thumb Code    34  stm32l1xx_rcc.o(.text)
    RCC_AHBPeriphResetCmd                    0x0800145b   Thumb Code    34  stm32l1xx_rcc.o(.text)
    RCC_APB2PeriphResetCmd                   0x0800147d   Thumb Code    34  stm32l1xx_rcc.o(.text)
    RCC_APB1PeriphResetCmd                   0x0800149f   Thumb Code    34  stm32l1xx_rcc.o(.text)
    RCC_AHBPeriphClockLPModeCmd              0x080014c1   Thumb Code    34  stm32l1xx_rcc.o(.text)
    RCC_APB2PeriphClockLPModeCmd             0x080014e3   Thumb Code    66  stm32l1xx_rcc.o(.text)
    RCC_APB1PeriphClockLPModeCmd             0x08001525   Thumb Code    34  stm32l1xx_rcc.o(.text)
    RCC_ITConfig                             0x08001547   Thumb Code    34  stm32l1xx_rcc.o(.text)
    RCC_ClearFlag                            0x08001569   Thumb Code    18  stm32l1xx_rcc.o(.text)
    RCC_GetITStatus                          0x0800157b   Thumb Code    22  stm32l1xx_rcc.o(.text)
    RCC_ClearITPendingBit                    0x08001591   Thumb Code     8  stm32l1xx_rcc.o(.text)
    RTC_WaitForSynchro                       0x0800159d   Thumb Code    92  stm32l1xx_rtc.o(.text)
    RTC_EnterInitMode                        0x080015f9   Thumb Code    84  stm32l1xx_rtc.o(.text)
    RTC_DeInit                               0x0800164d   Thumb Code   204  stm32l1xx_rtc.o(.text)
    RTC_ExitInitMode                         0x08001719   Thumb Code    18  stm32l1xx_rtc.o(.text)
    RTC_Init                                 0x0800172b   Thumb Code    94  stm32l1xx_rtc.o(.text)
    RTC_StructInit                           0x08001789   Thumb Code    14  stm32l1xx_rtc.o(.text)
    RTC_WriteProtectionCmd                   0x08001797   Thumb Code    22  stm32l1xx_rtc.o(.text)
    RTC_RefClockCmd                          0x080017ad   Thumb Code    76  stm32l1xx_rtc.o(.text)
    RTC_BypassShadowCmd                      0x080017f9   Thumb Code    54  stm32l1xx_rtc.o(.text)
    RTC_SetTime                              0x08001861   Thumb Code   200  stm32l1xx_rtc.o(.text)
    RTC_TimeStructInit                       0x08001929   Thumb Code    12  stm32l1xx_rtc.o(.text)
    RTC_GetTime                              0x08001935   Thumb Code    74  stm32l1xx_rtc.o(.text)
    RTC_GetSubSecond                         0x0800197f   Thumb Code    30  stm32l1xx_rtc.o(.text)
    RTC_SetDate                              0x0800199d   Thumb Code   190  stm32l1xx_rtc.o(.text)
    RTC_DateStructInit                       0x08001a5b   Thumb Code    14  stm32l1xx_rtc.o(.text)
    RTC_GetDate                              0x08001a69   Thumb Code    70  stm32l1xx_rtc.o(.text)
    RTC_SetAlarm                             0x08001aaf   Thumb Code   230  stm32l1xx_rtc.o(.text)
    RTC_AlarmStructInit                      0x08001b95   Thumb Code    22  stm32l1xx_rtc.o(.text)
    RTC_GetAlarm                             0x08001bab   Thumb Code   114  stm32l1xx_rtc.o(.text)
    RTC_AlarmCmd                             0x08001c1d   Thumb Code   112  stm32l1xx_rtc.o(.text)
    RTC_AlarmSubSecondConfig                 0x08001c8d   Thumb Code    46  stm32l1xx_rtc.o(.text)
    RTC_GetAlarmSubSecond                    0x08001cbb   Thumb Code    34  stm32l1xx_rtc.o(.text)
    RTC_WakeUpClockConfig                    0x08001cdd   Thumb Code    42  stm32l1xx_rtc.o(.text)
    RTC_SetWakeUpCounter                     0x08001d07   Thumb Code    22  stm32l1xx_rtc.o(.text)
    RTC_GetWakeUpCounter                     0x08001d1d   Thumb Code    10  stm32l1xx_rtc.o(.text)
    RTC_WakeUpCmd                            0x08001d27   Thumb Code   116  stm32l1xx_rtc.o(.text)
    RTC_DayLightSavingConfig                 0x08001d9b   Thumb Code    50  stm32l1xx_rtc.o(.text)
    RTC_GetStoreOperation                    0x08001dcd   Thumb Code    12  stm32l1xx_rtc.o(.text)
    RTC_OutputConfig                         0x08001dd9   Thumb Code    60  stm32l1xx_rtc.o(.text)
    RTC_CoarseCalibConfig                    0x08001e15   Thumb Code    52  stm32l1xx_rtc.o(.text)
    RTC_CoarseCalibCmd                       0x08001e49   Thumb Code    76  stm32l1xx_rtc.o(.text)
    RTC_CalibOutputCmd                       0x08001e95   Thumb Code    54  stm32l1xx_rtc.o(.text)
    RTC_CalibOutputConfig                    0x08001ecb   Thumb Code    42  stm32l1xx_rtc.o(.text)
    RTC_SmoothCalibConfig                    0x08001ef5   Thumb Code    90  stm32l1xx_rtc.o(.text)
    RTC_TimeStampCmd                         0x08001f4f   Thumb Code    54  stm32l1xx_rtc.o(.text)
    RTC_GetTimeStamp                         0x08001f85   Thumb Code   144  stm32l1xx_rtc.o(.text)
    RTC_GetTimeStampSubSecond                0x08002015   Thumb Code     8  stm32l1xx_rtc.o(.text)
    RTC_TamperTriggerConfig                  0x0800201d   Thumb Code    38  stm32l1xx_rtc.o(.text)
    RTC_TamperCmd                            0x08002043   Thumb Code    34  stm32l1xx_rtc.o(.text)
    RTC_TamperFilterConfig                   0x08002065   Thumb Code    26  stm32l1xx_rtc.o(.text)
    RTC_TamperSamplingFreqConfig             0x0800207f   Thumb Code    26  stm32l1xx_rtc.o(.text)
    RTC_TamperPinsPrechargeDuration          0x08002099   Thumb Code    26  stm32l1xx_rtc.o(.text)
    RTC_TimeStampOnTamperDetectionCmd        0x080020b3   Thumb Code    38  stm32l1xx_rtc.o(.text)
    RTC_TamperPullUpCmd                      0x080020d9   Thumb Code    38  stm32l1xx_rtc.o(.text)
    RTC_WriteBackupRegister                  0x080020ff   Thumb Code    26  stm32l1xx_rtc.o(.text)
    RTC_ReadBackupRegister                   0x08002119   Thumb Code    28  stm32l1xx_rtc.o(.text)
    RTC_OutputTypeConfig                     0x08002135   Thumb Code    26  stm32l1xx_rtc.o(.text)
    RTC_SynchroShiftConfig                   0x0800214f   Thumb Code   118  stm32l1xx_rtc.o(.text)
    RTC_ITConfig                             0x080021c5   Thumb Code   108  stm32l1xx_rtc.o(.text)
    RTC_GetFlagStatus                        0x08002231   Thumb Code    34  stm32l1xx_rtc.o(.text)
    RTC_ClearFlag                            0x08002253   Thumb Code    30  stm32l1xx_rtc.o(.text)
    RTC_GetITStatus                          0x08002271   Thumb Code    66  stm32l1xx_rtc.o(.text)
    RTC_ClearITPendingBit                    0x080022b3   Thumb Code    32  stm32l1xx_rtc.o(.text)
    SYSCFG_DeInit                            0x080022dd   Thumb Code    20  stm32l1xx_syscfg.o(.text)
    SYSCFG_RIDeInit                          0x080022f1   Thumb Code    32  stm32l1xx_syscfg.o(.text)
    SYSCFG_MemoryRemapConfig                 0x08002311   Thumb Code     6  stm32l1xx_syscfg.o(.text)
    SYSCFG_GetBootMode                       0x08002317   Thumb Code    10  stm32l1xx_syscfg.o(.text)
    SYSCFG_USBPuCmd                          0x08002321   Thumb Code    30  stm32l1xx_syscfg.o(.text)
    SYSCFG_EXTILineConfig                    0x0800233f   Thumb Code    66  stm32l1xx_syscfg.o(.text)
    SYSCFG_RITIMSelect                       0x08002381   Thumb Code    18  stm32l1xx_syscfg.o(.text)
    SYSCFG_RITIMInputCaptureConfig           0x08002393   Thumb Code    86  stm32l1xx_syscfg.o(.text)
    SYSCFG_RIResistorConfig                  0x080023e9   Thumb Code    34  stm32l1xx_syscfg.o(.text)
    SYSCFG_RIChannelSpeedConfig              0x0800240b   Thumb Code    34  stm32l1xx_syscfg.o(.text)
    SYSCFG_RIIOSwitchConfig                  0x0800242d   Thumb Code    80  stm32l1xx_syscfg.o(.text)
    SYSCFG_RISwitchControlModeCmd            0x0800247d   Thumb Code    38  stm32l1xx_syscfg.o(.text)
    SYSCFG_RIHysteresisConfig                0x080024a3   Thumb Code   282  stm32l1xx_syscfg.o(.text)
    TIM_DeInit                               0x080025c5   Thumb Code   220  stm32l1xx_tim.o(.text)
    TIM_TimeBaseInit                         0x080026a1   Thumb Code    76  stm32l1xx_tim.o(.text)
    TIM_TimeBaseStructInit                   0x080026ed   Thumb Code    16  stm32l1xx_tim.o(.text)
    TIM_PrescalerConfig                      0x080026fd   Thumb Code     6  stm32l1xx_tim.o(.text)
    TIM_CounterModeConfig                    0x08002703   Thumb Code    18  stm32l1xx_tim.o(.text)
    TIM_SetCounter                           0x08002715   Thumb Code     4  stm32l1xx_tim.o(.text)
    TIM_SetAutoreload                        0x08002719   Thumb Code     4  stm32l1xx_tim.o(.text)
    TIM_GetCounter                           0x0800271d   Thumb Code     6  stm32l1xx_tim.o(.text)
    TIM_GetPrescaler                         0x08002723   Thumb Code     6  stm32l1xx_tim.o(.text)
    TIM_UpdateDisableConfig                  0x08002729   Thumb Code    24  stm32l1xx_tim.o(.text)
    TIM_UpdateRequestConfig                  0x08002741   Thumb Code    24  stm32l1xx_tim.o(.text)
    TIM_ARRPreloadConfig                     0x08002759   Thumb Code    24  stm32l1xx_tim.o(.text)
    TIM_SelectOnePulseMode                   0x08002771   Thumb Code    18  stm32l1xx_tim.o(.text)
    TIM_SetClockDivision                     0x08002783   Thumb Code    18  stm32l1xx_tim.o(.text)
    TIM_Cmd                                  0x08002795   Thumb Code    24  stm32l1xx_tim.o(.text)
    TIM_OC1Init                              0x080027ad   Thumb Code    56  stm32l1xx_tim.o(.text)
    TIM_OC2Init                              0x080027e5   Thumb Code    70  stm32l1xx_tim.o(.text)
    TIM_OC3Init                              0x0800282b   Thumb Code    66  stm32l1xx_tim.o(.text)
    TIM_OC4Init                              0x0800286d   Thumb Code    70  stm32l1xx_tim.o(.text)
    TIM_OCStructInit                         0x080028b3   Thumb Code    12  stm32l1xx_tim.o(.text)
    TIM_SelectOCxM                           0x080028bf   Thumb Code    82  stm32l1xx_tim.o(.text)
    TIM_SetCompare1                          0x08002911   Thumb Code     4  stm32l1xx_tim.o(.text)
    TIM_SetCompare2                          0x08002915   Thumb Code     4  stm32l1xx_tim.o(.text)
    TIM_SetCompare3                          0x08002919   Thumb Code     4  stm32l1xx_tim.o(.text)
    TIM_SetCompare4                          0x0800291d   Thumb Code     4  stm32l1xx_tim.o(.text)
    TIM_ForcedOC1Config                      0x08002921   Thumb Code    18  stm32l1xx_tim.o(.text)
    TIM_ForcedOC2Config                      0x08002933   Thumb Code    26  stm32l1xx_tim.o(.text)
    TIM_ForcedOC3Config                      0x0800294d   Thumb Code    18  stm32l1xx_tim.o(.text)
    TIM_ForcedOC4Config                      0x0800295f   Thumb Code    26  stm32l1xx_tim.o(.text)
    TIM_OC1PreloadConfig                     0x08002979   Thumb Code    18  stm32l1xx_tim.o(.text)
    TIM_OC2PreloadConfig                     0x0800298b   Thumb Code    26  stm32l1xx_tim.o(.text)
    TIM_OC3PreloadConfig                     0x080029a5   Thumb Code    18  stm32l1xx_tim.o(.text)
    TIM_OC4PreloadConfig                     0x080029b7   Thumb Code    58  stm32l1xx_tim.o(.text)
    TIM_OC1FastConfig                        0x080029f1   Thumb Code    18  stm32l1xx_tim.o(.text)
    TIM_OC2FastConfig                        0x08002a03   Thumb Code    26  stm32l1xx_tim.o(.text)
    TIM_OC3FastConfig                        0x08002a1d   Thumb Code    18  stm32l1xx_tim.o(.text)
    TIM_OC4FastConfig                        0x08002a2f   Thumb Code    26  stm32l1xx_tim.o(.text)
    TIM_ClearOC1Ref                          0x08002a49   Thumb Code    18  stm32l1xx_tim.o(.text)
    TIM_ClearOC2Ref                          0x08002a5b   Thumb Code    24  stm32l1xx_tim.o(.text)
    TIM_ClearOC3Ref                          0x08002a73   Thumb Code    18  stm32l1xx_tim.o(.text)
    TIM_ClearOC4Ref                          0x08002a85   Thumb Code    24  stm32l1xx_tim.o(.text)
    TIM_OC1PolarityConfig                    0x08002a9d   Thumb Code    18  stm32l1xx_tim.o(.text)
    TIM_OC2PolarityConfig                    0x08002aaf   Thumb Code    26  stm32l1xx_tim.o(.text)
    TIM_OC3PolarityConfig                    0x08002ac9   Thumb Code    26  stm32l1xx_tim.o(.text)
    TIM_OC4PolarityConfig                    0x08002ae3   Thumb Code    26  stm32l1xx_tim.o(.text)
    TIM_SelectOCREFClear                     0x08002afd   Thumb Code    18  stm32l1xx_tim.o(.text)
    TIM_CCxCmd                               0x08002b0f   Thumb Code    30  stm32l1xx_tim.o(.text)
    TIM_SetIC4Prescaler                      0x08002b2d   Thumb Code    26  stm32l1xx_tim.o(.text)
    TIM_SetIC3Prescaler                      0x08002b97   Thumb Code    18  stm32l1xx_tim.o(.text)
    TIM_SetIC2Prescaler                      0x08002bf1   Thumb Code    26  stm32l1xx_tim.o(.text)
    TIM_SetIC1Prescaler                      0x08002c5b   Thumb Code    18  stm32l1xx_tim.o(.text)
    TIM_ICInit                               0x08002ca7   Thumb Code   110  stm32l1xx_tim.o(.text)
    TIM_ICStructInit                         0x08002d15   Thumb Code    18  stm32l1xx_tim.o(.text)
    TIM_PWMIConfig                           0x08002d27   Thumb Code   124  stm32l1xx_tim.o(.text)
    TIM_GetCapture1                          0x08002da3   Thumb Code     6  stm32l1xx_tim.o(.text)
    TIM_GetCapture2                          0x08002da9   Thumb Code     6  stm32l1xx_tim.o(.text)
    TIM_GetCapture3                          0x08002daf   Thumb Code     6  stm32l1xx_tim.o(.text)
    TIM_GetCapture4                          0x08002db5   Thumb Code     6  stm32l1xx_tim.o(.text)
    TIM_ITConfig                             0x08002dbb   Thumb Code    18  stm32l1xx_tim.o(.text)
    TIM_GenerateEvent                        0x08002dcd   Thumb Code     4  stm32l1xx_tim.o(.text)
    TIM_GetFlagStatus                        0x08002dd1   Thumb Code    18  stm32l1xx_tim.o(.text)
    TIM_ClearFlag                            0x08002de3   Thumb Code     6  stm32l1xx_tim.o(.text)
    TIM_GetITStatus                          0x08002de9   Thumb Code    34  stm32l1xx_tim.o(.text)
    TIM_ClearITPendingBit                    0x08002e0b   Thumb Code     6  stm32l1xx_tim.o(.text)
    TIM_DMAConfig                            0x08002e11   Thumb Code    10  stm32l1xx_tim.o(.text)
    TIM_DMACmd                               0x08002e1b   Thumb Code    18  stm32l1xx_tim.o(.text)
    TIM_SelectCCDMA                          0x08002e2d   Thumb Code    24  stm32l1xx_tim.o(.text)
    TIM_InternalClockConfig                  0x08002e45   Thumb Code    12  stm32l1xx_tim.o(.text)
    TIM_SelectInputTrigger                   0x08002e51   Thumb Code    18  stm32l1xx_tim.o(.text)
    TIM_ITRxExternalClockConfig              0x08002e63   Thumb Code    24  stm32l1xx_tim.o(.text)
    TIM_TIxExternalClockConfig               0x08002e7b   Thumb Code    62  stm32l1xx_tim.o(.text)
    TIM_ETRConfig                            0x08002eb9   Thumb Code    28  stm32l1xx_tim.o(.text)
    TIM_ETRClockMode1Config                  0x08002ed5   Thumb Code    54  stm32l1xx_tim.o(.text)
    TIM_ETRClockMode2Config                  0x08002f0b   Thumb Code    32  stm32l1xx_tim.o(.text)
    TIM_SelectOutputTrigger                  0x08002f2b   Thumb Code    18  stm32l1xx_tim.o(.text)
    TIM_SelectSlaveMode                      0x08002f3d   Thumb Code    18  stm32l1xx_tim.o(.text)
    TIM_SelectMasterSlaveMode                0x08002f4f   Thumb Code    18  stm32l1xx_tim.o(.text)
    TIM_EncoderInterfaceConfig               0x08002f61   Thumb Code    66  stm32l1xx_tim.o(.text)
    TIM_SelectHallSensor                     0x08002fa3   Thumb Code    24  stm32l1xx_tim.o(.text)
    TIM_RemapConfig                          0x08002fbb   Thumb Code    22  stm32l1xx_tim.o(.text)
    USART_DeInit                             0x08002fd1   Thumb Code   134  stm32l1xx_usart.o(.text)
    USART_Init                               0x08003057   Thumb Code   198  stm32l1xx_usart.o(.text)
    USART_StructInit                         0x0800311d   Thumb Code    24  stm32l1xx_usart.o(.text)
    USART_ClockInit                          0x08003135   Thumb Code    32  stm32l1xx_usart.o(.text)
    USART_ClockStructInit                    0x08003155   Thumb Code    12  stm32l1xx_usart.o(.text)
    USART_Cmd                                0x08003161   Thumb Code    24  stm32l1xx_usart.o(.text)
    USART_SetPrescaler                       0x08003179   Thumb Code    16  stm32l1xx_usart.o(.text)
    USART_OverSampling8Cmd                   0x08003189   Thumb Code    22  stm32l1xx_usart.o(.text)
    USART_OneBitMethodCmd                    0x0800319f   Thumb Code    24  stm32l1xx_usart.o(.text)
    USART_SendData                           0x080031b7   Thumb Code     8  stm32l1xx_usart.o(.text)
    USART_ReceiveData                        0x080031bf   Thumb Code    10  stm32l1xx_usart.o(.text)
    USART_SetAddress                         0x080031c9   Thumb Code    18  stm32l1xx_usart.o(.text)
    USART_ReceiverWakeUpCmd                  0x080031db   Thumb Code    24  stm32l1xx_usart.o(.text)
    USART_WakeUpConfig                       0x080031f3   Thumb Code    18  stm32l1xx_usart.o(.text)
    USART_LINBreakDetectLengthConfig         0x08003205   Thumb Code    18  stm32l1xx_usart.o(.text)
    USART_LINCmd                             0x08003217   Thumb Code    24  stm32l1xx_usart.o(.text)
    USART_SendBreak                          0x0800322f   Thumb Code    10  stm32l1xx_usart.o(.text)
    USART_HalfDuplexCmd                      0x08003239   Thumb Code    24  stm32l1xx_usart.o(.text)
    USART_SetGuardTime                       0x08003251   Thumb Code    16  stm32l1xx_usart.o(.text)
    USART_SmartCardCmd                       0x08003261   Thumb Code    24  stm32l1xx_usart.o(.text)
    USART_SmartCardNACKCmd                   0x08003279   Thumb Code    24  stm32l1xx_usart.o(.text)
    USART_IrDAConfig                         0x08003291   Thumb Code    18  stm32l1xx_usart.o(.text)
    USART_IrDACmd                            0x080032a3   Thumb Code    24  stm32l1xx_usart.o(.text)
    USART_DMACmd                             0x080032bb   Thumb Code    18  stm32l1xx_usart.o(.text)
    USART_ITConfig                           0x080032cd   Thumb Code    74  stm32l1xx_usart.o(.text)
    USART_GetFlagStatus                      0x08003317   Thumb Code    26  stm32l1xx_usart.o(.text)
    USART_ClearFlag                          0x08003331   Thumb Code    18  stm32l1xx_usart.o(.text)
    USART_GetITStatus                        0x08003343   Thumb Code    84  stm32l1xx_usart.o(.text)
    USART_ClearITPendingBit                  0x08003397   Thumb Code    50  stm32l1xx_usart.o(.text)
    SystemInit                               0x080034cb   Thumb Code    88  system_stm32l1xx.o(.text)
    SystemCoreClockUpdate                    0x08003523   Thumb Code   204  system_stm32l1xx.o(.text)
    Gpio_Cfg                                 0x0800361d   Thumb Code   328  bsp.o(.text)
    Gpio_WkCfg                               0x08003765   Thumb Code   230  bsp.o(.text)
    Gpio_LpCfg                               0x0800384b   Thumb Code   286  bsp.o(.text)
    mbus_shutdown                            0x08003969   Thumb Code    40  bsp.o(.text)
    LowPowerSet                              0x08003991   Thumb Code    58  bsp.o(.text)
    RTC_EXIT                                 0x080039cb   Thumb Code   150  bsp.o(.text)
    EXTI_Cfg                                 0x08003a61   Thumb Code    80  bsp.o(.text)
    bsp_Init                                 0x08003ab1   Thumb Code    52  bsp.o(.text)
    To_Enter_Stop                            0x08003ae5   Thumb Code    24  bsp.o(.text)
    To_Enter_Wait                            0x08003afd   Thumb Code    12  bsp.o(.text)
    Exit_Ctrl                                0x08003b09   Thumb Code    98  bsp.o(.text)
    ADC_GPIO_Config                          0x08003b71   Thumb Code    42  bsp_adc.o(.text)
    bsp_Adc_Init                             0x08003b9b   Thumb Code   146  bsp_adc.o(.text)
    GetBatVal                                0x08003c2d   Thumb Code    82  bsp_adc.o(.text)
    CalBatPer                                0x08003c7f   Thumb Code    92  bsp_adc.o(.text)
    UartTxd                                  0x08003cf1   Thumb Code    58  bsp_uart_fifo.o(.text)
    ComToUart                                0x08003d2b   Thumb Code    52  bsp_uart_fifo.o(.text)
    GetRxCount                               0x08003d5f   Thumb Code    26  bsp_uart_fifo.o(.text)
    myMemCpy                                 0x08003d79   Thumb Code   170  bsp_uart_fifo.o(.text)
    comMemCpy                                0x08003e23   Thumb Code    90  bsp_uart_fifo.o(.text)
    bsp_InitUart                             0x08004179   Thumb Code    16  bsp_uart_fifo.o(.text)
    ComToUSARTx                              0x08004189   Thumb Code    44  bsp_uart_fifo.o(.text)
    comSendBuf                               0x08004207   Thumb Code    46  bsp_uart_fifo.o(.text)
    comSendChar                              0x08004235   Thumb Code    16  bsp_uart_fifo.o(.text)
    comGetChar                               0x0800428f   Thumb Code    30  bsp_uart_fifo.o(.text)
    comClearTxFifo                           0x080042ad   Thumb Code    28  bsp_uart_fifo.o(.text)
    comClearRxFifo                           0x080042c9   Thumb Code    28  bsp_uart_fifo.o(.text)
    USART_SetBaudRate                        0x080042e5   Thumb Code   146  bsp_uart_fifo.o(.text)
    comSetBaud                               0x08004377   Thumb Code    30  bsp_uart_fifo.o(.text)
    RS485_InitTXE                            0x08004395   Thumb Code    46  bsp_uart_fifo.o(.text)
    RS485_SetBaud                            0x080043c3   Thumb Code    14  bsp_uart_fifo.o(.text)
    RS485_SendBefor                          0x080043d1   Thumb Code    10  bsp_uart_fifo.o(.text)
    RS485_SendOver                           0x080043db   Thumb Code    10  bsp_uart_fifo.o(.text)
    RS485_SendBuf                            0x080043e5   Thumb Code    18  bsp_uart_fifo.o(.text)
    RS485_SendStr                            0x080043f7   Thumb Code    22  bsp_uart_fifo.o(.text)
    RS485_ReciveNew                          0x0800440d   Thumb Code     2  bsp_uart_fifo.o(.text)
    USART1_IRQHandler                        0x08004531   Thumb Code    10  bsp_uart_fifo.o(.text)
    USART2_IRQHandler                        0x0800453b   Thumb Code    10  bsp_uart_fifo.o(.text)
    USART3_IRQHandler                        0x08004545   Thumb Code    10  bsp_uart_fifo.o(.text)
    fputc                                    0x0800454f   Thumb Code    32  bsp_uart_fifo.o(.text)
    fgetc                                    0x0800456f   Thumb Code    26  bsp_uart_fifo.o(.text)
    Delay_us                                 0x080045a1   Thumb Code    14  delay.o(.text)
    Delay_ms                                 0x080045af   Thumb Code    28  delay.o(.text)
    Soft_delay_us                            0x080045cb   Thumb Code    12  delay.o(.text)
    Soft_delay_ms                            0x080045d7   Thumb Code    12  delay.o(.text)
    delay                                    0x080045e3   Thumb Code    12  delay.o(.text)
    millis                                   0x080045ef   Thumb Code     4  delay.o(.text)
    RTC_Alarm_IRQHandler                     0x080045f5   Thumb Code    70  rtc.o(.text)
    RTC_WKUP_IRQHandler                      0x0800463b   Thumb Code    44  rtc.o(.text)
    RtcWakeUp_ms                             0x08004667   Thumb Code   102  rtc.o(.text)
    RtcWakeUpConfig                          0x080046cd   Thumb Code    74  rtc.o(.text)
    RTC_AlartSet                             0x08004717   Thumb Code   156  rtc.o(.text)
    RtcConfig                                0x080047b3   Thumb Code   118  rtc.o(.text)
    RtcInit                                  0x08004829   Thumb Code    64  rtc.o(.text)
    Is_Leep_Year                             0x08004869   Thumb Code    58  rtc.o(.text)
    CorrectRtc                               0x080048a3   Thumb Code   198  rtc.o(.text)
    ReadRtcTime                              0x08004969   Thumb Code    92  rtc.o(.text)
    RTC_TimeShow                             0x080049c5   Thumb Code    42  rtc.o(.text)
    RTC_DateShow                             0x080049ef   Thumb Code   102  rtc.o(.text)
    Set_Time                                 0x08004ac1   Thumb Code   120  rtc.o(.text)
    TIM2_IRQHandler                          0x08004b59   Thumb Code   232  tim.o(.text)
    TIM_Config                               0x08004c41   Thumb Code   102  tim.o(.text)
    BSP_EE_CheckOk                           0x08004cbd   Thumb Code    28  bsp_eeprom_24xx.o(.text)
    BSP_EE_ReadBytes                         0x08004cd9   Thumb Code   154  bsp_eeprom_24xx.o(.text)
    BSP_EE_WriteBytes                        0x08004d73   Thumb Code   176  bsp_eeprom_24xx.o(.text)
    i2c_Stop                                 0x08004e41   Thumb Code    28  bsp_i2c_gpio.o(.text)
    i2C_Reset                                0x08004e5d   Thumb Code    62  bsp_i2c_gpio.o(.text)
    bsp_InitI2C                              0x08004e9b   Thumb Code    80  bsp_i2c_gpio.o(.text)
    i2c_Start                                0x08004eeb   Thumb Code    40  bsp_i2c_gpio.o(.text)
    i2c_SendByte                             0x08004f13   Thumb Code    80  bsp_i2c_gpio.o(.text)
    i2c_ReadByte                             0x08004f63   Thumb Code    62  bsp_i2c_gpio.o(.text)
    i2c_WaitAck                              0x08004fa1   Thumb Code    58  bsp_i2c_gpio.o(.text)
    i2c_Ack                                  0x08004fdb   Thumb Code    44  bsp_i2c_gpio.o(.text)
    i2c_NAck                                 0x08005007   Thumb Code    38  bsp_i2c_gpio.o(.text)
    i2c_CheckDevice                          0x0800502d   Thumb Code    56  bsp_i2c_gpio.o(.text)
    EepWr                                    0x08005069   Thumb Code    62  app_eeprom.o(.text)
    EepRd                                    0x080050a7   Thumb Code    34  app_eeprom.o(.text)
    TestErom                                 0x080050c9   Thumb Code    86  app_eeprom.o(.text)
    CheckSum                                 0x0800511f   Thumb Code    32  app_eeprom.o(.text)
    SetZeroFlow                              0x0800513f   Thumb Code    34  app_eeprom.o(.text)
    ClearTotFlow                             0x08005161   Thumb Code   128  app_eeprom.o(.text)
    SaveFlow                                 0x080051e1   Thumb Code   126  app_eeprom.o(.text)
    ReadTotFlow1                             0x0800525f   Thumb Code   170  app_eeprom.o(.text)
    ReadTotFlow2                             0x08005309   Thumb Code   170  app_eeprom.o(.text)
    CheckWmPara1                             0x080053b3   Thumb Code    62  app_eeprom.o(.text)
    CheckWmPara2                             0x080053f1   Thumb Code   160  app_eeprom.o(.text)
    SaveWMPara                               0x08005491   Thumb Code    44  app_eeprom.o(.text)
    ReadUserConfig                           0x080054bd   Thumb Code   126  app_eeprom.o(.text)
    SaveTotFlow                              0x0800553b   Thumb Code    50  app_eeprom.o(.text)
    InitUserConfig                           0x0800556d   Thumb Code   154  app_eeprom.o(.text)
    NbiotSum                                 0x0800565d   Thumb Code    28  app_nbiot.o(.text)
    NB_Con_Delay_cnt                         0x08005679   Thumb Code    26  app_nbiot.o(.text)
    TransErrCnt                              0x08005693   Thumb Code    54  app_nbiot.o(.text)
    At_SendStr                               0x080056c9   Thumb Code   104  app_nbiot.o(.text)
    NB_Reset                                 0x08005731   Thumb Code    40  app_nbiot.o(.text)
    Nb_ResetDelay                            0x08005759   Thumb Code    68  app_nbiot.o(.text)
    NB_AT_NSOCO                              0x0800587d   Thumb Code   192  app_nbiot.o(.text)
    NB_Connect                               0x0800593d   Thumb Code   814  app_nbiot.o(.text)
    NB_SendHex                               0x08005d89   Thumb Code    76  app_nbiot.o(.text)
    NB_DataUpload                            0x08005dd5   Thumb Code   220  app_nbiot.o(.text)
    NB_Close                                 0x08005eb1   Thumb Code    24  app_nbiot.o(.text)
    Asc2Hex                                  0x08005f51   Thumb Code    42  app_nbrsv.o(.text)
    AscReConv                                0x08005f7b   Thumb Code   228  app_nbrsv.o(.text)
    GerNbClock                               0x0800605f   Thumb Code   236  app_nbrsv.o(.text)
    GetCardImsi                              0x08006319   Thumb Code    56  app_nbrsv.o(.text)
    Nb_Data_Rec                              0x08006351   Thumb Code    48  app_nbrsv.o(.text)
    ProcNbComRec                             0x08006381   Thumb Code    54  app_nbrsv.o(.text)
    FillFlowData                             0x080063dd   Thumb Code   250  app_rs485.o(.text)
    FillFlowTail                             0x080064d7   Thumb Code    24  app_rs485.o(.text)
    Modbus_3                                 0x0800651f   Thumb Code    74  app_rs485.o(.text)
    Flow_Data_Rec                            0x08006569   Thumb Code    70  app_rs485.o(.text)
    ProcUart3Rec                             0x080065af   Thumb Code    56  app_rs485.o(.text)
    FlowConnect                              0x080065e7   Thumb Code   178  app_rs485.o(.text)
    ProcBlueData                             0x080068f9   Thumb Code    72  app_uart1.o(.text)
    FlowRec                                  0x0800695d   Thumb Code   220  app_mbus.o(.text)
    flow_read                                0x08006a39   Thumb Code   270  app_mbus.o(.text)
    SaveHead                                 0x08006b75   Thumb Code    24  app_record.o(.text)
    ReadRcdHead                              0x08006b8d   Thumb Code    82  app_record.o(.text)
    SaveRcdHead                              0x08006bdf   Thumb Code    26  app_record.o(.text)
    SaveRecord                               0x08006bf9   Thumb Code    86  app_record.o(.text)
    ReadRecord                               0x08006c4f   Thumb Code    68  app_record.o(.text)
    ChgRcdHead                               0x08006c93   Thumb Code    20  app_record.o(.text)
    ReadFlowAddr                             0x08006ca7   Thumb Code   120  app_record.o(.text)
    InitFlowAddr                             0x08006d1f   Thumb Code     8  app_record.o(.text)
    SaveFlowAddr                             0x08006d27   Thumb Code    72  app_record.o(.text)
    rand                                     0x08006db1   Thumb Code    20  rand.o(.text)
    srand                                    0x08006dc5   Thumb Code     6  rand.o(.text)
    __aeabi_memcpy                           0x08006dd5   Thumb Code    36  memcpya.o(.text)
    __aeabi_memcpy4                          0x08006dd5   Thumb Code     0  memcpya.o(.text)
    __aeabi_memcpy8                          0x08006dd5   Thumb Code     0  memcpya.o(.text)
    __aeabi_memset                           0x08006df9   Thumb Code    14  memseta.o(.text)
    __aeabi_memset4                          0x08006df9   Thumb Code     0  memseta.o(.text)
    __aeabi_memset8                          0x08006df9   Thumb Code     0  memseta.o(.text)
    __aeabi_memclr                           0x08006e07   Thumb Code     4  memseta.o(.text)
    __aeabi_memclr4                          0x08006e07   Thumb Code     0  memseta.o(.text)
    __aeabi_memclr8                          0x08006e07   Thumb Code     0  memseta.o(.text)
    _memset$wrapper                          0x08006e0b   Thumb Code    18  memseta.o(.text)
    strlen                                   0x08006e1d   Thumb Code    14  strlen.o(.text)
    __aeabi_uldivmod                         0x08006e2b   Thumb Code    98  uldiv.o(.text)
    __scatterload                            0x08006e8d   Thumb Code    28  init.o(.text)
    __scatterload_rt2                        0x08006e8d   Thumb Code     0  init.o(.text)
    __aeabi_llsl                             0x08006eb1   Thumb Code    30  llshl.o(.text)
    _ll_shift_l                              0x08006eb1   Thumb Code     0  llshl.o(.text)
    __aeabi_llsr                             0x08006ecf   Thumb Code    32  llushr.o(.text)
    _ll_ushift_r                             0x08006ecf   Thumb Code     0  llushr.o(.text)
    __0printf$5                              0x08006ef1   Thumb Code    22  printf5.o(i.__0printf$5)
    __1printf$5                              0x08006ef1   Thumb Code     0  printf5.o(i.__0printf$5)
    __2printf                                0x08006ef1   Thumb Code     0  printf5.o(i.__0printf$5)
    __0sprintf$5                             0x08006f11   Thumb Code    34  printf5.o(i.__0sprintf$5)
    __1sprintf$5                             0x08006f11   Thumb Code     0  printf5.o(i.__0sprintf$5)
    __2sprintf                               0x08006f11   Thumb Code     0  printf5.o(i.__0sprintf$5)
    __scatterload_copy                       0x08006f39   Thumb Code    14  handlers.o(i.__scatterload_copy)
    __scatterload_null                       0x08006f47   Thumb Code     2  handlers.o(i.__scatterload_null)
    __scatterload_zeroinit                   0x08006f49   Thumb Code    14  handlers.o(i.__scatterload_zeroinit)
    LEEP_DAYCOUNT                            0x08007222   Data          12  rtc.o(.constdata)
    COMM_DAYCOUNT                            0x0800722e   Data          12  rtc.o(.constdata)
    NBACK                                    0x0800723a   Data         192  app_nbrsv.o(.constdata)
    auchCRCHi                                0x080072fa   Data         256  app_rs485.o(.constdata)
    auchCRCLo                                0x080073fa   Data         256  app_rs485.o(.constdata)
    Region$$Table$$Base                      0x080074fc   Number         0  anon$$obj.o(Region$$Table)
    Region$$Table$$Limit                     0x0800751c   Number         0  anon$$obj.o(Region$$Table)
    gu2BlueCnt                               0x20000000   Data           2  main.o(.data)
    gu2IdlCnt                                0x20000002   Data           2  main.o(.data)
    SystemCoreClock                          0x20000020   Data           4  system_stm32l1xx.o(.data)
    PLLMulTable                              0x20000024   Data           9  system_stm32l1xx.o(.data)
    AHBPrescTable                            0x2000002d   Data          16  system_stm32l1xx.o(.data)
    gucPowPer                                0x2000003e   Data           1  bsp_adc.o(.data)
    gucRtcTime                               0x20000048   Data           6  rtc.o(.data)
    Timer                                    0x20000050   Data           4  tim.o(.data)
    SleepTimer                               0x20000054   Data           4  tim.o(.data)
    ledtimer                                 0x20000058   Data           4  tim.o(.data)
    timeout                                  0x2000005c   Data           2  tim.o(.data)
    sleeping                                 0x2000005e   Data           2  tim.o(.data)
    isEEPRomOK                               0x20000060   Data           1  app_eeprom.o(.data)
    gulNBTransRtc                            0x20000064   Data           4  app_nbiot.o(.data)
    gucCsqValue                              0x20000076   Data           1  app_nbrsv.o(.data)
    gu1NbSetFlag                             0x2000009e   Data           1  app_uart1.o(.data)
    gu1NbTrgFlag                             0x2000009f   Data           1  app_uart1.o(.data)
    __stdout                                 0x200000a4   Data           4  stdout.o(.data)
    gstuFlag                                 0x200000a8   Data          12  main.o(.bss)
    uid                                      0x200000b4   Data          12  main.o(.bss)
    gstuWmTot                                0x20000eac   Data          16  app_eeprom.o(.bss)
    gstuWmPara                               0x20000ebc   Data          17  app_eeprom.o(.bss)
    gstuNbSta                                0x200010ce   Data          22  app_nbrsv.o(.bss)
    gstuNbFlowData                           0x200010e4   Data         164  app_rs485.o(.bss)
    gstuMbusFlowData                         0x20001188   Data         258  app_rs485.o(.bss)
    gstuNbPara                               0x2000148c   Data          99  app_uart1.o(.bss)
    MbusFlow                                 0x200015ef   Data         124  app_mbus.o(.bss)
    addrcache                                0x20001778   Data          73  app_record.o(.bss)
    __initial_sp                             0x20001bc8   Data           0  startup_stm32l1xx_mdp.o(STACK)



==============================================================================

Memory Map of the image

  Image Entry point : 0x08000125

  Load Region LR_IROM1 (Base: 0x08000000, Size: 0x000075c4, Max: 0x00010000, ABSOLUTE)

    Execution Region ER_IROM1 (Base: 0x08000000, Size: 0x0000751c, Max: 0x00010000, ABSOLUTE)

    Base Addr    Size         Type   Attr      Idx    E Section Name        Object

    0x08000000   0x00000124   Data   RO          231    RESET               startup_stm32l1xx_mdp.o
    0x08000124   0x00000000   Code   RO         1198  * .ARM.Collect$$$$00000000  mc_w.l(entry.o)
    0x08000124   0x00000004   Code   RO         1473    .ARM.Collect$$$$00000001  mc_w.l(entry2.o)
    0x08000128   0x00000004   Code   RO         1476    .ARM.Collect$$$$00000004  mc_w.l(entry5.o)
    0x0800012c   0x00000000   Code   RO         1478    .ARM.Collect$$$$00000008  mc_w.l(entry7b.o)
    0x0800012c   0x00000000   Code   RO         1480    .ARM.Collect$$$$0000000A  mc_w.l(entry8b.o)
    0x0800012c   0x00000008   Code   RO         1481    .ARM.Collect$$$$0000000B  mc_w.l(entry9a.o)
    0x08000134   0x00000000   Code   RO         1483    .ARM.Collect$$$$0000000D  mc_w.l(entry10a.o)
    0x08000134   0x00000000   Code   RO         1485    .ARM.Collect$$$$0000000F  mc_w.l(entry11a.o)
    0x08000134   0x00000004   Code   RO         1474    .ARM.Collect$$$$00002712  mc_w.l(entry2.o)
    0x08000138   0x00000472   Code   RO            3    .text               main.o
    0x080005aa   0x0000001a   Code   RO          208    .text               stm32l1xx_it.o
    0x080005c4   0x00000024   Code   RO          232    .text               startup_stm32l1xx_mdp.o
    0x080005e8   0x000000e0   Code   RO          238    .text               misc.o
    0x080006c8   0x00000534   Code   RO          258    .text               stm32l1xx_adc.o
    0x08000bfc   0x00000064   Code   RO          378    .text               stm32l1xx_dbgmcu.o
    0x08000c60   0x00000118   Code   RO          418    .text               stm32l1xx_exti.o
    0x08000d78   0x0000023c   Code   RO          478    .text               stm32l1xx_gpio.o
    0x08000fb4   0x00000158   Code   RO          578    .text               stm32l1xx_pwr.o
    0x0800110c   0x00000490   Code   RO          598    .text               stm32l1xx_rcc.o
    0x0800159c   0x00000d40   Code   RO          620    .text               stm32l1xx_rtc.o
    0x080022dc   0x000002e8   Code   RO          680    .text               stm32l1xx_syscfg.o
    0x080025c4   0x00000a0c   Code   RO          700    .text               stm32l1xx_tim.o
    0x08002fd0   0x000003f8   Code   RO          720    .text               stm32l1xx_usart.o
    0x080033c8   0x00000254   Code   RO          760    .text               system_stm32l1xx.o
    0x0800361c   0x00000554   Code   RO          786    .text               bsp.o
    0x08003b70   0x00000180   Code   RO          814    .text               bsp_adc.o
    0x08003cf0   0x000008b0   Code   RO          838    .text               bsp_uart_fifo.o
    0x080045a0   0x00000052   Code   RO          863    .text               delay.o
    0x080045f2   0x00000002   PAD
    0x080045f4   0x00000564   Code   RO          903    .text               rtc.o
    0x08004b58   0x00000164   Code   RO          928    .text               tim.o
    0x08004cbc   0x00000166   Code   RO          959    .text               bsp_eeprom_24xx.o
    0x08004e22   0x00000002   PAD
    0x08004e24   0x00000244   Code   RO          986    .text               bsp_i2c_gpio.o
    0x08005068   0x000005f4   Code   RO         1006    .text               app_eeprom.o
    0x0800565c   0x000008f4   Code   RO         1033    .text               app_nbiot.o
    0x08005f50   0x0000048c   Code   RO         1061    .text               app_nbrsv.o
    0x080063dc   0x00000300   Code   RO         1093    .text               app_rs485.o
    0x080066dc   0x00000280   Code   RO         1121    .text               app_uart1.o
    0x0800695c   0x00000218   Code   RO         1148    .text               app_mbus.o
    0x08006b74   0x0000023c   Code   RO         1174    .text               app_record.o
    0x08006db0   0x00000024   Code   RO         1201    .text               mc_w.l(rand.o)
    0x08006dd4   0x00000024   Code   RO         1204    .text               mc_w.l(memcpya.o)
    0x08006df8   0x00000024   Code   RO         1206    .text               mc_w.l(memseta.o)
    0x08006e1c   0x0000000e   Code   RO         1208    .text               mc_w.l(strlen.o)
    0x08006e2a   0x00000062   Code   RO         1490    .text               mc_w.l(uldiv.o)
    0x08006e8c   0x00000024   Code   RO         1503    .text               mc_w.l(init.o)
    0x08006eb0   0x0000001e   Code   RO         1505    .text               mc_w.l(llshl.o)
    0x08006ece   0x00000020   Code   RO         1507    .text               mc_w.l(llushr.o)
    0x08006eee   0x00000002   PAD
    0x08006ef0   0x00000020   Code   RO         1345    i.__0printf$5       mc_w.l(printf5.o)
    0x08006f10   0x00000028   Code   RO         1347    i.__0sprintf$5      mc_w.l(printf5.o)
    0x08006f38   0x0000000e   Code   RO         1515    i.__scatterload_copy  mc_w.l(handlers.o)
    0x08006f46   0x00000002   Code   RO         1516    i.__scatterload_null  mc_w.l(handlers.o)
    0x08006f48   0x0000000e   Code   RO         1517    i.__scatterload_zeroinit  mc_w.l(handlers.o)
    0x08006f56   0x00000002   PAD
    0x08006f58   0x000002c0   Code   RO         1352    i._printf_core      mc_w.l(printf5.o)
    0x08007218   0x0000000a   Code   RO         1354    i._sputc            mc_w.l(printf5.o)
    0x08007222   0x00000018   Data   RO          905    .constdata          rtc.o
    0x0800723a   0x000000c0   Data   RO         1063    .constdata          app_nbrsv.o
    0x080072fa   0x00000200   Data   RO         1095    .constdata          app_rs485.o
    0x080074fa   0x00000002   PAD
    0x080074fc   0x00000020   Data   RO         1513    Region$$Table       anon$$obj.o


    Execution Region RW_IRAM1 (Base: 0x20000000, Size: 0x00001bc8, Max: 0x00002800, ABSOLUTE)

    Base Addr    Size         Type   Attr      Idx    E Section Name        Object

    0x20000000   0x00000004   Data   RW            5    .data               main.o
    0x20000004   0x00000019   Data   RW          599    .data               stm32l1xx_rcc.o
    0x2000001d   0x00000003   PAD
    0x20000020   0x0000001d   Data   RW          761    .data               system_stm32l1xx.o
    0x2000003d   0x00000001   PAD
    0x2000003e   0x0000000a   Data   RW          816    .data               bsp_adc.o
    0x20000048   0x00000006   Data   RW          906    .data               rtc.o
    0x2000004e   0x00000002   PAD
    0x20000050   0x00000010   Data   RW          929    .data               tim.o
    0x20000060   0x00000001   Data   RW         1008    .data               app_eeprom.o
    0x20000061   0x00000003   PAD
    0x20000064   0x00000009   Data   RW         1034    .data               app_nbiot.o
    0x2000006d   0x00000001   PAD
    0x2000006e   0x0000000e   Data   RW         1064    .data               app_nbrsv.o
    0x2000007c   0x0000001e   Data   RW         1096    .data               app_rs485.o
    0x2000009a   0x00000006   Data   RW         1123    .data               app_uart1.o
    0x200000a0   0x00000004   Data   RW         1202    .data               mc_w.l(rand.o)
    0x200000a4   0x00000004   Data   RW         1487    .data               mc_w.l(stdout.o)
    0x200000a8   0x00000018   Zero   RW            4    .bss                main.o
    0x200000c0   0x00000010   Zero   RW          815    .bss                bsp_adc.o
    0x200000d0   0x00000c78   Zero   RW          839    .bss                bsp_uart_fifo.o
    0x20000d48   0x00000064   Zero   RW          904    .bss                rtc.o
    0x20000dac   0x00000121   Zero   RW         1007    .bss                app_eeprom.o
    0x20000ecd   0x00000001   PAD
    0x20000ece   0x00000216   Zero   RW         1062    .bss                app_nbrsv.o
    0x200010e4   0x000003a8   Zero   RW         1094    .bss                app_rs485.o
    0x2000148c   0x00000163   Zero   RW         1122    .bss                app_uart1.o
    0x200015ef   0x0000007c   Zero   RW         1149    .bss                app_mbus.o
    0x2000166b   0x00000156   Zero   RW         1175    .bss                app_record.o
    0x200017c1   0x00000007   PAD
    0x200017c8   0x00000400   Zero   RW          229    STACK               startup_stm32l1xx_mdp.o


==============================================================================

Image component sizes


      Code (inc. data)   RO Data    RW Data    ZI Data      Debug   Object Name

      1524        104          0          1        289       6325   app_eeprom.o
       536         46          0          0        124       2567   app_mbus.o
      2292        414          0          9          0       5546   app_nbiot.o
      1164         44        192         14        534       4378   app_nbrsv.o
       572         66          0          0        342       3687   app_record.o
       768         68        512         30        936       4082   app_rs485.o
       640         28          0          6        355       2642   app_uart1.o
      1364         24          0          0          0       3916   bsp.o
       384         22          0         10         16       1831   bsp_adc.o
       358          0          0          0          0       1964   bsp_eeprom_24xx.o
       580          4          0          0          0       2938   bsp_i2c_gpio.o
      2224         94          0          0       3192      11621   bsp_uart_fifo.o
        82          0          0          0          0       1257   delay.o
      1138         90          0          4         24     256326   main.o
       224         20          0          0          0       1737   misc.o
      1380         82         24          6        100       4499   rtc.o
        36          8        292          0       1024        776   startup_stm32l1xx_mdp.o
      1332         20          0          0          0      10590   stm32l1xx_adc.o
       100          4          0          0          0       1248   stm32l1xx_dbgmcu.o
       280          4          0          0          0       2171   stm32l1xx_exti.o
       572         32          0          0          0       3817   stm32l1xx_gpio.o
        26          0          0          0          0       1182   stm32l1xx_it.o
       344         14          0          0          0       3924   stm32l1xx_pwr.o
      1168         40          0         25          0       9329   stm32l1xx_rcc.o
      3392         46          0          0          0      14407   stm32l1xx_rtc.o
       744          8          0          0          0       3236   stm32l1xx_syscfg.o
      2572         32          0          0          0      19900   stm32l1xx_tim.o
      1016         20          0          0          0       7516   stm32l1xx_usart.o
       596         46          0         29          0       1735   system_stm32l1xx.o
       356         22          0         16          0       1122   tim.o

    ----------------------------------------------------------------------
     27768       1402       1054        160       6944     396269   Object Totals
         0          0         32          0          0          0   (incl. Generated)
         4          0          2         10          8          0   (incl. Padding)

    ----------------------------------------------------------------------

      Code (inc. data)   RO Data    RW Data    ZI Data      Debug   Library Member Name

         0          0          0          0          0          0   entry.o
         0          0          0          0          0          0   entry10a.o
         0          0          0          0          0          0   entry11a.o
         8          4          0          0          0          0   entry2.o
         4          0          0          0          0          0   entry5.o
         0          0          0          0          0          0   entry7b.o
         0          0          0          0          0          0   entry8b.o
         8          4          0          0          0          0   entry9a.o
        30          0          0          0          0          0   handlers.o
        36          8          0          0          0         68   init.o
        30          0          0          0          0         68   llshl.o
        32          0          0          0          0         68   llushr.o
        36          0          0          0          0         68   memcpya.o
        36          0          0          0          0        108   memseta.o
       786         62          0          0          0        336   printf5.o
        36         10          0          4          0        136   rand.o
         0          0          0          4          0          0   stdout.o
        14          0          0          0          0         68   strlen.o
        98          0          0          0          0         92   uldiv.o

    ----------------------------------------------------------------------
      1158         88          0          8          0       1012   Library Totals
         4          0          0          0          0          0   (incl. Padding)

    ----------------------------------------------------------------------

      Code (inc. data)   RO Data    RW Data    ZI Data      Debug   Library Name

      1154         88          0          8          0       1012   mc_w.l

    ----------------------------------------------------------------------
      1158         88          0          8          0       1012   Library Totals

    ----------------------------------------------------------------------

==============================================================================


      Code (inc. data)   RO Data    RW Data    ZI Data      Debug   

     28926       1490       1054        168       6944     394105   Grand Totals
     28926       1490       1054        168       6944     394105   ELF Image Totals
     28926       1490       1054        168          0          0   ROM Totals

==============================================================================

    Total RO  Size (Code + RO Data)                29980 (  29.28kB)
    Total RW  Size (RW Data + ZI Data)              7112 (   6.95kB)
    Total ROM Size (Code + RO Data + RW Data)      30148 (  29.44kB)

==============================================================================

