Component: ARM Compiler 5.06 (build 20) Tool: armlink [4d35a3]

==============================================================================

Section Cross References

    main.o(.text) refers to stm32l1xx_exti.o(.text) for EXTI_GetITStatus
    main.o(.text) refers to printf5.o(i.__0printf$5) for __2printf
    main.o(.text) refers to stm32l1xx_gpio.o(.text) for GPIO_ReadInputDataBit
    main.o(.text) refers to rand.o(.text) for srand
    main.o(.text) refers to rtc.o(.text) for ReadRtcTime
    main.o(.text) refers to stm32l1xx_rcc.o(.text) for RCC_MSIRangeConfig
    main.o(.text) refers to system_stm32l1xx.o(.text) for SystemCoreClockUpdate
    main.o(.text) refers to delay.o(.text) for Delay_ms
    main.o(.text) refers to bsp.o(.text) for bsp_Init
    main.o(.text) refers to app_eeprom.o(.text) for InitUserConfig
    main.o(.text) refers to app_nbiot.o(.text) for NB_Close
    main.o(.text) refers to app_uart1.o(.text) for ProcBlueData
    main.o(.text) refers to app_mbus.o(.text) for flow_read
    main.o(.text) refers to main.o(.bss) for gstuFlag
    main.o(.text) refers to app_record.o(.bss) for addrcache
    main.o(.text) refers to main.o(.data) for gu2BlueCnt
    main.o(.text) refers to app_eeprom.o(.bss) for gstuWmPara
    main.o(.text) refers to app_rs485.o(.bss) for gstuMbusFlowData
    main.o(.text) refers to app_mbus.o(.bss) for MbusFlow
    main.o(.text) refers to tim.o(.data) for Timer
    main.o(.text) refers to app_nbrsv.o(.text) for ProcNbComRec
    startup_stm32l1xx_mdp.o(RESET) refers to startup_stm32l1xx_mdp.o(STACK) for __initial_sp
    startup_stm32l1xx_mdp.o(RESET) refers to startup_stm32l1xx_mdp.o(.text) for Reset_Handler
    startup_stm32l1xx_mdp.o(RESET) refers to stm32l1xx_it.o(.text) for NMI_Handler
    startup_stm32l1xx_mdp.o(RESET) refers to rtc.o(.text) for RTC_WKUP_IRQHandler
    startup_stm32l1xx_mdp.o(RESET) refers to main.o(.text) for EXTI0_IRQHandler
    startup_stm32l1xx_mdp.o(RESET) refers to tim.o(.text) for TIM2_IRQHandler
    startup_stm32l1xx_mdp.o(RESET) refers to bsp_uart_fifo.o(.text) for USART1_IRQHandler
    startup_stm32l1xx_mdp.o(.text) refers to system_stm32l1xx.o(.text) for SystemInit
    startup_stm32l1xx_mdp.o(.text) refers to entry.o(.ARM.Collect$$$$00000000) for __main
    stm32l1xx_adc.o(.text) refers to stm32l1xx_rcc.o(.text) for RCC_APB2PeriphResetCmd
    stm32l1xx_aes.o(.text) refers to stm32l1xx_rcc.o(.text) for RCC_AHBPeriphResetCmd
    stm32l1xx_aes_util.o(.text) refers to stm32l1xx_aes.o(.text) for AES_KeyInit
    stm32l1xx_dac.o(.text) refers to stm32l1xx_rcc.o(.text) for RCC_APB1PeriphResetCmd
    stm32l1xx_gpio.o(.text) refers to stm32l1xx_rcc.o(.text) for RCC_AHBPeriphResetCmd
    stm32l1xx_i2c.o(.text) refers to stm32l1xx_rcc.o(.text) for RCC_APB1PeriphResetCmd
    stm32l1xx_lcd.o(.text) refers to stm32l1xx_rcc.o(.text) for RCC_APB1PeriphResetCmd
    stm32l1xx_pwr.o(.text) refers to stm32l1xx_rcc.o(.text) for RCC_APB1PeriphResetCmd
    stm32l1xx_rcc.o(.text) refers to stm32l1xx_rcc.o(.data) for PLLMulTable
    stm32l1xx_sdio.o(.text) refers to stm32l1xx_rcc.o(.text) for RCC_APB2PeriphResetCmd
    stm32l1xx_spi.o(.text) refers to stm32l1xx_rcc.o(.text) for RCC_APB2PeriphResetCmd
    stm32l1xx_syscfg.o(.text) refers to stm32l1xx_rcc.o(.text) for RCC_APB2PeriphResetCmd
    stm32l1xx_tim.o(.text) refers to stm32l1xx_rcc.o(.text) for RCC_APB1PeriphResetCmd
    stm32l1xx_usart.o(.text) refers to stm32l1xx_rcc.o(.text) for RCC_APB2PeriphResetCmd
    stm32l1xx_wwdg.o(.text) refers to stm32l1xx_rcc.o(.text) for RCC_APB1PeriphResetCmd
    system_stm32l1xx.o(.text) refers to system_stm32l1xx.o(.data) for SystemCoreClock
    bsp.o(.text) refers to stm32l1xx_rcc.o(.text) for RCC_AHBPeriphClockCmd
    bsp.o(.text) refers to stm32l1xx_gpio.o(.text) for GPIO_Init
    bsp.o(.text) refers to stm32l1xx_pwr.o(.text) for PWR_VoltageScalingConfig
    bsp.o(.text) refers to stm32l1xx_dbgmcu.o(.text) for DBGMCU_Config
    bsp.o(.text) refers to stm32l1xx_exti.o(.text) for EXTI_ClearITPendingBit
    bsp.o(.text) refers to misc.o(.text) for NVIC_Init
    bsp.o(.text) refers to stm32l1xx_syscfg.o(.text) for SYSCFG_EXTILineConfig
    bsp.o(.text) refers to rtc.o(.text) for RtcInit
    bsp.o(.text) refers to tim.o(.text) for TIM_Config
    bsp.o(.text) refers to bsp_adc.o(.text) for bsp_Adc_Init
    bsp.o(.text) refers to bsp_uart_fifo.o(.text) for bsp_InitUart
    bsp.o(.text) refers to bsp_i2c_gpio.o(.text) for bsp_InitI2C
    bsp.o(.text) refers to delay.o(.text) for Delay_ms
    bsp_adc.o(.text) refers to stm32l1xx_rcc.o(.text) for RCC_AHBPeriphClockCmd
    bsp_adc.o(.text) refers to stm32l1xx_gpio.o(.text) for GPIO_Init
    bsp_adc.o(.text) refers to stm32l1xx_adc.o(.text) for ADC_DeInit
    bsp_adc.o(.text) refers to delay.o(.text) for Delay_ms
    bsp_adc.o(.text) refers to bsp_adc.o(.data) for guAdcVal
    bsp_adc.o(.text) refers to bsp_adc.o(.bss) for gu2BatVol
    bsp_uart_fifo.o(.text) refers to stm32l1xx_usart.o(.text) for USART_SendData
[...]
    ..\FWlib\src\stm32l1xx_pwr.c             0x00000000   Number         0  stm32l1xx_pwr.o ABSOLUTE
    ..\FWlib\src\stm32l1xx_rcc.c             0x00000000   Number         0  stm32l1xx_rcc.o ABSOLUTE
    ..\FWlib\src\stm32l1xx_rtc.c             0x00000000   Number         0  stm32l1xx_rtc.o ABSOLUTE
    ..\FWlib\src\stm32l1xx_sdio.c            0x00000000   Number         0  stm32l1xx_sdio.o ABSOLUTE
    ..\FWlib\src\stm32l1xx_spi.c             0x00000000   Number         0  stm32l1xx_spi.o ABSOLUTE
    ..\FWlib\src\stm32l1xx_syscfg.c          0x00000000   Number         0  stm32l1xx_syscfg.o ABSOLUTE
    ..\FWlib\src\stm32l1xx_tim.c             0x00000000   Number         0  stm32l1xx_tim.o ABSOLUTE
    ..\FWlib\src\stm32l1xx_usart.c           0x00000000   Number         0  stm32l1xx_usart.o ABSOLUTE
    ..\FWlib\src\stm32l1xx_wwdg.c            0x00000000   Number         0  stm32l1xx_wwdg.o ABSOLUTE
    ..\\APP\\APP_EEPROM.c                    0x00000000   Number         0  app_eeprom.o ABSOLUTE
    ..\\APP\\APP_Record.c                    0x00000000   Number         0  app_record.o ABSOLUTE
    ..\\APP\\app_NBIOT.c                     0x00000000   Number         0  app_nbiot.o ABSOLUTE
    ..\\APP\\app_NBRSV.c                     0x00000000   Number         0  app_nbrsv.o ABSOLUTE
    ..\\APP\\app_RS485.c                     0x00000000   Number         0  app_rs485.o ABSOLUTE
    ..\\APP\\app_UART1.c                     0x00000000   Number         0  app_uart1.o ABSOLUTE
    ..\\BSP\\EEPROM.c                        0x00000000   Number         0  eeprom.o ABSOLUTE
    ..\\BSP\\RTC.c                           0x00000000   Number         0  rtc.o ABSOLUTE
    ..\\BSP\\Tim.c                           0x00000000   Number         0  tim.o ABSOLUTE
    ..\\BSP\\bsp.c                           0x00000000   Number         0  bsp.o ABSOLUTE
    ..\\BSP\\bsp_Adc.c                       0x00000000   Number         0  bsp_adc.o ABSOLUTE
    ..\\BSP\\bsp_EEPROM_24xx.c               0x00000000   Number         0  bsp_eeprom_24xx.o ABSOLUTE
    ..\\BSP\\bsp_I2C_GPIO.c                  0x00000000   Number         0  bsp_i2c_gpio.o ABSOLUTE
    ..\\BSP\\bsp_uart_fifo.c                 0x00000000   Number         0  bsp_uart_fifo.o ABSOLUTE
    ..\\BSP\\delay.c                         0x00000000   Number         0  delay.o ABSOLUTE
    ..\\CMSIS\\system_stm32l1xx.c            0x00000000   Number         0  system_stm32l1xx.o ABSOLUTE
    ..\\FWlib\\src\\misc.c                   0x00000000   Number         0  misc.o ABSOLUTE
    ..\\FWlib\\src\\stm32l1xx_adc.c          0x00000000   Number         0  stm32l1xx_adc.o ABSOLUTE
    ..\\FWlib\\src\\stm32l1xx_aes.c          0x00000000   Number         0  stm32l1xx_aes.o ABSOLUTE
    ..\\FWlib\\src\\stm32l1xx_aes_util.c     0x00000000   Number         0  stm32l1xx_aes_util.o ABSOLUTE
    ..\\FWlib\\src\\stm32l1xx_comp.c         0x00000000   Number         0  stm32l1xx_comp.o ABSOLUTE
    ..\\FWlib\\src\\stm32l1xx_crc.c          0x00000000   Number         0  stm32l1xx_crc.o ABSOLUTE
    ..\\FWlib\\src\\stm32l1xx_dac.c          0x00000000   Number         0  stm32l1xx_dac.o ABSOLUTE
    ..\\FWlib\\src\\stm32l1xx_dbgmcu.c       0x00000000   Number         0  stm32l1xx_dbgmcu.o ABSOLUTE
    ..\\FWlib\\src\\stm32l1xx_dma.c          0x00000000   Number         0  stm32l1xx_dma.o ABSOLUTE
    ..\\FWlib\\src\\stm32l1xx_exti.c         0x00000000   Number         0  stm32l1xx_exti.o ABSOLUTE
    ..\\FWlib\\src\\stm32l1xx_flash.c        0x00000000   Number         0  stm32l1xx_flash.o ABSOLUTE
    ..\\FWlib\\src\\stm32l1xx_fsmc.c         0x00000000   Number         0  stm32l1xx_fsmc.o ABSOLUTE
    ..\\FWlib\\src\\stm32l1xx_gpio.c         0x00000000   Number         0  stm32l1xx_gpio.o ABSOLUTE
    ..\\FWlib\\src\\stm32l1xx_i2c.c          0x00000000   Number         0  stm32l1xx_i2c.o ABSOLUTE
    ..\\FWlib\\src\\stm32l1xx_iwdg.c         0x00000000   Number         0  stm32l1xx_iwdg.o ABSOLUTE
    ..\\FWlib\\src\\stm32l1xx_lcd.c          0x00000000   Number         0  stm32l1xx_lcd.o ABSOLUTE
    ..\\FWlib\\src\\stm32l1xx_opamp.c        0x00000000   Number         0  stm32l1xx_opamp.o ABSOLUTE
    ..\\FWlib\\src\\stm32l1xx_pwr.c          0x00000000   Number         0  stm32l1xx_pwr.o ABSOLUTE
    ..\\FWlib\\src\\stm32l1xx_rcc.c          0x00000000   Number         0  stm32l1xx_rcc.o ABSOLUTE
    ..\\FWlib\\src\\stm32l1xx_rtc.c          0x00000000   Number         0  stm32l1xx_rtc.o ABSOLUTE
    ..\\FWlib\\src\\stm32l1xx_sdio.c         0x00000000   Number         0  stm32l1xx_sdio.o ABSOLUTE
    ..\\FWlib\\src\\stm32l1xx_spi.c          0x00000000   Number         0  stm32l1xx_spi.o ABSOLUTE
    ..\\FWlib\\src\\stm32l1xx_syscfg.c       0x00000000   Number         0  stm32l1xx_syscfg.o ABSOLUTE
    ..\\FWlib\\src\\stm32l1xx_tim.c          0x00000000   Number         0  stm32l1xx_tim.o ABSOLUTE
    ..\\FWlib\\src\\stm32l1xx_usart.c        0x00000000   Number         0  stm32l1xx_usart.o ABSOLUTE
    ..\\FWlib\\src\\stm32l1xx_wwdg.c         0x00000000   Number         0  stm32l1xx_wwdg.o ABSOLUTE
    app_MBUS.c                               0x00000000   Number         0  app_mbus.o ABSOLUTE
    app_MBUS.c                               0x00000000   Number         0  app_mbus.o ABSOLUTE
    cdrcmple.s                               0x00000000   Number         0  cdrcmple.o ABSOLUTE
    dc.s                                     0x00000000   Number         0  dc.o ABSOLUTE
    handlers.s                               0x00000000   Number         0  handlers.o ABSOLUTE
    init.s                                   0x00000000   Number         0  init.o ABSOLUTE
    main.c                                   0x00000000   Number         0  main.o ABSOLUTE
    main.c                                   0x00000000   Number         0  main.o ABSOLUTE
    stm32l1xx_it.c                           0x00000000   Number         0  stm32l1xx_it.o ABSOLUTE
    stm32l1xx_it.c                           0x00000000   Number         0  stm32l1xx_it.o ABSOLUTE
    RESET                                    0x08000000   Section      292  startup_stm32l1xx_mdp.o(RESET)
    .ARM.Collect$$$$00000000                 0x08000124   Section        0  entry.o(.ARM.Collect$$$$00000000)
    .ARM.Collect$$$$00000001                 0x08000124   Section        4  entry2.o(.ARM.Collect$$$$00000001)
    .ARM.Collect$$$$00000004                 0x08000128   Section        4  entry5.o(.ARM.Collect$$$$00000004)
    .ARM.Collect$$$$00000008                 0x0800012c   Section        0  entry7b.o(.ARM.Collect$$$$00000008)
    .ARM.Collect$$$$0000000A                 0x0800012c   Section        0  entry8b.o(.ARM.Collect$$$$0000000A)
    .ARM.Collect$$$$0000000B                 0x0800012c   Section        8  entry9a.o(.ARM.Collect$$$$0000000B)
    .ARM.Collect$$$$0000000D                 0x08000134   Section        0  entry10a.o(.ARM.Collect$$$$0000000D)
    .ARM.Collect$$$$0000000F                 0x08000134   Section        0  entry11a.o(.ARM.Collect$$$$0000000F)
    .ARM.Collect$$$$00002712                 0x08000134   Section        4  entry2.o(.ARM.Collect$$$$00002712)
    __lit__00000000                          0x08000134   Data           4  entry2.o(.ARM.Collect$$$$00002712)
    .text                                    0x08000138   Section        0  main.o(.text)
    CheckBlueSta                             0x080001f9   Thumb Code   128  main.o(.text)
    .text                                    0x0800062c   Section        0  stm32l1xx_it.o(.text)
    .text                                    0x08000648   Section       36  startup_stm32l1xx_mdp.o(.text)
    .text                                    0x0800066c   Section        0  misc.o(.text)
    .text                                    0x0800074c   Section        0  stm32l1xx_adc.o(.text)
    .text                                    0x08000c80   Section        0  stm32l1xx_dbgmcu.o(.text)
    .text                                    0x08000ce4   Section        0  stm32l1xx_exti.o(.text)
    .text                                    0x08000dfc   Section        0  stm32l1xx_gpio.o(.text)
    .text                                    0x08001038   Section        0  stm32l1xx_pwr.o(.text)
    .text                                    0x08001190   Section        0  stm32l1xx_rcc.o(.text)
    .text                                    0x08001620   Section        0  stm32l1xx_rtc.o(.text)
    RTC_ByteToBcd2                           0x080018b3   Thumb Code    28  stm32l1xx_rtc.o(.text)
    RTC_Bcd2ToByte                           0x080018cf   Thumb Code    22  stm32l1xx_rtc.o(.text)
    .text                                    0x08002360   Section        0  stm32l1xx_syscfg.o(.text)
    .text                                    0x08002648   Section        0  stm32l1xx_tim.o(.text)
    TI4_Config                               0x08002bcb   Thumb Code    80  stm32l1xx_tim.o(.text)
    TI3_Config                               0x08002c2d   Thumb Code    72  stm32l1xx_tim.o(.text)
    TI2_Config                               0x08002c8f   Thumb Code    80  stm32l1xx_tim.o(.text)
    TI1_Config                               0x08002cf1   Thumb Code    58  stm32l1xx_tim.o(.text)
    .text                                    0x08003054   Section        0  stm32l1xx_usart.o(.text)
    .text                                    0x0800344c   Section        0  system_stm32l1xx.o(.text)
    SetSysClock                              0x0800344d   Thumb Code   258  system_stm32l1xx.o(.text)
    .text                                    0x080036a0   Section        0  bsp.o(.text)
    .text                                    0x08003bf4   Section        0  bsp_adc.o(.text)
    .text                                    0x08003d74   Section        0  bsp_uart_fifo.o(.text)
    ConfigUartNVIC                           0x08003f01   Thumb Code    94  bsp_uart_fifo.o(.text)
    InitHardUart                             0x08003f5f   Thumb Code   500  bsp_uart_fifo.o(.text)
    UartVarInit                              0x08004153   Thumb Code   170  bsp_uart_fifo.o(.text)
    UartSend                                 0x08004239   Thumb Code    82  bsp_uart_fifo.o(.text)
    UartGetChar                              0x080042c9   Thumb Code    74  bsp_uart_fifo.o(.text)
    UartIRQ                                  0x08004493   Thumb Code   290  bsp_uart_fifo.o(.text)
    __set_PRIMASK                            0x0800460d   Thumb Code     6  bsp_uart_fifo.o(.text)
    .text                                    0x08004624   Section        0  delay.o(.text)
    .text                                    0x08004678   Section        0  rtc.o(.text)
    GetWeekDay                               0x08004ad9   Thumb Code   108  rtc.o(.text)
    .text                                    0x08004bdc   Section        0  tim.o(.text)
    .text                                    0x08004d40   Section        0  bsp_eeprom_24xx.o(.text)
    .text                                    0x08004ea8   Section        0  bsp_i2c_gpio.o(.text)
    i2c_Delay                                0x08004ea9   Thumb Code    28  bsp_i2c_gpio.o(.text)
    .text                                    0x080050ec   Section        0  app_eeprom.o(.text)
    .text                                    0x080056e0   Section        0  app_nbiot.o(.text)
    comHex2Str                               0x08005821   Thumb Code   224  app_nbiot.o(.text)
    HToA                                     0x08005d0f   Thumb Code    28  app_nbiot.o(.text)
    NbSendStr                                0x08005d2b   Thumb Code   196  app_nbiot.o(.text)
    Nb_SendAsc                               0x08005def   Thumb Code    62  app_nbiot.o(.text)
    .text                                    0x08006070   Section        0  app_nbrsv.o(.text)
    MsgDecode                                0x0800626b   Thumb Code   462  app_nbrsv.o(.text)
    __set_PRIMASK                            0x080064d7   Thumb Code     6  app_nbrsv.o(.text)
    .text                                    0x080064fc   Section        0  app_rs485.o(.text)
    MODBUS_CRC16                             0x0800660f   Thumb Code    48  app_rs485.o(.text)
    .text                                    0x080067fc   Section        0  app_uart1.o(.text)
    NbSetPara                                0x080067fd   Thumb Code   540  app_uart1.o(.text)
    .text                                    0x08006a7c   Section        0  app_mbus.o(.text)
    .text                                    0x08006c94   Section        0  app_record.o(.text)
    .text                                    0x08006ef0   Section        0  rand.o(.text)
    .text                                    0x08006f14   Section        0  memcpya.o(.text)
    .text                                    0x08006f38   Section        0  memseta.o(.text)
    .text                                    0x08006f5c   Section        0  strlen.o(.text)
    .text                                    0x08006f6a   Section        0  uldiv.o(.text)
    .text                                    0x08006fcc   Section       36  init.o(.text)
    .text                                    0x08006ff0   Section        0  llshl.o(.text)
    .text                                    0x0800700e   Section        0  llushr.o(.text)
    i.__0printf$5                            0x08007030   Section        0  printf5.o(i.__0printf$5)
    i.__0sprintf$5                           0x08007050   Section        0  printf5.o(i.__0sprintf$5)
    i.__scatterload_copy                     0x08007078   Section       14  handlers.o(i.__scatterload_copy)
    i.__scatterload_null                     0x08007086   Section        2  handlers.o(i.__scatterload_null)
    i.__scatterload_zeroinit                 0x08007088   Section       14  handlers.o(i.__scatterload_zeroinit)
    i._printf_core                           0x08007098   Section        0  printf5.o(i._printf_core)
    _printf_core                             0x08007099   Thumb Code   658  printf5.o(i._printf_core)
    i._sputc                                 0x08007358   Section        0  printf5.o(i._sputc)
    _sputc                                   0x08007359   Thumb Code    10  printf5.o(i._sputc)
    .constdata                               0x08007362   Section       24  rtc.o(.constdata)
    .constdata                               0x0800737a   Section      192  app_nbrsv.o(.constdata)
    .constdata                               0x0800743a   Section      512  app_rs485.o(.constdata)
    .data                                    0x20000000   Section        5  main.o(.data)
    .data                                    0x20000005   Section       25  stm32l1xx_rcc.o(.data)
    PLLMulTable                              0x20000005   Data           9  stm32l1xx_rcc.o(.data)
    APBAHBPrescTable                         0x2000000e   Data          16  stm32l1xx_rcc.o(.data)
    .data                                    0x20000020   Section       29  system_stm32l1xx.o(.data)
    .data                                    0x2000003e   Section       10  bsp_adc.o(.data)
    guAdcVal                                 0x20000040   Data           8  bsp_adc.o(.data)
    .data                                    0x20000048   Section        6  rtc.o(.data)
    .data                                    0x20000050   Section       16  tim.o(.data)
    .data                                    0x20000060   Section        1  app_eeprom.o(.data)
    .data                                    0x20000064   Section       10  app_nbiot.o(.data)
    guNBConDlyCnt                            0x20000068   Data           2  app_nbiot.o(.data)
    guUpLoadDlyCnt                           0x2000006a   Data           2  app_nbiot.o(.data)
    gucLoopCnt                               0x2000006c   Data           1  app_nbiot.o(.data)
    trans_history_date                       0x2000006d   Data           1  app_nbiot.o(.data)
    .data                                    0x2000006e   Section       14  app_nbrsv.o(.data)
    gucNbCard                                0x2000006e   Data           8  app_nbrsv.o(.data)
    NbRsv_len1                               0x20000078   Data           2  app_nbrsv.o(.data)
    NbRsv_len2                               0x2000007a   Data           2  app_nbrsv.o(.data)
    .data                                    0x2000007c   Section       30  app_rs485.o(.data)
    uart3_len1                               0x2000007c   Data           2  app_rs485.o(.data)
    uart3_len2                               0x2000007e   Data           2  app_rs485.o(.data)
    gucTxd3Cnt                               0x20000080   Data           2  app_rs485.o(.data)
    gucRxd3Cnt                               0x20000082   Data           2  app_rs485.o(.data)
    TxdBuf3                                  0x20000084   Data          22  app_rs485.o(.data)
    .data                                    0x2000009a   Section        6  app_uart1.o(.data)
    blue_len1                                0x2000009a   Data           2  app_uart1.o(.data)
    blue_len2                                0x2000009c   Data           2  app_uart1.o(.data)
    .data                                    0x200000a0   Section        4  rand.o(.data)
    _rand_state                              0x200000a0   Data           4  rand.o(.data)
    .data                                    0x200000a4   Section        4  stdout.o(.data)
    .bss                                     0x200000a8   Section       24  main.o(.bss)
    .bss                                     0x200000c0   Section       16  bsp_adc.o(.bss)
    gu2BatVol                                0x200000c0   Data          16  bsp_adc.o(.bss)
    .bss                                     0x200000d0   Section     3192  bsp_uart_fifo.o(.bss)
    g_tUart1                                 0x200000d0   Data          40  bsp_uart_fifo.o(.bss)
    g_TxBuf1                                 0x200000f8   Data         512  bsp_uart_fifo.o(.bss)
    g_RxBuf1                                 0x200002f8   Data         512  bsp_uart_fifo.o(.bss)
    g_tUart2                                 0x200004f8   Data          40  bsp_uart_fifo.o(.bss)
    g_TxBuf2                                 0x20000520   Data         512  bsp_uart_fifo.o(.bss)
    g_RxBuf2                                 0x20000720   Data         512  bsp_uart_fifo.o(.bss)
    g_tUart3                                 0x20000920   Data          40  bsp_uart_fifo.o(.bss)
    g_TxBuf3                                 0x20000948   Data         512  bsp_uart_fifo.o(.bss)
    g_RxBuf3                                 0x20000b48   Data         512  bsp_uart_fifo.o(.bss)
    .bss                                     0x20000d48   Section      100  rtc.o(.bss)
    aShowTime                                0x20000d48   Data          50  rtc.o(.bss)
    aShowDate                                0x20000d7a   Data          50  rtc.o(.bss)
    .bss                                     0x20000dac   Section      289  app_eeprom.o(.bss)
    urom                                     0x20000dac   Data         256  app_eeprom.o(.bss)
    .bss                                     0x20000ece   Section      534  app_nbrsv.o(.bss)
    ucom                                     0x20000ece   Data         512  app_nbrsv.o(.bss)
    .bss                                     0x200010e4   Section      936  app_rs485.o(.bss)
    gstuSerComData                           0x2000128a   Data         258  app_rs485.o(.bss)
    gucUartBuf                               0x2000138c   Data         256  app_rs485.o(.bss)
    .bss                                     0x2000148c   Section      355  app_uart1.o(.bss)
    gucBuf                                   0x200014ef   Data         256  app_uart1.o(.bss)
    .bss                                     0x200015ef   Section      124  app_mbus.o(.bss)
    .bss                                     0x2000166b   Section      339  app_record.o(.bss)
    erom                                     0x2000166b   Data         256  app_record.o(.bss)
    gstuRcdHead                              0x2000176b   Data          10  app_record.o(.bss)
    STACK                                    0x200017c0   Section     1024  startup_stm32l1xx_mdp.o(STACK)

    Global Symbols

    Symbol Name                              Value     Ov Type        Size  Object(Section)

    BuildAttributes$$THM_ISAv4$P$D$K$B$S$PE$A:L22UL41UL21$X:L11$S22US41US21$IEEE1$IW$USESV6$~STKCKD$USESV7$~SHL$OSPACE$ROPI$EBA8$MICROLIB$REQ8$PRES8$EABIv2 0x00000000   Number         0  anon$$obj.o ABSOLUTE
    __ARM_use_no_argv                        0x00000000   Number         0  main.o ABSOLUTE
    _printf_a                                0x00000000   Number         0  stubs.o ABSOLUTE
    _printf_c                                0x00000000   Number         0  stubs.o ABSOLUTE
    _printf_charcount                        0x00000000   Number         0  stubs.o ABSOLUTE
    _printf_d                                0x00000000   Number         0  stubs.o ABSOLUTE
    _printf_e                                0x00000000   Number         0  stubs.o ABSOLUTE
    _printf_f                                0x00000000   Number         0  stubs.o ABSOLUTE
    _printf_flags                            0x00000000   Number         0  stubs.o ABSOLUTE
    _printf_fp_dec                           0x00000000   Number         0  stubs.o ABSOLUTE
    _printf_fp_hex                           0x00000000   Number         0  stubs.o ABSOLUTE
    _printf_g                                0x00000000   Number         0  stubs.o ABSOLUTE
    _printf_i                                0x00000000   Number         0  stubs.o ABSOLUTE
    _printf_int_dec                          0x00000000   Number         0  stubs.o ABSOLUTE
    _printf_l                                0x00000000   Number         0  stubs.o ABSOLUTE
    _printf_lc                               0x00000000   Number         0  stubs.o ABSOLUTE
    _printf_ll                               0x00000000   Number         0  stubs.o ABSOLUTE
    _printf_lld                              0x00000000   Number         0  stubs.o ABSOLUTE
    _printf_lli                              0x00000000   Number         0  stubs.o ABSOLUTE
    _printf_llo                              0x00000000   Number         0  stubs.o ABSOLUTE
    _printf_llu                              0x00000000   Number         0  stubs.o ABSOLUTE
    _printf_llx                              0x00000000   Number         0  stubs.o ABSOLUTE
    _printf_longlong_dec                     0x00000000   Number         0  stubs.o ABSOLUTE
    _printf_longlong_hex                     0x00000000   Number         0  stubs.o ABSOLUTE
    _printf_longlong_oct                     0x00000000   Number         0  stubs.o ABSOLUTE
    _printf_ls                               0x00000000   Number         0  stubs.o ABSOLUTE
    _printf_mbtowc                           0x00000000   Number         0  stubs.o ABSOLUTE
    _printf_n                                0x00000000   Number         0  stubs.o ABSOLUTE
    _printf_o                                0x00000000   Number         0  stubs.o ABSOLUTE
    _printf_p                                0x00000000   Number         0  stubs.o ABSOLUTE
    _printf_percent                          0x00000000   Number         0  stubs.o ABSOLUTE
    _printf_pre_padding                      0x00000000   Number         0  stubs.o ABSOLUTE
    _printf_return_value                     0x00000000   Number         0  stubs.o ABSOLUTE
    _printf_s                                0x00000000   Number         0  stubs.o ABSOLUTE
    _printf_sizespec                         0x00000000   Number         0  stubs.o ABSOLUTE
    _printf_str                              0x00000000   Number         0  stubs.o ABSOLUTE
    _printf_truncate_signed                  0x00000000   Number         0  stubs.o ABSOLUTE
    _printf_truncate_unsigned                0x00000000   Number         0  stubs.o ABSOLUTE
    _printf_u                                0x00000000   Number         0  stubs.o ABSOLUTE
    _printf_wc                               0x00000000   Number         0  stubs.o ABSOLUTE
    _printf_wctomb                           0x00000000   Number         0  stubs.o ABSOLUTE
    _printf_widthprec                        0x00000000   Number         0  stubs.o ABSOLUTE
    _printf_x                                0x00000000   Number         0  stubs.o ABSOLUTE
    __cpp_initialize__aeabi_                  - Undefined Weak Reference
    __cxa_finalize                            - Undefined Weak Reference
    __decompress                              - Undefined Weak Reference
    _clock_init                               - Undefined Weak Reference
    _microlib_exit                            - Undefined Weak Reference
    __Vectors_Size                           0x00000124   Number         0  startup_stm32l1xx_mdp.o ABSOLUTE
    __Vectors                                0x08000000   Data           4  startup_stm32l1xx_mdp.o(RESET)
    __Vectors_End                            0x08000124   Data           0  startup_stm32l1xx_mdp.o(RESET)
    __main                                   0x08000125   Thumb Code     0  entry.o(.ARM.Collect$$$$00000000)
    _main_stk                                0x08000125   Thumb Code     0  entry2.o(.ARM.Collect$$$$00000001)
    _main_scatterload                        0x08000129   Thumb Code     0  entry5.o(.ARM.Collect$$$$00000004)
    __main_after_scatterload                 0x0800012d   Thumb Code     0  entry5.o(.ARM.Collect$$$$00000004)
    _main_clock                              0x0800012d   Thumb Code     0  entry7b.o(.ARM.Collect$$$$00000008)
    _main_cpp_init                           0x0800012d   Thumb Code     0  entry8b.o(.ARM.Collect$$$$0000000A)
    _main_init                               0x0800012d   Thumb Code     0  entry9a.o(.ARM.Collect$$$$0000000B)
    __rt_final_cpp                           0x08000135   Thumb Code     0  entry10a.o(.ARM.Collect$$$$0000000D)
    __rt_final_exit                          0x08000135   Thumb Code     0  entry11a.o(.ARM.Collect$$$$0000000F)
    EXTI0_IRQHandler                         0x08000139   Thumb Code    30  main.o(.text)
    EXTI15_10_IRQHandler                     0x08000157   Thumb Code    72  main.o(.text)
    EXTI9_5_IRQHandler                       0x0800019f   Thumb Code    90  main.o(.text)
    SleepTime                                0x08000279   Thumb Code   202  main.o(.text)
    main                                     0x08000343   Thumb Code   738  main.o(.text)
    NMI_Handler                              0x0800062d   Thumb Code     2  stm32l1xx_it.o(.text)
    HardFault_Handler                        0x0800062f   Thumb Code     4  stm32l1xx_it.o(.text)
    MemManage_Handler                        0x08000633   Thumb Code     4  stm32l1xx_it.o(.text)
    BusFault_Handler                         0x08000637   Thumb Code     4  stm32l1xx_it.o(.text)
    UsageFault_Handler                       0x0800063b   Thumb Code     4  stm32l1xx_it.o(.text)
    SVC_Handler                              0x0800063f   Thumb Code     2  stm32l1xx_it.o(.text)
    DebugMon_Handler                         0x08000641   Thumb Code     2  stm32l1xx_it.o(.text)
    PendSV_Handler                           0x08000643   Thumb Code     2  stm32l1xx_it.o(.text)
    SysTick_Handler                          0x08000645   Thumb Code     2  stm32l1xx_it.o(.text)
    Reset_Handler                            0x08000649   Thumb Code     8  startup_stm32l1xx_mdp.o(.text)
    ADC1_IRQHandler                          0x08000663   Thumb Code     0  startup_stm32l1xx_mdp.o(.text)
    AES_IRQHandler                           0x08000663   Thumb Code     0  startup_stm32l1xx_mdp.o(.text)
    COMP_ACQ_IRQHandler                      0x08000663   Thumb Code     0  startup_stm32l1xx_mdp.o(.text)
    COMP_IRQHandler                          0x08000663   Thumb Code     0  startup_stm32l1xx_mdp.o(.text)
    DAC_IRQHandler                           0x08000663   Thumb Code     0  startup_stm32l1xx_mdp.o(.text)
    DMA1_Channel1_IRQHandler                 0x08000663   Thumb Code     0  startup_stm32l1xx_mdp.o(.text)
    DMA1_Channel2_IRQHandler                 0x08000663   Thumb Code     0  startup_stm32l1xx_mdp.o(.text)
    DMA1_Channel3_IRQHandler                 0x08000663   Thumb Code     0  startup_stm32l1xx_mdp.o(.text)
    DMA1_Channel4_IRQHandler                 0x08000663   Thumb Code     0  startup_stm32l1xx_mdp.o(.text)
    DMA1_Channel5_IRQHandler                 0x08000663   Thumb Code     0  startup_stm32l1xx_mdp.o(.text)
    DMA1_Channel6_IRQHandler                 0x08000663   Thumb Code     0  startup_stm32l1xx_mdp.o(.text)
    DMA1_Channel7_IRQHandler                 0x08000663   Thumb Code     0  startup_stm32l1xx_mdp.o(.text)
    DMA2_Channel1_IRQHandler                 0x08000663   Thumb Code     0  startup_stm32l1xx_mdp.o(.text)
    DMA2_Channel2_IRQHandler                 0x08000663   Thumb Code     0  startup_stm32l1xx_mdp.o(.text)
    DMA2_Channel3_IRQHandler                 0x08000663   Thumb Code     0  startup_stm32l1xx_mdp.o(.text)
    DMA2_Channel4_IRQHandler                 0x08000663   Thumb Code     0  startup_stm32l1xx_mdp.o(.text)
    DMA2_Channel5_IRQHandler                 0x08000663   Thumb Code     0  startup_stm32l1xx_mdp.o(.text)
    EXTI1_IRQHandler                         0x08000663   Thumb Code     0  startup_stm32l1xx_mdp.o(.text)
    EXTI2_IRQHandler                         0x08000663   Thumb Code     0  startup_stm32l1xx_mdp.o(.text)
    EXTI3_IRQHandler                         0x08000663   Thumb Code     0  startup_stm32l1xx_mdp.o(.text)
    EXTI4_IRQHandler                         0x08000663   Thumb Code     0  startup_stm32l1xx_mdp.o(.text)
    FLASH_IRQHandler                         0x08000663   Thumb Code     0  startup_stm32l1xx_mdp.o(.text)
    I2C1_ER_IRQHandler                       0x08000663   Thumb Code     0  startup_stm32l1xx_mdp.o(.text)
    I2C1_EV_IRQHandler                       0x08000663   Thumb Code     0  startup_stm32l1xx_mdp.o(.text)
    I2C2_ER_IRQHandler                       0x08000663   Thumb Code     0  startup_stm32l1xx_mdp.o(.text)
    I2C2_EV_IRQHandler                       0x08000663   Thumb Code     0  startup_stm32l1xx_mdp.o(.text)
    LCD_IRQHandler                           0x08000663   Thumb Code     0  startup_stm32l1xx_mdp.o(.text)
    PVD_IRQHandler                           0x08000663   Thumb Code     0  startup_stm32l1xx_mdp.o(.text)
    RCC_IRQHandler                           0x08000663   Thumb Code     0  startup_stm32l1xx_mdp.o(.text)
    SPI1_IRQHandler                          0x08000663   Thumb Code     0  startup_stm32l1xx_mdp.o(.text)
    SPI2_IRQHandler                          0x08000663   Thumb Code     0  startup_stm32l1xx_mdp.o(.text)
    SPI3_IRQHandler                          0x08000663   Thumb Code     0  startup_stm32l1xx_mdp.o(.text)
    TAMPER_STAMP_IRQHandler                  0x08000663   Thumb Code     0  startup_stm32l1xx_mdp.o(.text)
    TIM10_IRQHandler                         0x08000663   Thumb Code     0  startup_stm32l1xx_mdp.o(.text)
    TIM11_IRQHandler                         0x08000663   Thumb Code     0  startup_stm32l1xx_mdp.o(.text)
    TIM3_IRQHandler                          0x08000663   Thumb Code     0  startup_stm32l1xx_mdp.o(.text)
    TIM4_IRQHandler                          0x08000663   Thumb Code     0  startup_stm32l1xx_mdp.o(.text)
    TIM5_IRQHandler                          0x08000663   Thumb Code     0  startup_stm32l1xx_mdp.o(.text)
    TIM6_IRQHandler                          0x08000663   Thumb Code     0  startup_stm32l1xx_mdp.o(.text)
    TIM7_IRQHandler                          0x08000663   Thumb Code     0  startup_stm32l1xx_mdp.o(.text)
    TIM9_IRQHandler                          0x08000663   Thumb Code     0  startup_stm32l1xx_mdp.o(.text)
    USB_FS_WKUP_IRQHandler                   0x08000663   Thumb Code     0  startup_stm32l1xx_mdp.o(.text)
    USB_HP_IRQHandler                        0x08000663   Thumb Code     0  startup_stm32l1xx_mdp.o(.text)
    USB_LP_IRQHandler                        0x08000663   Thumb Code     0  startup_stm32l1xx_mdp.o(.text)
    WWDG_IRQHandler                          0x08000663   Thumb Code     0  startup_stm32l1xx_mdp.o(.text)
    NVIC_PriorityGroupConfig                 0x0800066d   Thumb Code    10  misc.o(.text)
    NVIC_Init                                0x08000677   Thumb Code   106  misc.o(.text)
    NVIC_SetVectorTable                      0x080006e1   Thumb Code    14  misc.o(.text)
    NVIC_SystemLPConfig                      0x080006ef   Thumb Code    34  misc.o(.text)
    SysTick_CLKSourceConfig                  0x08000711   Thumb Code    40  misc.o(.text)
    ADC_DeInit                               0x0800074d   Thumb Code    28  stm32l1xx_adc.o(.text)
    ADC_Init                                 0x08000769   Thumb Code    74  stm32l1xx_adc.o(.text)
    ADC_StructInit                           0x080007b3   Thumb Code    26  stm32l1xx_adc.o(.text)
    ADC_CommonInit                           0x080007cd   Thumb Code    22  stm32l1xx_adc.o(.text)
    ADC_CommonStructInit                     0x080007e3   Thumb Code     6  stm32l1xx_adc.o(.text)
    ADC_Cmd                                  0x080007e9   Thumb Code    22  stm32l1xx_adc.o(.text)
    ADC_BankSelection                        0x080007ff   Thumb Code    22  stm32l1xx_adc.o(.text)
    ADC_PowerDownCmd                         0x08000815   Thumb Code    18  stm32l1xx_adc.o(.text)
    ADC_DelaySelectionConfig                 0x08000827   Thumb Code    16  stm32l1xx_adc.o(.text)
    ADC_AnalogWatchdogCmd                    0x08000837   Thumb Code    16  stm32l1xx_adc.o(.text)
    ADC_AnalogWatchdogThresholdsConfig       0x08000847   Thumb Code     6  stm32l1xx_adc.o(.text)
    ADC_AnalogWatchdogSingleChannelConfig    0x0800084d   Thumb Code    16  stm32l1xx_adc.o(.text)
    ADC_TempSensorVrefintCmd                 0x0800085d   Thumb Code    30  stm32l1xx_adc.o(.text)
    ADC_RegularChannelConfig                 0x0800087b   Thumb Code   344  stm32l1xx_adc.o(.text)
    ADC_SoftwareStartConv                    0x080009d3   Thumb Code    10  stm32l1xx_adc.o(.text)
    ADC_GetSoftwareStartConvStatus           0x080009dd   Thumb Code    20  stm32l1xx_adc.o(.text)
    ADC_EOCOnEachRegularChannelCmd           0x080009f1   Thumb Code    22  stm32l1xx_adc.o(.text)
    ADC_ContinuousModeCmd                    0x08000a07   Thumb Code    22  stm32l1xx_adc.o(.text)
    ADC_DiscModeChannelCountConfig           0x08000a1d   Thumb Code    24  stm32l1xx_adc.o(.text)
    ADC_DiscModeCmd                          0x08000a35   Thumb Code    22  stm32l1xx_adc.o(.text)
    ADC_GetConversionValue                   0x08000a4b   Thumb Code     8  stm32l1xx_adc.o(.text)
    ADC_DMACmd                               0x08000a53   Thumb Code    22  stm32l1xx_adc.o(.text)
    ADC_DMARequestAfterLastTransferCmd       0x08000a69   Thumb Code    22  stm32l1xx_adc.o(.text)
    ADC_InjectedChannelConfig                0x08000a7f   Thumb Code   232  stm32l1xx_adc.o(.text)
    ADC_InjectedSequencerLengthConfig        0x08000b67   Thumb Code    24  stm32l1xx_adc.o(.text)
    ADC_SetInjectedOffset                    0x08000b7f   Thumb Code    20  stm32l1xx_adc.o(.text)
    ADC_ExternalTrigInjectedConvConfig       0x08000b93   Thumb Code    16  stm32l1xx_adc.o(.text)
    ADC_ExternalTrigInjectedConvEdgeConfig   0x08000ba3   Thumb Code    16  stm32l1xx_adc.o(.text)
    ADC_SoftwareStartInjectedConv            0x08000bb3   Thumb Code    10  stm32l1xx_adc.o(.text)
    ADC_GetSoftwareStartInjectedConvCmdStatus 0x08000bbd   Thumb Code    20  stm32l1xx_adc.o(.text)
    ADC_AutoInjectedConvCmd                  0x08000bd1   Thumb Code    22  stm32l1xx_adc.o(.text)
    ADC_InjectedDiscModeCmd                  0x08000be7   Thumb Code    22  stm32l1xx_adc.o(.text)
    ADC_GetInjectedConversionValue           0x08000bfd   Thumb Code    28  stm32l1xx_adc.o(.text)
    ADC_ITConfig                             0x08000c19   Thumb Code    32  stm32l1xx_adc.o(.text)
    ADC_GetFlagStatus                        0x08000c39   Thumb Code    18  stm32l1xx_adc.o(.text)
    ADC_ClearFlag                            0x08000c4b   Thumb Code     6  stm32l1xx_adc.o(.text)
    ADC_GetITStatus                          0x08000c51   Thumb Code    38  stm32l1xx_adc.o(.text)
    ADC_ClearITPendingBit                    0x08000c77   Thumb Code    10  stm32l1xx_adc.o(.text)
    DBGMCU_GetREVID                          0x08000c81   Thumb Code     8  stm32l1xx_dbgmcu.o(.text)
    DBGMCU_GetDEVID                          0x08000c89   Thumb Code    10  stm32l1xx_dbgmcu.o(.text)
    DBGMCU_Config                            0x08000c93   Thumb Code    26  stm32l1xx_dbgmcu.o(.text)
    DBGMCU_APB1PeriphConfig                  0x08000cad   Thumb Code    26  stm32l1xx_dbgmcu.o(.text)
    DBGMCU_APB2PeriphConfig                  0x08000cc7   Thumb Code    26  stm32l1xx_dbgmcu.o(.text)
    EXTI_DeInit                              0x08000ce5   Thumb Code    30  stm32l1xx_exti.o(.text)
    EXTI_Init                                0x08000d03   Thumb Code   142  stm32l1xx_exti.o(.text)
    EXTI_StructInit                          0x08000d91   Thumb Code    16  stm32l1xx_exti.o(.text)
    EXTI_GenerateSWInterrupt                 0x08000da1   Thumb Code    16  stm32l1xx_exti.o(.text)
    EXTI_GetFlagStatus                       0x08000db1   Thumb Code    22  stm32l1xx_exti.o(.text)
    EXTI_ClearFlag                           0x08000dc7   Thumb Code     8  stm32l1xx_exti.o(.text)
    EXTI_GetITStatus                         0x08000dcf   Thumb Code    34  stm32l1xx_exti.o(.text)
    EXTI_ClearITPendingBit                   0x08000df1   Thumb Code     8  stm32l1xx_exti.o(.text)
    GPIO_DeInit                              0x08000dfd   Thumb Code   196  stm32l1xx_gpio.o(.text)
    GPIO_Init                                0x08000ec1   Thumb Code   144  stm32l1xx_gpio.o(.text)
    GPIO_StructInit                          0x08000f51   Thumb Code    18  stm32l1xx_gpio.o(.text)
    GPIO_PinLockConfig                       0x08000f63   Thumb Code    34  stm32l1xx_gpio.o(.text)
    GPIO_ReadInputDataBit                    0x08000f85   Thumb Code    18  stm32l1xx_gpio.o(.text)
    GPIO_ReadInputData                       0x08000f97   Thumb Code     6  stm32l1xx_gpio.o(.text)
    GPIO_ReadOutputDataBit                   0x08000f9d   Thumb Code    18  stm32l1xx_gpio.o(.text)
    GPIO_ReadOutputData                      0x08000faf   Thumb Code     6  stm32l1xx_gpio.o(.text)
    GPIO_SetBits                             0x08000fb5   Thumb Code     4  stm32l1xx_gpio.o(.text)
    GPIO_ResetBits                           0x08000fb9   Thumb Code     4  stm32l1xx_gpio.o(.text)
    GPIO_WriteBit                            0x08000fbd   Thumb Code    10  stm32l1xx_gpio.o(.text)
    GPIO_Write                               0x08000fc7   Thumb Code     4  stm32l1xx_gpio.o(.text)
    GPIO_ToggleBits                          0x08000fcb   Thumb Code     8  stm32l1xx_gpio.o(.text)
    GPIO_PinAFConfig                         0x08000fd3   Thumb Code    70  stm32l1xx_gpio.o(.text)
    PWR_DeInit                               0x08001039   Thumb Code    22  stm32l1xx_pwr.o(.text)
    PWR_RTCAccessCmd                         0x0800104f   Thumb Code     6  stm32l1xx_pwr.o(.text)
    PWR_PVDLevelConfig                       0x08001055   Thumb Code    18  stm32l1xx_pwr.o(.text)
    PWR_PVDCmd                               0x08001067   Thumb Code     6  stm32l1xx_pwr.o(.text)
    PWR_WakeUpPinCmd                         0x0800106d   Thumb Code    20  stm32l1xx_pwr.o(.text)
    PWR_FastWakeUpCmd                        0x08001081   Thumb Code     6  stm32l1xx_pwr.o(.text)
    PWR_UltraLowPowerCmd                     0x08001087   Thumb Code     6  stm32l1xx_pwr.o(.text)
    PWR_VoltageScalingConfig                 0x0800108d   Thumb Code    24  stm32l1xx_pwr.o(.text)
    PWR_EnterLowPowerRunMode                 0x080010a5   Thumb Code    50  stm32l1xx_pwr.o(.text)
    PWR_EnterSleepMode                       0x080010d7   Thumb Code    42  stm32l1xx_pwr.o(.text)
    PWR_EnterSTOPMode                        0x08001101   Thumb Code    54  stm32l1xx_pwr.o(.text)
    PWR_EnterSTANDBYMode                     0x08001137   Thumb Code    42  stm32l1xx_pwr.o(.text)
    PWR_GetFlagStatus                        0x08001161   Thumb Code    20  stm32l1xx_pwr.o(.text)
    PWR_ClearFlag                            0x08001175   Thumb Code    14  stm32l1xx_pwr.o(.text)
    RCC_DeInit                               0x08001191   Thumb Code    74  stm32l1xx_rcc.o(.text)
    RCC_HSEConfig                            0x080011db   Thumb Code    14  stm32l1xx_rcc.o(.text)
    RCC_GetFlagStatus                        0x080011e9   Thumb Code    48  stm32l1xx_rcc.o(.text)
    RCC_WaitForHSEStartUp                    0x08001219   Thumb Code    56  stm32l1xx_rcc.o(.text)
    RCC_AdjustMSICalibrationValue            0x08001251   Thumb Code     8  stm32l1xx_rcc.o(.text)
    RCC_MSIRangeConfig                       0x08001259   Thumb Code    20  stm32l1xx_rcc.o(.text)
    RCC_MSICmd                               0x0800126d   Thumb Code     6  stm32l1xx_rcc.o(.text)
    RCC_AdjustHSICalibrationValue            0x08001273   Thumb Code    22  stm32l1xx_rcc.o(.text)
    RCC_HSICmd                               0x08001289   Thumb Code     6  stm32l1xx_rcc.o(.text)
    RCC_LSEConfig                            0x0800128f   Thumb Code    14  stm32l1xx_rcc.o(.text)
    RCC_LSICmd                               0x0800129d   Thumb Code     6  stm32l1xx_rcc.o(.text)
    RCC_PLLConfig                            0x080012a3   Thumb Code    16  stm32l1xx_rcc.o(.text)
    RCC_PLLCmd                               0x080012b3   Thumb Code     6  stm32l1xx_rcc.o(.text)
    RCC_ClockSecuritySystemCmd               0x080012b9   Thumb Code     6  stm32l1xx_rcc.o(.text)
    RCC_LSEClockSecuritySystemCmd            0x080012bf   Thumb Code     8  stm32l1xx_rcc.o(.text)
    RCC_MCOConfig                            0x080012c7   Thumb Code    12  stm32l1xx_rcc.o(.text)
    RCC_SYSCLKConfig                         0x080012d3   Thumb Code    20  stm32l1xx_rcc.o(.text)
    RCC_GetSYSCLKSource                      0x080012e7   Thumb Code    12  stm32l1xx_rcc.o(.text)
    RCC_HCLKConfig                           0x080012f3   Thumb Code    20  stm32l1xx_rcc.o(.text)
    RCC_PCLK1Config                          0x08001307   Thumb Code    20  stm32l1xx_rcc.o(.text)
    RCC_PCLK2Config                          0x0800131b   Thumb Code    22  stm32l1xx_rcc.o(.text)
    RCC_GetClocksFreq                        0x08001331   Thumb Code   248  stm32l1xx_rcc.o(.text)
    RCC_RTCCLKConfig                         0x08001429   Thumb Code    64  stm32l1xx_rcc.o(.text)
    RCC_RTCCLKCmd                            0x08001469   Thumb Code     8  stm32l1xx_rcc.o(.text)
    RCC_RTCResetCmd                          0x08001471   Thumb Code     8  stm32l1xx_rcc.o(.text)
    RCC_AHBPeriphClockCmd                    0x08001479   Thumb Code    34  stm32l1xx_rcc.o(.text)
    RCC_APB2PeriphClockCmd                   0x0800149b   Thumb Code    34  stm32l1xx_rcc.o(.text)
    RCC_APB1PeriphClockCmd                   0x080014bd   Thumb Code    34  stm32l1xx_rcc.o(.text)
    RCC_AHBPeriphResetCmd                    0x080014df   Thumb Code    34  stm32l1xx_rcc.o(.text)
    RCC_APB2PeriphResetCmd                   0x08001501   Thumb Code    34  stm32l1xx_rcc.o(.text)
    RCC_APB1PeriphResetCmd                   0x08001523   Thumb Code    34  stm32l1xx_rcc.o(.text)
    RCC_AHBPeriphClockLPModeCmd              0x08001545   Thumb Code    34  stm32l1xx_rcc.o(.text)
    RCC_APB2PeriphClockLPModeCmd             0x08001567   Thumb Code    66  stm32l1xx_rcc.o(.text)
    RCC_APB1PeriphClockLPModeCmd             0x080015a9   Thumb Code    34  stm32l1xx_rcc.o(.text)
    RCC_ITConfig                             0x080015cb   Thumb Code    34  stm32l1xx_rcc.o(.text)
    RCC_ClearFlag                            0x080015ed   Thumb Code    18  stm32l1xx_rcc.o(.text)
    RCC_GetITStatus                          0x080015ff   Thumb Code    22  stm32l1xx_rcc.o(.text)
    RCC_ClearITPendingBit                    0x08001615   Thumb Code     8  stm32l1xx_rcc.o(.text)
    RTC_WaitForSynchro                       0x08001621   Thumb Code    92  stm32l1xx_rtc.o(.text)
    RTC_EnterInitMode                        0x0800167d   Thumb Code    84  stm32l1xx_rtc.o(.text)
    RTC_DeInit                               0x080016d1   Thumb Code   204  stm32l1xx_rtc.o(.text)
    RTC_ExitInitMode                         0x0800179d   Thumb Code    18  stm32l1xx_rtc.o(.text)
    RTC_Init                                 0x080017af   Thumb Code    94  stm32l1xx_rtc.o(.text)
    RTC_StructInit                           0x0800180d   Thumb Code    14  stm32l1xx_rtc.o(.text)
    RTC_WriteProtectionCmd                   0x0800181b   Thumb Code    22  stm32l1xx_rtc.o(.text)
    RTC_RefClockCmd                          0x08001831   Thumb Code    76  stm32l1xx_rtc.o(.text)
    RTC_BypassShadowCmd                      0x0800187d   Thumb Code    54  stm32l1xx_rtc.o(.text)
    RTC_SetTime                              0x080018e5   Thumb Code   200  stm32l1xx_rtc.o(.text)
    RTC_TimeStructInit                       0x080019ad   Thumb Code    12  stm32l1xx_rtc.o(.text)
    RTC_GetTime                              0x080019b9   Thumb Code    74  stm32l1xx_rtc.o(.text)
    RTC_GetSubSecond                         0x08001a03   Thumb Code    30  stm32l1xx_rtc.o(.text)
    RTC_SetDate                              0x08001a21   Thumb Code   190  stm32l1xx_rtc.o(.text)
    RTC_DateStructInit                       0x08001adf   Thumb Code    14  stm32l1xx_rtc.o(.text)
    RTC_GetDate                              0x08001aed   Thumb Code    70  stm32l1xx_rtc.o(.text)
    RTC_SetAlarm                             0x08001b33   Thumb Code   230  stm32l1xx_rtc.o(.text)
    RTC_AlarmStructInit                      0x08001c19   Thumb Code    22  stm32l1xx_rtc.o(.text)
    RTC_GetAlarm                             0x08001c2f   Thumb Code   114  stm32l1xx_rtc.o(.text)
    RTC_AlarmCmd                             0x08001ca1   Thumb Code   112  stm32l1xx_rtc.o(.text)
    RTC_AlarmSubSecondConfig                 0x08001d11   Thumb Code    46  stm32l1xx_rtc.o(.text)
    RTC_GetAlarmSubSecond                    0x08001d3f   Thumb Code    34  stm32l1xx_rtc.o(.text)
    RTC_WakeUpClockConfig                    0x08001d61   Thumb Code    42  stm32l1xx_rtc.o(.text)
    RTC_SetWakeUpCounter                     0x08001d8b   Thumb Code    22  stm32l1xx_rtc.o(.text)
    RTC_GetWakeUpCounter                     0x08001da1   Thumb Code    10  stm32l1xx_rtc.o(.text)
    RTC_WakeUpCmd                            0x08001dab   Thumb Code   116  stm32l1xx_rtc.o(.text)
    RTC_DayLightSavingConfig                 0x08001e1f   Thumb Code    50  stm32l1xx_rtc.o(.text)
    RTC_GetStoreOperation                    0x08001e51   Thumb Code    12  stm32l1xx_rtc.o(.text)
    RTC_OutputConfig                         0x08001e5d   Thumb Code    60  stm32l1xx_rtc.o(.text)
    RTC_CoarseCalibConfig                    0x08001e99   Thumb Code    52  stm32l1xx_rtc.o(.text)
    RTC_CoarseCalibCmd                       0x08001ecd   Thumb Code    76  stm32l1xx_rtc.o(.text)
    RTC_CalibOutputCmd                       0x08001f19   Thumb Code    54  stm32l1xx_rtc.o(.text)
    RTC_CalibOutputConfig                    0x08001f4f   Thumb Code    42  stm32l1xx_rtc.o(.text)
    RTC_SmoothCalibConfig                    0x08001f79   Thumb Code    90  stm32l1xx_rtc.o(.text)
    RTC_TimeStampCmd                         0x08001fd3   Thumb Code    54  stm32l1xx_rtc.o(.text)
    RTC_GetTimeStamp                         0x08002009   Thumb Code   144  stm32l1xx_rtc.o(.text)
    RTC_GetTimeStampSubSecond                0x08002099   Thumb Code     8  stm32l1xx_rtc.o(.text)
    RTC_TamperTriggerConfig                  0x080020a1   Thumb Code    38  stm32l1xx_rtc.o(.text)
    RTC_TamperCmd                            0x080020c7   Thumb Code    34  stm32l1xx_rtc.o(.text)
    RTC_TamperFilterConfig                   0x080020e9   Thumb Code    26  stm32l1xx_rtc.o(.text)
    RTC_TamperSamplingFreqConfig             0x08002103   Thumb Code    26  stm32l1xx_rtc.o(.text)
    RTC_TamperPinsPrechargeDuration          0x0800211d   Thumb Code    26  stm32l1xx_rtc.o(.text)
    RTC_TimeStampOnTamperDetectionCmd        0x08002137   Thumb Code    38  stm32l1xx_rtc.o(.text)
    RTC_TamperPullUpCmd                      0x0800215d   Thumb Code    38  stm32l1xx_rtc.o(.text)
    RTC_WriteBackupRegister                  0x08002183   Thumb Code    26  stm32l1xx_rtc.o(.text)
    RTC_ReadBackupRegister                   0x0800219d   Thumb Code    28  stm32l1xx_rtc.o(.text)
    RTC_OutputTypeConfig                     0x080021b9   Thumb Code    26  stm32l1xx_rtc.o(.text)
    RTC_SynchroShiftConfig                   0x080021d3   Thumb Code   118  stm32l1xx_rtc.o(.text)
    RTC_ITConfig                             0x08002249   Thumb Code   108  stm32l1xx_rtc.o(.text)
    RTC_GetFlagStatus                        0x080022b5   Thumb Code    34  stm32l1xx_rtc.o(.text)
    RTC_ClearFlag                            0x080022d7   Thumb Code    30  stm32l1xx_rtc.o(.text)
    RTC_GetITStatus                          0x080022f5   Thumb Code    66  stm32l1xx_rtc.o(.text)
    RTC_ClearITPendingBit                    0x08002337   Thumb Code    32  stm32l1xx_rtc.o(.text)
    SYSCFG_DeInit                            0x08002361   Thumb Code    20  stm32l1xx_syscfg.o(.text)
    SYSCFG_RIDeInit                          0x08002375   Thumb Code    32  stm32l1xx_syscfg.o(.text)
    SYSCFG_MemoryRemapConfig                 0x08002395   Thumb Code     6  stm32l1xx_syscfg.o(.text)
    SYSCFG_GetBootMode                       0x0800239b   Thumb Code    10  stm32l1xx_syscfg.o(.text)
    SYSCFG_USBPuCmd                          0x080023a5   Thumb Code    30  stm32l1xx_syscfg.o(.text)
    SYSCFG_EXTILineConfig                    0x080023c3   Thumb Code    66  stm32l1xx_syscfg.o(.text)
    SYSCFG_RITIMSelect                       0x08002405   Thumb Code    18  stm32l1xx_syscfg.o(.text)
    SYSCFG_RITIMInputCaptureConfig           0x08002417   Thumb Code    86  stm32l1xx_syscfg.o(.text)
    SYSCFG_RIResistorConfig                  0x0800246d   Thumb Code    34  stm32l1xx_syscfg.o(.text)
    SYSCFG_RIChannelSpeedConfig              0x0800248f   Thumb Code    34  stm32l1xx_syscfg.o(.text)
    SYSCFG_RIIOSwitchConfig                  0x080024b1   Thumb Code    80  stm32l1xx_syscfg.o(.text)
    SYSCFG_RISwitchControlModeCmd            0x08002501   Thumb Code    38  stm32l1xx_syscfg.o(.text)
    SYSCFG_RIHysteresisConfig                0x08002527   Thumb Code   282  stm32l1xx_syscfg.o(.text)
    TIM_DeInit                               0x08002649   Thumb Code   220  stm32l1xx_tim.o(.text)
    TIM_TimeBaseInit                         0x08002725   Thumb Code    76  stm32l1xx_tim.o(.text)
    TIM_TimeBaseStructInit                   0x08002771   Thumb Code    16  stm32l1xx_tim.o(.text)
    TIM_PrescalerConfig                      0x08002781   Thumb Code     6  stm32l1xx_tim.o(.text)
    TIM_CounterModeConfig                    0x08002787   Thumb Code    18  stm32l1xx_tim.o(.text)
    TIM_SetCounter                           0x08002799   Thumb Code     4  stm32l1xx_tim.o(.text)
    TIM_SetAutoreload                        0x0800279d   Thumb Code     4  stm32l1xx_tim.o(.text)
    TIM_GetCounter                           0x080027a1   Thumb Code     6  stm32l1xx_tim.o(.text)
    TIM_GetPrescaler                         0x080027a7   Thumb Code     6  stm32l1xx_tim.o(.text)
    TIM_UpdateDisableConfig                  0x080027ad   Thumb Code    24  stm32l1xx_tim.o(.text)
    TIM_UpdateRequestConfig                  0x080027c5   Thumb Code    24  stm32l1xx_tim.o(.text)
    TIM_ARRPreloadConfig                     0x080027dd   Thumb Code    24  stm32l1xx_tim.o(.text)
    TIM_SelectOnePulseMode                   0x080027f5   Thumb Code    18  stm32l1xx_tim.o(.text)
    TIM_SetClockDivision                     0x08002807   Thumb Code    18  stm32l1xx_tim.o(.text)
    TIM_Cmd                                  0x08002819   Thumb Code    24  stm32l1xx_tim.o(.text)
    TIM_OC1Init                              0x08002831   Thumb Code    56  stm32l1xx_tim.o(.text)
    TIM_OC2Init                              0x08002869   Thumb Code    70  stm32l1xx_tim.o(.text)
    TIM_OC3Init                              0x080028af   Thumb Code    66  stm32l1xx_tim.o(.text)
    TIM_OC4Init                              0x080028f1   Thumb Code    70  stm32l1xx_tim.o(.text)
    TIM_OCStructInit                         0x08002937   Thumb Code    12  stm32l1xx_tim.o(.text)
    TIM_SelectOCxM                           0x08002943   Thumb Code    82  stm32l1xx_tim.o(.text)
    TIM_SetCompare1                          0x08002995   Thumb Code     4  stm32l1xx_tim.o(.text)
    TIM_SetCompare2                          0x08002999   Thumb Code     4  stm32l1xx_tim.o(.text)
    TIM_SetCompare3                          0x0800299d   Thumb Code     4  stm32l1xx_tim.o(.text)
    TIM_SetCompare4                          0x080029a1   Thumb Code     4  stm32l1xx_tim.o(.text)
    TIM_ForcedOC1Config                      0x080029a5   Thumb Code    18  stm32l1xx_tim.o(.text)
    TIM_ForcedOC2Config                      0x080029b7   Thumb Code    26  stm32l1xx_tim.o(.text)
    TIM_ForcedOC3Config                      0x080029d1   Thumb Code    18  stm32l1xx_tim.o(.text)
    TIM_ForcedOC4Config                      0x080029e3   Thumb Code    26  stm32l1xx_tim.o(.text)
    TIM_OC1PreloadConfig                     0x080029fd   Thumb Code    18  stm32l1xx_tim.o(.text)
    TIM_OC2PreloadConfig                     0x08002a0f   Thumb Code    26  stm32l1xx_tim.o(.text)
    TIM_OC3PreloadConfig                     0x08002a29   Thumb Code    18  stm32l1xx_tim.o(.text)
    TIM_OC4PreloadConfig                     0x08002a3b   Thumb Code    58  stm32l1xx_tim.o(.text)
    TIM_OC1FastConfig                        0x08002a75   Thumb Code    18  stm32l1xx_tim.o(.text)
    TIM_OC2FastConfig                        0x08002a87   Thumb Code    26  stm32l1xx_tim.o(.text)
    TIM_OC3FastConfig                        0x08002aa1   Thumb Code    18  stm32l1xx_tim.o(.text)
    TIM_OC4FastConfig                        0x08002ab3   Thumb Code    26  stm32l1xx_tim.o(.text)
    TIM_ClearOC1Ref                          0x08002acd   Thumb Code    18  stm32l1xx_tim.o(.text)
    TIM_ClearOC2Ref                          0x08002adf   Thumb Code    24  stm32l1xx_tim.o(.text)
    TIM_ClearOC3Ref                          0x08002af7   Thumb Code    18  stm32l1xx_tim.o(.text)
    TIM_ClearOC4Ref                          0x08002b09   Thumb Code    24  stm32l1xx_tim.o(.text)
    TIM_OC1PolarityConfig                    0x08002b21   Thumb Code    18  stm32l1xx_tim.o(.text)
    TIM_OC2PolarityConfig                    0x08002b33   Thumb Code    26  stm32l1xx_tim.o(.text)
    TIM_OC3PolarityConfig                    0x08002b4d   Thumb Code    26  stm32l1xx_tim.o(.text)
    TIM_OC4PolarityConfig                    0x08002b67   Thumb Code    26  stm32l1xx_tim.o(.text)
    TIM_SelectOCREFClear                     0x08002b81   Thumb Code    18  stm32l1xx_tim.o(.text)
    TIM_CCxCmd                               0x08002b93   Thumb Code    30  stm32l1xx_tim.o(.text)
    TIM_SetIC4Prescaler                      0x08002bb1   Thumb Code    26  stm32l1xx_tim.o(.text)
    TIM_SetIC3Prescaler                      0x08002c1b   Thumb Code    18  stm32l1xx_tim.o(.text)
    TIM_SetIC2Prescaler                      0x08002c75   Thumb Code    26  stm32l1xx_tim.o(.text)
    TIM_SetIC1Prescaler                      0x08002cdf   Thumb Code    18  stm32l1xx_tim.o(.text)
    TIM_ICInit                               0x08002d2b   Thumb Code   110  stm32l1xx_tim.o(.text)
    TIM_ICStructInit                         0x08002d99   Thumb Code    18  stm32l1xx_tim.o(.text)
    TIM_PWMIConfig                           0x08002dab   Thumb Code   124  stm32l1xx_tim.o(.text)
    TIM_GetCapture1                          0x08002e27   Thumb Code     6  stm32l1xx_tim.o(.text)
    TIM_GetCapture2                          0x08002e2d   Thumb Code     6  stm32l1xx_tim.o(.text)
    TIM_GetCapture3                          0x08002e33   Thumb Code     6  stm32l1xx_tim.o(.text)
    TIM_GetCapture4                          0x08002e39   Thumb Code     6  stm32l1xx_tim.o(.text)
    TIM_ITConfig                             0x08002e3f   Thumb Code    18  stm32l1xx_tim.o(.text)
    TIM_GenerateEvent                        0x08002e51   Thumb Code     4  stm32l1xx_tim.o(.text)
    TIM_GetFlagStatus                        0x08002e55   Thumb Code    18  stm32l1xx_tim.o(.text)
    TIM_ClearFlag                            0x08002e67   Thumb Code     6  stm32l1xx_tim.o(.text)
    TIM_GetITStatus                          0x08002e6d   Thumb Code    34  stm32l1xx_tim.o(.text)
    TIM_ClearITPendingBit                    0x08002e8f   Thumb Code     6  stm32l1xx_tim.o(.text)
    TIM_DMAConfig                            0x08002e95   Thumb Code    10  stm32l1xx_tim.o(.text)
    TIM_DMACmd                               0x08002e9f   Thumb Code    18  stm32l1xx_tim.o(.text)
    TIM_SelectCCDMA                          0x08002eb1   Thumb Code    24  stm32l1xx_tim.o(.text)
    TIM_InternalClockConfig                  0x08002ec9   Thumb Code    12  stm32l1xx_tim.o(.text)
    TIM_SelectInputTrigger                   0x08002ed5   Thumb Code    18  stm32l1xx_tim.o(.text)
    TIM_ITRxExternalClockConfig              0x08002ee7   Thumb Code    24  stm32l1xx_tim.o(.text)
    TIM_TIxExternalClockConfig               0x08002eff   Thumb Code    62  stm32l1xx_tim.o(.text)
    TIM_ETRConfig                            0x08002f3d   Thumb Code    28  stm32l1xx_tim.o(.text)
    TIM_ETRClockMode1Config                  0x08002f59   Thumb Code    54  stm32l1xx_tim.o(.text)
    TIM_ETRClockMode2Config                  0x08002f8f   Thumb Code    32  stm32l1xx_tim.o(.text)
    TIM_SelectOutputTrigger                  0x08002faf   Thumb Code    18  stm32l1xx_tim.o(.text)
    TIM_SelectSlaveMode                      0x08002fc1   Thumb Code    18  stm32l1xx_tim.o(.text)
    TIM_SelectMasterSlaveMode                0x08002fd3   Thumb Code    18  stm32l1xx_tim.o(.text)
    TIM_EncoderInterfaceConfig               0x08002fe5   Thumb Code    66  stm32l1xx_tim.o(.text)
    TIM_SelectHallSensor                     0x08003027   Thumb Code    24  stm32l1xx_tim.o(.text)
    TIM_RemapConfig                          0x0800303f   Thumb Code    22  stm32l1xx_tim.o(.text)
    USART_DeInit                             0x08003055   Thumb Code   134  stm32l1xx_usart.o(.text)
    USART_Init                               0x080030db   Thumb Code   198  stm32l1xx_usart.o(.text)
    USART_StructInit                         0x080031a1   Thumb Code    24  stm32l1xx_usart.o(.text)
    USART_ClockInit                          0x080031b9   Thumb Code    32  stm32l1xx_usart.o(.text)
    USART_ClockStructInit                    0x080031d9   Thumb Code    12  stm32l1xx_usart.o(.text)
    USART_Cmd                                0x080031e5   Thumb Code    24  stm32l1xx_usart.o(.text)
    USART_SetPrescaler                       0x080031fd   Thumb Code    16  stm32l1xx_usart.o(.text)
    USART_OverSampling8Cmd                   0x0800320d   Thumb Code    22  stm32l1xx_usart.o(.text)
    USART_OneBitMethodCmd                    0x08003223   Thumb Code    24  stm32l1xx_usart.o(.text)
    USART_SendData                           0x0800323b   Thumb Code     8  stm32l1xx_usart.o(.text)
    USART_ReceiveData                        0x08003243   Thumb Code    10  stm32l1xx_usart.o(.text)
    USART_SetAddress                         0x0800324d   Thumb Code    18  stm32l1xx_usart.o(.text)
    USART_ReceiverWakeUpCmd                  0x0800325f   Thumb Code    24  stm32l1xx_usart.o(.text)
    USART_WakeUpConfig                       0x08003277   Thumb Code    18  stm32l1xx_usart.o(.text)
    USART_LINBreakDetectLengthConfig         0x08003289   Thumb Code    18  stm32l1xx_usart.o(.text)
    USART_LINCmd                             0x0800329b   Thumb Code    24  stm32l1xx_usart.o(.text)
    USART_SendBreak                          0x080032b3   Thumb Code    10  stm32l1xx_usart.o(.text)
    USART_HalfDuplexCmd                      0x080032bd   Thumb Code    24  stm32l1xx_usart.o(.text)
    USART_SetGuardTime                       0x080032d5   Thumb Code    16  stm32l1xx_usart.o(.text)
    USART_SmartCardCmd                       0x080032e5   Thumb Code    24  stm32l1xx_usart.o(.text)
    USART_SmartCardNACKCmd                   0x080032fd   Thumb Code    24  stm32l1xx_usart.o(.text)
    USART_IrDAConfig                         0x08003315   Thumb Code    18  stm32l1xx_usart.o(.text)
    USART_IrDACmd                            0x08003327   Thumb Code    24  stm32l1xx_usart.o(.text)
    USART_DMACmd                             0x0800333f   Thumb Code    18  stm32l1xx_usart.o(.text)
    USART_ITConfig                           0x08003351   Thumb Code    74  stm32l1xx_usart.o(.text)
    USART_GetFlagStatus                      0x0800339b   Thumb Code    26  stm32l1xx_usart.o(.text)
    USART_ClearFlag                          0x080033b5   Thumb Code    18  stm32l1xx_usart.o(.text)
    USART_GetITStatus                        0x080033c7   Thumb Code    84  stm32l1xx_usart.o(.text)
    USART_ClearITPendingBit                  0x0800341b   Thumb Code    50  stm32l1xx_usart.o(.text)
    SystemInit                               0x0800354f   Thumb Code    88  system_stm32l1xx.o(.text)
    SystemCoreClockUpdate                    0x080035a7   Thumb Code   204  system_stm32l1xx.o(.text)
    Gpio_Cfg                                 0x080036a1   Thumb Code   328  bsp.o(.text)
    Gpio_WkCfg                               0x080037e9   Thumb Code   230  bsp.o(.text)
    Gpio_LpCfg                               0x080038cf   Thumb Code   286  bsp.o(.text)
    mbus_shutdown                            0x080039ed   Thumb Code    40  bsp.o(.text)
    LowPowerSet                              0x08003a15   Thumb Code    58  bsp.o(.text)
    RTC_EXIT                                 0x08003a4f   Thumb Code   150  bsp.o(.text)
    EXTI_Cfg                                 0x08003ae5   Thumb Code    80  bsp.o(.text)
    bsp_Init                                 0x08003b35   Thumb Code    52  bsp.o(.text)
    To_Enter_Stop                            0x08003b69   Thumb Code    24  bsp.o(.text)
    To_Enter_Wait                            0x08003b81   Thumb Code    12  bsp.o(.text)
    Exit_Ctrl                                0x08003b8d   Thumb Code    98  bsp.o(.text)
    ADC_GPIO_Config                          0x08003bf5   Thumb Code    42  bsp_adc.o(.text)
    bsp_Adc_Init                             0x08003c1f   Thumb Code   146  bsp_adc.o(.text)
    GetBatVal                                0x08003cb1   Thumb Code    82  bsp_adc.o(.text)
    CalBatPer                                0x08003d03   Thumb Code    92  bsp_adc.o(.text)
    UartTxd                                  0x08003d75   Thumb Code    58  bsp_uart_fifo.o(.text)
    ComToUart                                0x08003daf   Thumb Code    52  bsp_uart_fifo.o(.text)
    GetRxCount                               0x08003de3   Thumb Code    26  bsp_uart_fifo.o(.text)
    myMemCpy                                 0x08003dfd   Thumb Code   170  bsp_uart_fifo.o(.text)
    comMemCpy                                0x08003ea7   Thumb Code    90  bsp_uart_fifo.o(.text)
    bsp_InitUart                             0x080041fd   Thumb Code    16  bsp_uart_fifo.o(.text)
    ComToUSARTx                              0x0800420d   Thumb Code    44  bsp_uart_fifo.o(.text)
    comSendBuf                               0x0800428b   Thumb Code    46  bsp_uart_fifo.o(.text)
    comSendChar                              0x080042b9   Thumb Code    16  bsp_uart_fifo.o(.text)
    comGetChar                               0x08004313   Thumb Code    30  bsp_uart_fifo.o(.text)
    comClearTxFifo                           0x08004331   Thumb Code    28  bsp_uart_fifo.o(.text)
    comClearRxFifo                           0x0800434d   Thumb Code    28  bsp_uart_fifo.o(.text)
    USART_SetBaudRate                        0x08004369   Thumb Code   146  bsp_uart_fifo.o(.text)
    comSetBaud                               0x080043fb   Thumb Code    30  bsp_uart_fifo.o(.text)
    RS485_InitTXE                            0x08004419   Thumb Code    46  bsp_uart_fifo.o(.text)
    RS485_SetBaud                            0x08004447   Thumb Code    14  bsp_uart_fifo.o(.text)
    RS485_SendBefor                          0x08004455   Thumb Code    10  bsp_uart_fifo.o(.text)
    RS485_SendOver                           0x0800445f   Thumb Code    10  bsp_uart_fifo.o(.text)
    RS485_SendBuf                            0x08004469   Thumb Code    18  bsp_uart_fifo.o(.text)
    RS485_SendStr                            0x0800447b   Thumb Code    22  bsp_uart_fifo.o(.text)
    RS485_ReciveNew                          0x08004491   Thumb Code     2  bsp_uart_fifo.o(.text)
    USART1_IRQHandler                        0x080045b5   Thumb Code    10  bsp_uart_fifo.o(.text)
    USART2_IRQHandler                        0x080045bf   Thumb Code    10  bsp_uart_fifo.o(.text)
    USART3_IRQHandler                        0x080045c9   Thumb Code    10  bsp_uart_fifo.o(.text)
    fputc                                    0x080045d3   Thumb Code    32  bsp_uart_fifo.o(.text)
    fgetc                                    0x080045f3   Thumb Code    26  bsp_uart_fifo.o(.text)
    Delay_us                                 0x08004625   Thumb Code    14  delay.o(.text)
    Delay_ms                                 0x08004633   Thumb Code    28  delay.o(.text)
    Soft_delay_us                            0x0800464f   Thumb Code    12  delay.o(.text)
    Soft_delay_ms                            0x0800465b   Thumb Code    12  delay.o(.text)
    delay                                    0x08004667   Thumb Code    12  delay.o(.text)
    millis                                   0x08004673   Thumb Code     4  delay.o(.text)
    RTC_Alarm_IRQHandler                     0x08004679   Thumb Code    70  rtc.o(.text)
    RTC_WKUP_IRQHandler                      0x080046bf   Thumb Code    44  rtc.o(.text)
    RtcWakeUp_ms                             0x080046eb   Thumb Code   102  rtc.o(.text)
    RtcWakeUpConfig                          0x08004751   Thumb Code    74  rtc.o(.text)
    RTC_AlartSet                             0x0800479b   Thumb Code   156  rtc.o(.text)
    RtcConfig                                0x08004837   Thumb Code   118  rtc.o(.text)
    RtcInit                                  0x080048ad   Thumb Code    64  rtc.o(.text)
    Is_Leep_Year                             0x080048ed   Thumb Code    58  rtc.o(.text)
    CorrectRtc                               0x08004927   Thumb Code   198  rtc.o(.text)
    ReadRtcTime                              0x080049ed   Thumb Code    92  rtc.o(.text)
    RTC_TimeShow                             0x08004a49   Thumb Code    42  rtc.o(.text)
    RTC_DateShow                             0x08004a73   Thumb Code   102  rtc.o(.text)
    Set_Time                                 0x08004b45   Thumb Code   120  rtc.o(.text)
    TIM2_IRQHandler                          0x08004bdd   Thumb Code   232  tim.o(.text)
    TIM_Config                               0x08004cc5   Thumb Code   102  tim.o(.text)
    BSP_EE_CheckOk                           0x08004d41   Thumb Code    28  bsp_eeprom_24xx.o(.text)
    BSP_EE_ReadBytes                         0x08004d5d   Thumb Code   154  bsp_eeprom_24xx.o(.text)
    BSP_EE_WriteBytes                        0x08004df7   Thumb Code   176  bsp_eeprom_24xx.o(.text)
    i2c_Stop                                 0x08004ec5   Thumb Code    28  bsp_i2c_gpio.o(.text)
    i2C_Reset                                0x08004ee1   Thumb Code    62  bsp_i2c_gpio.o(.text)
    bsp_InitI2C                              0x08004f1f   Thumb Code    80  bsp_i2c_gpio.o(.text)
    i2c_Start                                0x08004f6f   Thumb Code    40  bsp_i2c_gpio.o(.text)
    i2c_SendByte                             0x08004f97   Thumb Code    80  bsp_i2c_gpio.o(.text)
    i2c_ReadByte                             0x08004fe7   Thumb Code    62  bsp_i2c_gpio.o(.text)
    i2c_WaitAck                              0x08005025   Thumb Code    58  bsp_i2c_gpio.o(.text)
    i2c_Ack                                  0x0800505f   Thumb Code    44  bsp_i2c_gpio.o(.text)
    i2c_NAck                                 0x0800508b   Thumb Code    38  bsp_i2c_gpio.o(.text)
    i2c_CheckDevice                          0x080050b1   Thumb Code    56  bsp_i2c_gpio.o(.text)
    EepWr                                    0x080050ed   Thumb Code    62  app_eeprom.o(.text)
    EepRd                                    0x0800512b   Thumb Code    34  app_eeprom.o(.text)
    TestErom                                 0x0800514d   Thumb Code    86  app_eeprom.o(.text)
    CheckSum                                 0x080051a3   Thumb Code    32  app_eeprom.o(.text)
    SetZeroFlow                              0x080051c3   Thumb Code    34  app_eeprom.o(.text)
    ClearTotFlow                             0x080051e5   Thumb Code   128  app_eeprom.o(.text)
    SaveFlow                                 0x08005265   Thumb Code   126  app_eeprom.o(.text)
    ReadTotFlow1                             0x080052e3   Thumb Code   170  app_eeprom.o(.text)
    ReadTotFlow2                             0x0800538d   Thumb Code   170  app_eeprom.o(.text)
    CheckWmPara1                             0x08005437   Thumb Code    62  app_eeprom.o(.text)
    CheckWmPara2                             0x08005475   Thumb Code   160  app_eeprom.o(.text)
    SaveWMPara                               0x08005515   Thumb Code    44  app_eeprom.o(.text)
    ReadUserConfig                           0x08005541   Thumb Code   126  app_eeprom.o(.text)
    SaveTotFlow                              0x080055bf   Thumb Code    50  app_eeprom.o(.text)
    InitUserConfig                           0x080055f1   Thumb Code   154  app_eeprom.o(.text)
    NbiotSum                                 0x080056e1   Thumb Code    28  app_nbiot.o(.text)
    NB_Con_Delay_cnt                         0x080056fd   Thumb Code    26  app_nbiot.o(.text)
    TransErrCnt                              0x08005717   Thumb Code    54  app_nbiot.o(.text)
    At_SendStr                               0x0800574d   Thumb Code   104  app_nbiot.o(.text)
    NB_Reset                                 0x080057b5   Thumb Code    40  app_nbiot.o(.text)
    Nb_ResetDelay                            0x080057dd   Thumb Code    68  app_nbiot.o(.text)
    NB_AT_NSOCO                              0x08005901   Thumb Code   192  app_nbiot.o(.text)
    NB_Connect                               0x080059c1   Thumb Code   846  app_nbiot.o(.text)
    NB_SendHex                               0x08005e2d   Thumb Code    76  app_nbiot.o(.text)
    NB_DataUpload                            0x08005e79   Thumb Code   308  app_nbiot.o(.text)
    NB_Close                                 0x08005fad   Thumb Code    24  app_nbiot.o(.text)
    Asc2Hex                                  0x08006071   Thumb Code    42  app_nbrsv.o(.text)
    AscReConv                                0x0800609b   Thumb Code   228  app_nbrsv.o(.text)
    GerNbClock                               0x0800617f   Thumb Code   236  app_nbrsv.o(.text)
    GetCardImsi                              0x08006439   Thumb Code    56  app_nbrsv.o(.text)
    Nb_Data_Rec                              0x08006471   Thumb Code    48  app_nbrsv.o(.text)
    ProcNbComRec                             0x080064a1   Thumb Code    54  app_nbrsv.o(.text)
    FillFlowData                             0x080064fd   Thumb Code   250  app_rs485.o(.text)
    FillFlowTail                             0x080065f7   Thumb Code    24  app_rs485.o(.text)
    Modbus_3                                 0x0800663f   Thumb Code    74  app_rs485.o(.text)
    Flow_Data_Rec                            0x08006689   Thumb Code    70  app_rs485.o(.text)
    ProcUart3Rec                             0x080066cf   Thumb Code    56  app_rs485.o(.text)
    FlowConnect                              0x08006707   Thumb Code   178  app_rs485.o(.text)
    ProcBlueData                             0x08006a19   Thumb Code    72  app_uart1.o(.text)
    FlowRec                                  0x08006a7d   Thumb Code   220  app_mbus.o(.text)
    flow_read                                0x08006b59   Thumb Code   270  app_mbus.o(.text)
    SaveHead                                 0x08006c95   Thumb Code    24  app_record.o(.text)
    ReadRcdHead                              0x08006cad   Thumb Code    96  app_record.o(.text)
    SaveRcdHead                              0x08006d0d   Thumb Code    26  app_record.o(.text)
    SaveRecord                               0x08006d27   Thumb Code    92  app_record.o(.text)
    ReadRecord                               0x08006d83   Thumb Code    70  app_record.o(.text)
    ChgRcdHead                               0x08006dc9   Thumb Code    32  app_record.o(.text)
    ReadFlowAddr                             0x08006de9   Thumb Code   120  app_record.o(.text)
    InitFlowAddr                             0x08006e61   Thumb Code     8  app_record.o(.text)
    SaveFlowAddr                             0x08006e69   Thumb Code    72  app_record.o(.text)
    rand                                     0x08006ef1   Thumb Code    20  rand.o(.text)
    srand                                    0x08006f05   Thumb Code     6  rand.o(.text)
    __aeabi_memcpy                           0x08006f15   Thumb Code    36  memcpya.o(.text)
    __aeabi_memcpy4                          0x08006f15   Thumb Code     0  memcpya.o(.text)
    __aeabi_memcpy8                          0x08006f15   Thumb Code     0  memcpya.o(.text)
    __aeabi_memset                           0x08006f39   Thumb Code    14  memseta.o(.text)
    __aeabi_memset4                          0x08006f39   Thumb Code     0  memseta.o(.text)
    __aeabi_memset8                          0x08006f39   Thumb Code     0  memseta.o(.text)
    __aeabi_memclr                           0x08006f47   Thumb Code     4  memseta.o(.text)
    __aeabi_memclr4                          0x08006f47   Thumb Code     0  memseta.o(.text)
    __aeabi_memclr8                          0x08006f47   Thumb Code     0  memseta.o(.text)
    _memset$wrapper                          0x08006f4b   Thumb Code    18  memseta.o(.text)
    strlen                                   0x08006f5d   Thumb Code    14  strlen.o(.text)
    __aeabi_uldivmod                         0x08006f6b   Thumb Code    98  uldiv.o(.text)
    __scatterload                            0x08006fcd   Thumb Code    28  init.o(.text)
    __scatterload_rt2                        0x08006fcd   Thumb Code     0  init.o(.text)
    __aeabi_llsl                             0x08006ff1   Thumb Code    30  llshl.o(.text)
    _ll_shift_l                              0x08006ff1   Thumb Code     0  llshl.o(.text)
    __aeabi_llsr                             0x0800700f   Thumb Code    32  llushr.o(.text)
    _ll_ushift_r                             0x0800700f   Thumb Code     0  llushr.o(.text)
    __0printf$5                              0x08007031   Thumb Code    22  printf5.o(i.__0printf$5)
    __1printf$5                              0x08007031   Thumb Code     0  printf5.o(i.__0printf$5)
    __2printf                                0x08007031   Thumb Code     0  printf5.o(i.__0printf$5)
    __0sprintf$5                             0x08007051   Thumb Code    34  printf5.o(i.__0sprintf$5)
    __1sprintf$5                             0x08007051   Thumb Code     0  printf5.o(i.__0sprintf$5)
    __2sprintf                               0x08007051   Thumb Code     0  printf5.o(i.__0sprintf$5)
    __scatterload_copy                       0x08007079   Thumb Code    14  handlers.o(i.__scatterload_copy)
    __scatterload_null                       0x08007087   Thumb Code     2  handlers.o(i.__scatterload_null)
    __scatterload_zeroinit                   0x08007089   Thumb Code    14  handlers.o(i.__scatterload_zeroinit)
    LEEP_DAYCOUNT                            0x08007362   Data          12  rtc.o(.constdata)
    COMM_DAYCOUNT                            0x0800736e   Data          12  rtc.o(.constdata)
    NBACK                                    0x0800737a   Data         192  app_nbrsv.o(.constdata)
    auchCRCHi                                0x0800743a   Data         256  app_rs485.o(.constdata)
    auchCRCLo                                0x0800753a   Data         256  app_rs485.o(.constdata)
    Region$$Table$$Base                      0x0800763c   Number         0  anon$$obj.o(Region$$Table)
    Region$$Table$$Limit                     0x0800765c   Number         0  anon$$obj.o(Region$$Table)
    gu2BlueCnt                               0x20000000   Data           2  main.o(.data)
    gu2IdlCnt                                0x20000002   Data           2  main.o(.data)
    retrans_cnt                              0x20000004   Data           1  main.o(.data)
    SystemCoreClock                          0x20000020   Data           4  system_stm32l1xx.o(.data)
    PLLMulTable                              0x20000024   Data           9  system_stm32l1xx.o(.data)
    AHBPrescTable                            0x2000002d   Data          16  system_stm32l1xx.o(.data)
    gucPowPer                                0x2000003e   Data           1  bsp_adc.o(.data)
    gucRtcTime                               0x20000048   Data           6  rtc.o(.data)
    Timer                                    0x20000050   Data           4  tim.o(.data)
    SleepTimer                               0x20000054   Data           4  tim.o(.data)
    ledtimer                                 0x20000058   Data           4  tim.o(.data)
    timeout                                  0x2000005c   Data           2  tim.o(.data)
    sleeping                                 0x2000005e   Data           2  tim.o(.data)
    isEEPRomOK                               0x20000060   Data           1  app_eeprom.o(.data)
    gulNBTransRtc                            0x20000064   Data           4  app_nbiot.o(.data)
    gucCsqValue                              0x20000076   Data           1  app_nbrsv.o(.data)
    gu1NbSetFlag                             0x2000009e   Data           1  app_uart1.o(.data)
    gu1NbTrgFlag                             0x2000009f   Data           1  app_uart1.o(.data)
    __stdout                                 0x200000a4   Data           4  stdout.o(.data)
    gstuFlag                                 0x200000a8   Data          12  main.o(.bss)
    uid                                      0x200000b4   Data          12  main.o(.bss)
    gstuWmTot                                0x20000eac   Data          16  app_eeprom.o(.bss)
    gstuWmPara                               0x20000ebc   Data          17  app_eeprom.o(.bss)
    gstuNbSta                                0x200010ce   Data          22  app_nbrsv.o(.bss)
    gstuNbFlowData                           0x200010e4   Data         164  app_rs485.o(.bss)
    gstuMbusFlowData                         0x20001188   Data         258  app_rs485.o(.bss)
    gstuNbPara                               0x2000148c   Data          99  app_uart1.o(.bss)
    MbusFlow                                 0x200015ef   Data         124  app_mbus.o(.bss)
    addrcache                                0x20001775   Data          73  app_record.o(.bss)
    __initial_sp                             0x20001bc0   Data           0  startup_stm32l1xx_mdp.o(STACK)



==============================================================================

Memory Map of the image

  Image Entry point : 0x08000125

  Load Region LR_IROM1 (Base: 0x08000000, Size: 0x00007704, Max: 0x00010000, ABSOLUTE)

    Execution Region ER_IROM1 (Base: 0x08000000, Size: 0x0000765c, Max: 0x00010000, ABSOLUTE)

    Base Addr    Size         Type   Attr      Idx    E Section Name        Object

    0x08000000   0x00000124   Data   RO          231    RESET               startup_stm32l1xx_mdp.o
    0x08000124   0x00000000   Code   RO         1202  * .ARM.Collect$$$$00000000  mc_w.l(entry.o)
    0x08000124   0x00000004   Code   RO         1477    .ARM.Collect$$$$00000001  mc_w.l(entry2.o)
    0x08000128   0x00000004   Code   RO         1480    .ARM.Collect$$$$00000004  mc_w.l(entry5.o)
    0x0800012c   0x00000000   Code   RO         1482    .ARM.Collect$$$$00000008  mc_w.l(entry7b.o)
    0x0800012c   0x00000000   Code   RO         1484    .ARM.Collect$$$$0000000A  mc_w.l(entry8b.o)
    0x0800012c   0x00000008   Code   RO         1485    .ARM.Collect$$$$0000000B  mc_w.l(entry9a.o)
    0x08000134   0x00000000   Code   RO         1487    .ARM.Collect$$$$0000000D  mc_w.l(entry10a.o)
    0x08000134   0x00000000   Code   RO         1489    .ARM.Collect$$$$0000000F  mc_w.l(entry11a.o)
    0x08000134   0x00000004   Code   RO         1478    .ARM.Collect$$$$00002712  mc_w.l(entry2.o)
    0x08000138   0x000004f4   Code   RO            3    .text               main.o
    0x0800062c   0x0000001a   Code   RO          208    .text               stm32l1xx_it.o
    0x08000646   0x00000002   PAD
    0x08000648   0x00000024   Code   RO          232    .text               startup_stm32l1xx_mdp.o
    0x0800066c   0x000000e0   Code   RO          238    .text               misc.o
    0x0800074c   0x00000534   Code   RO          258    .text               stm32l1xx_adc.o
    0x08000c80   0x00000064   Code   RO          378    .text               stm32l1xx_dbgmcu.o
    0x08000ce4   0x00000118   Code   RO          418    .text               stm32l1xx_exti.o
    0x08000dfc   0x0000023c   Code   RO          478    .text               stm32l1xx_gpio.o
    0x08001038   0x00000158   Code   RO          578    .text               stm32l1xx_pwr.o
    0x08001190   0x00000490   Code   RO          598    .text               stm32l1xx_rcc.o
    0x08001620   0x00000d40   Code   RO          620    .text               stm32l1xx_rtc.o
    0x08002360   0x000002e8   Code   RO          680    .text               stm32l1xx_syscfg.o
    0x08002648   0x00000a0c   Code   RO          700    .text               stm32l1xx_tim.o
    0x08003054   0x000003f8   Code   RO          720    .text               stm32l1xx_usart.o
    0x0800344c   0x00000254   Code   RO          760    .text               system_stm32l1xx.o
    0x080036a0   0x00000554   Code   RO          786    .text               bsp.o
    0x08003bf4   0x00000180   Code   RO          814    .text               bsp_adc.o
    0x08003d74   0x000008b0   Code   RO          838    .text               bsp_uart_fifo.o
    0x08004624   0x00000052   Code   RO          863    .text               delay.o
    0x08004676   0x00000002   PAD
    0x08004678   0x00000564   Code   RO          903    .text               rtc.o
    0x08004bdc   0x00000164   Code   RO          928    .text               tim.o
    0x08004d40   0x00000166   Code   RO          959    .text               bsp_eeprom_24xx.o
    0x08004ea6   0x00000002   PAD
    0x08004ea8   0x00000244   Code   RO          990    .text               bsp_i2c_gpio.o
    0x080050ec   0x000005f4   Code   RO         1010    .text               app_eeprom.o
    0x080056e0   0x00000990   Code   RO         1037    .text               app_nbiot.o
    0x08006070   0x0000048c   Code   RO         1065    .text               app_nbrsv.o
    0x080064fc   0x00000300   Code   RO         1097    .text               app_rs485.o
    0x080067fc   0x00000280   Code   RO         1125    .text               app_uart1.o
    0x08006a7c   0x00000218   Code   RO         1152    .text               app_mbus.o
    0x08006c94   0x0000025c   Code   RO         1178    .text               app_record.o
    0x08006ef0   0x00000024   Code   RO         1205    .text               mc_w.l(rand.o)
    0x08006f14   0x00000024   Code   RO         1208    .text               mc_w.l(memcpya.o)
    0x08006f38   0x00000024   Code   RO         1210    .text               mc_w.l(memseta.o)
    0x08006f5c   0x0000000e   Code   RO         1212    .text               mc_w.l(strlen.o)
    0x08006f6a   0x00000062   Code   RO         1494    .text               mc_w.l(uldiv.o)
    0x08006fcc   0x00000024   Code   RO         1507    .text               mc_w.l(init.o)
    0x08006ff0   0x0000001e   Code   RO         1509    .text               mc_w.l(llshl.o)
    0x0800700e   0x00000020   Code   RO         1511    .text               mc_w.l(llushr.o)
    0x0800702e   0x00000002   PAD
    0x08007030   0x00000020   Code   RO         1349    i.__0printf$5       mc_w.l(printf5.o)
    0x08007050   0x00000028   Code   RO         1351    i.__0sprintf$5      mc_w.l(printf5.o)
    0x08007078   0x0000000e   Code   RO         1519    i.__scatterload_copy  mc_w.l(handlers.o)
    0x08007086   0x00000002   Code   RO         1520    i.__scatterload_null  mc_w.l(handlers.o)
    0x08007088   0x0000000e   Code   RO         1521    i.__scatterload_zeroinit  mc_w.l(handlers.o)
    0x08007096   0x00000002   PAD
    0x08007098   0x000002c0   Code   RO         1356    i._printf_core      mc_w.l(printf5.o)
    0x08007358   0x0000000a   Code   RO         1358    i._sputc            mc_w.l(printf5.o)
    0x08007362   0x00000018   Data   RO          905    .constdata          rtc.o
    0x0800737a   0x000000c0   Data   RO         1067    .constdata          app_nbrsv.o
    0x0800743a   0x00000200   Data   RO         1099    .constdata          app_rs485.o
    0x0800763a   0x00000002   PAD
    0x0800763c   0x00000020   Data   RO         1517    Region$$Table       anon$$obj.o


    Execution Region RW_IRAM1 (Base: 0x20000000, Size: 0x00001bc0, Max: 0x00002800, ABSOLUTE)

    Base Addr    Size         Type   Attr      Idx    E Section Name        Object

    0x20000000   0x00000005   Data   RW            5    .data               main.o
    0x20000005   0x00000019   Data   RW          599    .data               stm32l1xx_rcc.o
    0x2000001e   0x00000002   PAD
    0x20000020   0x0000001d   Data   RW          761    .data               system_stm32l1xx.o
    0x2000003d   0x00000001   PAD
    0x2000003e   0x0000000a   Data   RW          816    .data               bsp_adc.o
    0x20000048   0x00000006   Data   RW          906    .data               rtc.o
    0x2000004e   0x00000002   PAD
    0x20000050   0x00000010   Data   RW          929    .data               tim.o
    0x20000060   0x00000001   Data   RW         1012    .data               app_eeprom.o
    0x20000061   0x00000003   PAD
    0x20000064   0x0000000a   Data   RW         1038    .data               app_nbiot.o
    0x2000006e   0x0000000e   Data   RW         1068    .data               app_nbrsv.o
    0x2000007c   0x0000001e   Data   RW         1100    .data               app_rs485.o
    0x2000009a   0x00000006   Data   RW         1127    .data               app_uart1.o
    0x200000a0   0x00000004   Data   RW         1206    .data               mc_w.l(rand.o)
    0x200000a4   0x00000004   Data   RW         1491    .data               mc_w.l(stdout.o)
    0x200000a8   0x00000018   Zero   RW            4    .bss                main.o
    0x200000c0   0x00000010   Zero   RW          815    .bss                bsp_adc.o
    0x200000d0   0x00000c78   Zero   RW          839    .bss                bsp_uart_fifo.o
    0x20000d48   0x00000064   Zero   RW          904    .bss                rtc.o
    0x20000dac   0x00000121   Zero   RW         1011    .bss                app_eeprom.o
    0x20000ecd   0x00000001   PAD
    0x20000ece   0x00000216   Zero   RW         1066    .bss                app_nbrsv.o
    0x200010e4   0x000003a8   Zero   RW         1098    .bss                app_rs485.o
    0x2000148c   0x00000163   Zero   RW         1126    .bss                app_uart1.o
    0x200015ef   0x0000007c   Zero   RW         1153    .bss                app_mbus.o
    0x2000166b   0x00000153   Zero   RW         1179    .bss                app_record.o
    0x200017be   0x00000002   PAD
    0x200017c0   0x00000400   Zero   RW          229    STACK               startup_stm32l1xx_mdp.o


==============================================================================

Image component sizes


      Code (inc. data)   RO Data    RW Data    ZI Data      Debug   Object Name

      1524        104          0          1        289       6341   app_eeprom.o
       536         46          0          0        124       2495   app_mbus.o
      2448        440          0         10          0       5886   app_nbiot.o
      1164         44        192         14        534       4354   app_nbrsv.o
       604         64          0          0        339       3675   app_record.o
       768         68        512         30        936       4014   app_rs485.o
       640         28          0          6        355       2542   app_uart1.o
      1364         24          0          0          0       3888   bsp.o
       384         22          0         10         16       1747   bsp_adc.o
       358          0          0          0          0       2008   bsp_eeprom_24xx.o
       580          4          0          0          0       2906   bsp_i2c_gpio.o
      2224         94          0          0       3192      11885   bsp_uart_fifo.o
        82          0          0          0          0       1273   delay.o
      1268         92          0          5         24     256118   main.o
       224         20          0          0          0       1681   misc.o
      1380         82         24          6        100       4487   rtc.o
        36          8        292          0       1024        756   startup_stm32l1xx_mdp.o
      1332         20          0          0          0      10766   stm32l1xx_adc.o
       100          4          0          0          0       1220   stm32l1xx_dbgmcu.o
       280          4          0          0          0       2139   stm32l1xx_exti.o
       572         32          0          0          0       3825   stm32l1xx_gpio.o
        26          0          0          0          0       1154   stm32l1xx_it.o
       344         14          0          0          0       3924   stm32l1xx_pwr.o
      1168         40          0         25          0       9333   stm32l1xx_rcc.o
      3392         46          0          0          0      14727   stm32l1xx_rtc.o
       744          8          0          0          0       3228   stm32l1xx_syscfg.o
      2572         32          0          0          0      20528   stm32l1xx_tim.o
      1016         20          0          0          0       7548   stm32l1xx_usart.o
       596         46          0         29          0       1651   system_stm32l1xx.o
       356         22          0         16          0       1066   tim.o

    ----------------------------------------------------------------------
     28088       1428       1054        160       6936     397165   Object Totals
         0          0         32          0          0          0   (incl. Generated)
         6          0          2          8          3          0   (incl. Padding)

    ----------------------------------------------------------------------

      Code (inc. data)   RO Data    RW Data    ZI Data      Debug   Library Member Name

         0          0          0          0          0          0   entry.o
         0          0          0          0          0          0   entry10a.o
         0          0          0          0          0          0   entry11a.o
         8          4          0          0          0          0   entry2.o
         4          0          0          0          0          0   entry5.o
         0          0          0          0          0          0   entry7b.o
         0          0          0          0          0          0   entry8b.o
         8          4          0          0          0          0   entry9a.o
        30          0          0          0          0          0   handlers.o
        36          8          0          0          0         68   init.o
        30          0          0          0          0         68   llshl.o
        32          0          0          0          0         68   llushr.o
        36          0          0          0          0         68   memcpya.o
        36          0          0          0          0        108   memseta.o
       786         62          0          0          0        336   printf5.o
        36         10          0          4          0        136   rand.o
         0          0          0          4          0          0   stdout.o
        14          0          0          0          0         68   strlen.o
        98          0          0          0          0         92   uldiv.o

    ----------------------------------------------------------------------
      1158         88          0          8          0       1012   Library Totals
         4          0          0          0          0          0   (incl. Padding)

    ----------------------------------------------------------------------

      Code (inc. data)   RO Data    RW Data    ZI Data      Debug   Library Name

      1154         88          0          8          0       1012   mc_w.l

    ----------------------------------------------------------------------
      1158         88          0          8          0       1012   Library Totals

    ----------------------------------------------------------------------

==============================================================================


      Code (inc. data)   RO Data    RW Data    ZI Data      Debug   

     29246       1516       1054        168       6936     395001   Grand Totals
     29246       1516       1054        168       6936     395001   ELF Image Totals
     29246       1516       1054        168          0          0   ROM Totals

==============================================================================

    Total RO  Size (Code + RO Data)                30300 (  29.59kB)
    Total RW  Size (RW Data + ZI Data)              7104 (   6.94kB)
    Total ROM Size (Code + RO Data + RW Data)      30468 (  29.75kB)

==============================================================================

